freertos.c:215:6:vApplicationGetIdleTaskMemory	24	static
freertos.c:228:6:vApplicationGetTimerTaskMemory	24	static
freertos.c:243:6:MX_FREERTOS_Init	248	static
freertos.c:361:6:StartDefaultTask	24	static
freertos.c:409:6:Start_Ram_MSD_Task	16	static
freertos.c:428:6:delay_click_event_tmr_Callback	24	static
freertos.c:445:6:periodic_click_event_Callback	16	static
freertos.c:482:6:Buttons_Off_Callback	16	static
freertos.c:498:6:hid_entry_tmr_callback_0	16	static
freertos.c:516:6:hid_entry_tmr_callback_1	24	static
freertos.c:522:6:hid_entry_tmr_callback_2	24	static
freertos.c:527:6:hid_entry_tmr_callback_3	24	static
freertos.c:533:6:hid_entry_tmr_callback_4	24	static
freertos.c:538:6:hid_entry_tmr_callback_5	24	static
freertos.c:544:6:hid_entry_tmr_callback_6	24	static
freertos.c:549:6:hid_entry_tmr_callback_7	24	static
freertos.c:555:6:hid_entry_tmr_callback_8	24	static
freertos.c:560:6:hid_entry_tmr_callback_9	24	static
freertos.c:584:5:process_mem_key_entry	16	static
freertos.c:591:6:Start_Hid_Task	24	static
freertos.c:721:6:Start_Usb_Task	16	static
freertos.c:731:6:Start_Mouse_Task	16	static
freertos.c:990:9:init_hid	4	static
