freertos.c:219:6:vApplicationGetIdleTaskMemory	24	static
freertos.c:232:6:vApplicationGetTimerTaskMemory	24	static
freertos.c:247:6:MX_FREERTOS_Init	248	static
freertos.c:365:6:StartDefaultTask	24	static
freertos.c:413:6:Start_Ram_MSD_Task	16	static
freertos.c:432:6:delay_click_event_tmr_Callback	24	static
freertos.c:449:6:periodic_click_event_Callback	16	static
freertos.c:486:6:Buttons_Off_Callback	16	static
freertos.c:502:6:hid_entry_tmr_callback_0	16	static
freertos.c:520:6:hid_entry_tmr_callback_1	16	static
freertos.c:539:6:hid_entry_tmr_callback_2	16	static
freertos.c:557:6:hid_entry_tmr_callback_3	16	static
freertos.c:576:6:hid_entry_tmr_callback_4	16	static
freertos.c:594:6:hid_entry_tmr_callback_5	16	static
freertos.c:613:6:hid_entry_tmr_callback_6	16	static
freertos.c:631:6:hid_entry_tmr_callback_7	16	static
freertos.c:650:6:hid_entry_tmr_callback_8	16	static
freertos.c:668:6:hid_entry_tmr_callback_9	16	static
freertos.c:705:5:process_mem_key_entry	16	static
freertos.c:712:6:Start_Hid_Task	24	static
freertos.c:842:6:Start_Usb_Task	16	static
freertos.c:852:6:Start_Mouse_Task	16	static
freertos.c:1111:9:init_hid	4	static
