Archive member included to satisfy reference by file (symbol)

c:/program files (x86)/atollic/truestudio for stm32 9.3.0/armtools/bin/../lib/gcc/arm-atollic-eabi/6.3.1/../../../../arm-atollic-eabi/lib/armv7-m\libc_nano.a(lib_a-errno.o)
                              Core\Src\syscalls.o (__errno)
c:/program files (x86)/atollic/truestudio for stm32 9.3.0/armtools/bin/../lib/gcc/arm-atollic-eabi/6.3.1/../../../../arm-atollic-eabi/lib/armv7-m\libc_nano.a(lib_a-impure.o)
                              c:/program files (x86)/atollic/truestudio for stm32 9.3.0/armtools/bin/../lib/gcc/arm-atollic-eabi/6.3.1/../../../../arm-atollic-eabi/lib/armv7-m\libc_nano.a(lib_a-errno.o) (_impure_ptr)
c:/program files (x86)/atollic/truestudio for stm32 9.3.0/armtools/bin/../lib/gcc/arm-atollic-eabi/6.3.1/../../../../arm-atollic-eabi/lib/armv7-m\libc_nano.a(lib_a-init.o)
                              startup\startup_stm32f103xb.o (__libc_init_array)
c:/program files (x86)/atollic/truestudio for stm32 9.3.0/armtools/bin/../lib/gcc/arm-atollic-eabi/6.3.1/../../../../arm-atollic-eabi/lib/armv7-m\libc_nano.a(lib_a-memcpy-stub.o)
                              Middlewares\Third_Party\FreeRTOS\Source\queue.o (memcpy)
c:/program files (x86)/atollic/truestudio for stm32 9.3.0/armtools/bin/../lib/gcc/arm-atollic-eabi/6.3.1/../../../../arm-atollic-eabi/lib/armv7-m\libc_nano.a(lib_a-memset.o)
                              Core\Src\main.o (memset)
c:/program files (x86)/atollic/truestudio for stm32 9.3.0/armtools/bin/../lib/gcc/arm-atollic-eabi/6.3.1/../../../../arm-atollic-eabi/lib/armv7-m\libc_nano.a(lib_a-sprintf.o)
                              Core\Src\freertos.o (sprintf)
c:/program files (x86)/atollic/truestudio for stm32 9.3.0/armtools/bin/../lib/gcc/arm-atollic-eabi/6.3.1/../../../../arm-atollic-eabi/lib/armv7-m\libc_nano.a(lib_a-nano-svfprintf.o)
                              c:/program files (x86)/atollic/truestudio for stm32 9.3.0/armtools/bin/../lib/gcc/arm-atollic-eabi/6.3.1/../../../../arm-atollic-eabi/lib/armv7-m\libc_nano.a(lib_a-sprintf.o) (_svfprintf_r)
c:/program files (x86)/atollic/truestudio for stm32 9.3.0/armtools/bin/../lib/gcc/arm-atollic-eabi/6.3.1/../../../../arm-atollic-eabi/lib/armv7-m\libc_nano.a(lib_a-nano-vfprintf_i.o)
                              c:/program files (x86)/atollic/truestudio for stm32 9.3.0/armtools/bin/../lib/gcc/arm-atollic-eabi/6.3.1/../../../../arm-atollic-eabi/lib/armv7-m\libc_nano.a(lib_a-nano-svfprintf.o) (_printf_i)
c:/program files (x86)/atollic/truestudio for stm32 9.3.0/armtools/bin/../lib/gcc/arm-atollic-eabi/6.3.1/../../../../arm-atollic-eabi/lib/armv7-m\libc_nano.a(lib_a-memchr-stub.o)
                              c:/program files (x86)/atollic/truestudio for stm32 9.3.0/armtools/bin/../lib/gcc/arm-atollic-eabi/6.3.1/../../../../arm-atollic-eabi/lib/armv7-m\libc_nano.a(lib_a-nano-svfprintf.o) (memchr)
c:/program files (x86)/atollic/truestudio for stm32 9.3.0/armtools/bin/../lib/gcc/arm-atollic-eabi/6.3.1/../../../../arm-atollic-eabi/lib/armv7-m\libc_nano.a(lib_a-memmove.o)
                              c:/program files (x86)/atollic/truestudio for stm32 9.3.0/armtools/bin/../lib/gcc/arm-atollic-eabi/6.3.1/../../../../arm-atollic-eabi/lib/armv7-m\libc_nano.a(lib_a-nano-svfprintf.o) (memmove)
c:/program files (x86)/atollic/truestudio for stm32 9.3.0/armtools/bin/../lib/gcc/arm-atollic-eabi/6.3.1/../../../../arm-atollic-eabi/lib/armv7-m\libc_nano.a(lib_a-nano-freer.o)
                              c:/program files (x86)/atollic/truestudio for stm32 9.3.0/armtools/bin/../lib/gcc/arm-atollic-eabi/6.3.1/../../../../arm-atollic-eabi/lib/armv7-m\libc_nano.a(lib_a-nano-svfprintf.o) (_free_r)
c:/program files (x86)/atollic/truestudio for stm32 9.3.0/armtools/bin/../lib/gcc/arm-atollic-eabi/6.3.1/../../../../arm-atollic-eabi/lib/armv7-m\libc_nano.a(lib_a-nano-mallocr.o)
                              c:/program files (x86)/atollic/truestudio for stm32 9.3.0/armtools/bin/../lib/gcc/arm-atollic-eabi/6.3.1/../../../../arm-atollic-eabi/lib/armv7-m\libc_nano.a(lib_a-nano-svfprintf.o) (_malloc_r)
c:/program files (x86)/atollic/truestudio for stm32 9.3.0/armtools/bin/../lib/gcc/arm-atollic-eabi/6.3.1/../../../../arm-atollic-eabi/lib/armv7-m\libc_nano.a(lib_a-nano-reallocr.o)
                              c:/program files (x86)/atollic/truestudio for stm32 9.3.0/armtools/bin/../lib/gcc/arm-atollic-eabi/6.3.1/../../../../arm-atollic-eabi/lib/armv7-m\libc_nano.a(lib_a-nano-svfprintf.o) (_realloc_r)
c:/program files (x86)/atollic/truestudio for stm32 9.3.0/armtools/bin/../lib/gcc/arm-atollic-eabi/6.3.1/../../../../arm-atollic-eabi/lib/armv7-m\libc_nano.a(lib_a-sbrkr.o)
                              c:/program files (x86)/atollic/truestudio for stm32 9.3.0/armtools/bin/../lib/gcc/arm-atollic-eabi/6.3.1/../../../../arm-atollic-eabi/lib/armv7-m\libc_nano.a(lib_a-nano-mallocr.o) (_sbrk_r)
[...]
Memory Configuration

Name             Origin             Length             Attributes
RAM              0x20000000         0x00005000         xrw
FLASH            0x08000000         0x00010000         xr
*default*        0x00000000         0xffffffff

Linker script and memory map

LOAD c:/program files (x86)/atollic/truestudio for stm32 9.3.0/armtools/bin/../lib/gcc/arm-atollic-eabi/6.3.1/armv7-m/crti.o
LOAD c:/program files (x86)/atollic/truestudio for stm32 9.3.0/armtools/bin/../lib/gcc/arm-atollic-eabi/6.3.1/armv7-m/crtbegin.o
LOAD Core\Src\crc.o
LOAD Core\Src\freertos.o
LOAD Core\Src\gpio.o
LOAD Core\Src\hid_mouse.o
LOAD Core\Src\hid_state.o
LOAD Core\Src\main.o
LOAD Core\Src\stm32f1xx_hal_msp.o
LOAD Core\Src\stm32f1xx_hal_timebase_tim.o
LOAD Core\Src\stm32f1xx_it.o
LOAD Core\Src\syscalls.o
LOAD Core\Src\tim.o
LOAD Core\Src\usbd_storage_if.o
LOAD Core\Src\ve_module.o
LOAD Drivers\CMSIS\Device\ST\STM32F1xx\Source\Templates\system_stm32f1xx.o
LOAD Drivers\STM32F1xx_HAL_Driver\Src\stm32f1xx_hal.o
LOAD Drivers\STM32F1xx_HAL_Driver\Src\stm32f1xx_hal_cortex.o
LOAD Drivers\STM32F1xx_HAL_Driver\Src\stm32f1xx_hal_crc.o
LOAD Drivers\STM32F1xx_HAL_Driver\Src\stm32f1xx_hal_dma.o
LOAD Drivers\STM32F1xx_HAL_Driver\Src\stm32f1xx_hal_exti.o
LOAD Drivers\STM32F1xx_HAL_Driver\Src\stm32f1xx_hal_flash.o
LOAD Drivers\STM32F1xx_HAL_Driver\Src\stm32f1xx_hal_flash_ex.o
LOAD Drivers\STM32F1xx_HAL_Driver\Src\stm32f1xx_hal_gpio.o
LOAD Drivers\STM32F1xx_HAL_Driver\Src\stm32f1xx_hal_gpio_ex.o
LOAD Drivers\STM32F1xx_HAL_Driver\Src\stm32f1xx_hal_pcd.o
LOAD Drivers\STM32F1xx_HAL_Driver\Src\stm32f1xx_hal_pcd_ex.o
LOAD Drivers\STM32F1xx_HAL_Driver\Src\stm32f1xx_hal_pwr.o
LOAD Drivers\STM32F1xx_HAL_Driver\Src\stm32f1xx_hal_rcc.o
LOAD Drivers\STM32F1xx_HAL_Driver\Src\stm32f1xx_hal_rcc_ex.o
LOAD Drivers\STM32F1xx_HAL_Driver\Src\stm32f1xx_hal_tim.o
LOAD Drivers\STM32F1xx_HAL_Driver\Src\stm32f1xx_hal_tim_ex.o
LOAD Drivers\STM32F1xx_HAL_Driver\Src\stm32f1xx_ll_usb.o
LOAD FATFS\App\fatfs.o
LOAD FATFS\Target\user_diskio.o
LOAD MSC\Src\usbd_msc.o
LOAD MSC\Src\usbd_msc_bot.o
LOAD MSC\Src\usbd_msc_data.o
LOAD MSC\Src\usbd_msc_scsi.o
LOAD MSC\Src\usbd_msc_storage_template.o
LOAD Middlewares\ST\STM32_USB_Device_Library\Class\CustomHID\Src\usbd_customhid.o
LOAD Middlewares\ST\STM32_USB_Device_Library\Core\Src\usbd_core.o
LOAD Middlewares\ST\STM32_USB_Device_Library\Core\Src\usbd_ctlreq.o
LOAD Middlewares\ST\STM32_USB_Device_Library\Core\Src\usbd_ioreq.o
LOAD Middlewares\Third_Party\FatFs\src\diskio.o
LOAD Middlewares\Third_Party\FatFs\src\ff.o
LOAD Middlewares\Third_Party\FatFs\src\ff_gen_drv.o
LOAD Middlewares\Third_Party\FatFs\src\option\syscall.o
LOAD Middlewares\Third_Party\FreeRTOS\Source\CMSIS_RTOS\cmsis_os.o
LOAD Middlewares\Third_Party\FreeRTOS\Source\croutine.o
LOAD Middlewares\Third_Party\FreeRTOS\Source\event_groups.o
LOAD Middlewares\Third_Party\FreeRTOS\Source\list.o
LOAD Middlewares\Third_Party\FreeRTOS\Source\portable\GCC\ARM_CM3\port.o
LOAD Middlewares\Third_Party\FreeRTOS\Source\portable\MemMang\heap_4.o
LOAD Middlewares\Third_Party\FreeRTOS\Source\queue.o
LOAD Middlewares\Third_Party\FreeRTOS\Source\stream_buffer.o
LOAD Middlewares\Third_Party\FreeRTOS\Source\tasks.o
LOAD Middlewares\Third_Party\FreeRTOS\Source\timers.o
LOAD USB_DEVICE\App\usb_device.o
LOAD USB_DEVICE\App\usbd_custom_hid_if.o
LOAD USB_DEVICE\App\usbd_desc.o
LOAD USB_DEVICE\Target\usbd_conf.o
LOAD startup\startup_stm32f103xb.o
                0x00000080                malloc_getpagesize_P = 0x80
START GROUP
LOAD c:/program files (x86)/atollic/truestudio for stm32 9.3.0/armtools/bin/../lib/gcc/arm-atollic-eabi/6.3.1/../../../../arm-atollic-eabi/lib/armv7-m\libc_nano.a
LOAD c:/program files (x86)/atollic/truestudio for stm32 9.3.0/armtools/bin/../lib/gcc/arm-atollic-eabi/6.3.1/../../../../arm-atollic-eabi/lib/armv7-m\libm.a
END GROUP
START GROUP
LOAD c:/program files (x86)/atollic/truestudio for stm32 9.3.0/armtools/bin/../lib/gcc/arm-atollic-eabi/6.3.1/armv7-m\libgcc.a
LOAD c:/program files (x86)/atollic/truestudio for stm32 9.3.0/armtools/bin/../lib/gcc/arm-atollic-eabi/6.3.1/../../../../arm-atollic-eabi/lib/armv7-m\libc_nano.a
END GROUP
START GROUP
LOAD c:/program files (x86)/atollic/truestudio for stm32 9.3.0/armtools/bin/../lib/gcc/arm-atollic-eabi/6.3.1/armv7-m\libgcc.a
LOAD c:/program files (x86)/atollic/truestudio for stm32 9.3.0/armtools/bin/../lib/gcc/arm-atollic-eabi/6.3.1/../../../../arm-atollic-eabi/lib/armv7-m\libc_nano.a
LOAD c:/program files (x86)/atollic/truestudio for stm32 9.3.0/armtools/bin/../lib/gcc/arm-atollic-eabi/6.3.1/../../../../arm-atollic-eabi/lib/armv7-m\libnosys.a
END GROUP
START GROUP
LOAD c:/program files (x86)/atollic/truestudio for stm32 9.3.0/armtools/bin/../lib/gcc/arm-atollic-eabi/6.3.1/armv7-m\libgcc.a
LOAD c:/program files (x86)/atollic/truestudio for stm32 9.3.0/armtools/bin/../lib/gcc/arm-atollic-eabi/6.3.1/../../../../arm-atollic-eabi/lib/armv7-m\libc_nano.a
LOAD c:/program files (x86)/atollic/truestudio for stm32 9.3.0/armtools/bin/../lib/gcc/arm-atollic-eabi/6.3.1/../../../../arm-atollic-eabi/lib/armv7-m\libnosys.a
END GROUP
LOAD c:/program files (x86)/atollic/truestudio for stm32 9.3.0/armtools/bin/../lib/gcc/arm-atollic-eabi/6.3.1/armv7-m/crtend.o
LOAD c:/program files (x86)/atollic/truestudio for stm32 9.3.0/armtools/bin/../lib/gcc/arm-atollic-eabi/6.3.1/armv7-m/crtn.o
                0x20005000                _estack = 0x20005000
                0x00000200                _Min_Heap_Size = 0x200
                0x00000400                _Min_Stack_Size = 0x400

.isr_vector     0x08000000      0x10c
                0x08000000                . = ALIGN (0x4)
 *(.isr_vector)
 .isr_vector    0x08000000      0x10c startup\startup_stm32f103xb.o
                0x08000000                g_pfnVectors
                0x0800010c                . = ALIGN (0x4)

.text           0x08000110     0xcd2c
                0x08000110                . = ALIGN (0x4)
 *(.text)
 .text          0x08000110       0x40 c:/program files (x86)/atollic/truestudio for stm32 9.3.0/armtools/bin/../lib/gcc/arm-atollic-eabi/6.3.1/armv7-m/crtbegin.o
 *(.text*)
 .text.MX_CRC_Init
                0x08000150       0x28 Core\Src\crc.o
                0x08000150                MX_CRC_Init
 .text.HAL_CRC_MspInit
                0x08000178       0x3c Core\Src\crc.o
                0x08000178                HAL_CRC_MspInit
 .text.vApplicationGetIdleTaskMemory
                0x080001b4       0x30 Core\Src\freertos.o
                0x080001b4                vApplicationGetIdleTaskMemory
 .text.vApplicationGetTimerTaskMemory
                0x080001e4       0x34 Core\Src\freertos.o
                0x080001e4                vApplicationGetTimerTaskMemory
 .text.MX_FREERTOS_Init
                0x08000218      0x234 Core\Src\freertos.o
                0x08000218                MX_FREERTOS_Init
 .text.StartDefaultTask
                0x0800044c       0x34 Core\Src\freertos.o
                0x0800044c                StartDefaultTask
 .text.Start_Ram_MSD_Task
                0x08000480       0x10 Core\Src\freertos.o
                0x08000480                Start_Ram_MSD_Task
 .text.delay_click_event_tmr_Callback
                0x08000490       0x48 Core\Src\freertos.o
                0x08000490                delay_click_event_tmr_Callback
 .text.periodic_click_event_Callback
                0x080004d8       0x70 Core\Src\freertos.o
                0x080004d8                periodic_click_event_Callback
 .text.Buttons_Off_Callback
                0x08000548       0x28 Core\Src\freertos.o
                0x08000548                Buttons_Off_Callback
 .text.hid_entry_tmr_callback_0
                0x08000570       0x44 Core\Src\freertos.o
                0x08000570                hid_entry_tmr_callback_0
 .text.hid_entry_tmr_callback_1
                0x080005b4       0x44 Core\Src\freertos.o
                0x080005b4                hid_entry_tmr_callback_1
 .text.hid_entry_tmr_callback_2
                0x080005f8       0x44 Core\Src\freertos.o
                0x080005f8                hid_entry_tmr_callback_2
 .text.hid_entry_tmr_callback_3
                0x0800063c       0x44 Core\Src\freertos.o
                0x0800063c                hid_entry_tmr_callback_3
 .text.hid_entry_tmr_callback_4
                0x08000680       0x44 Core\Src\freertos.o
                0x08000680                hid_entry_tmr_callback_4
 .text.hid_entry_tmr_callback_5
                0x080006c4       0x44 Core\Src\freertos.o
                0x080006c4                hid_entry_tmr_callback_5
 .text.hid_entry_tmr_callback_6
                0x08000708       0x44 Core\Src\freertos.o
                0x08000708                hid_entry_tmr_callback_6
 .text.hid_entry_tmr_callback_7
                0x0800074c       0x44 Core\Src\freertos.o
                0x0800074c                hid_entry_tmr_callback_7
 .text.hid_entry_tmr_callback_8
                0x08000790       0x44 Core\Src\freertos.o
                0x08000790                hid_entry_tmr_callback_8
 .text.hid_entry_tmr_callback_9
                0x080007d4       0x44 Core\Src\freertos.o
                0x080007d4                hid_entry_tmr_callback_9
 .text.Start_Hid_Task
                0x08000818       0x48 Core\Src\freertos.o
                0x08000818                Start_Hid_Task
 .text.Start_Usb_Task
                0x08000860       0x16 Core\Src\freertos.o
                0x08000860                Start_Usb_Task
 .text.Start_Mouse_Task
                0x08000876       0x16 Core\Src\freertos.o
                0x08000876                Start_Mouse_Task
 .text.init_hid
                0x0800088c       0x24 Core\Src\freertos.o
                0x0800088c                init_hid
 .text.MX_GPIO_Init
                0x080008b0       0x84 Core\Src\gpio.o
                0x080008b0                MX_GPIO_Init
 .text.main     0x08000934       0x26 Core\Src\main.o
                0x08000934                main
 .text.SystemClock_Config
                0x0800095a       0xb6 Core\Src\main.o
                0x0800095a                SystemClock_Config
 .text.HAL_TIM_PeriodElapsedCallback
                0x08000a10       0x24 Core\Src\main.o
                0x08000a10                HAL_TIM_PeriodElapsedCallback
 .text.Error_Handler
                0x08000a34        0x8 Core\Src\main.o
                0x08000a34                Error_Handler
 .text.HAL_MspInit
                0x08000a3c       0x70 Core\Src\stm32f1xx_hal_msp.o
                0x08000a3c                HAL_MspInit
 .text.HAL_InitTick
                0x08000aac       0xb0 Core\Src\stm32f1xx_hal_timebase_tim.o
                0x08000aac                HAL_InitTick
 .text.NMI_Handler
                0x08000b5c        0x6 Core\Src\stm32f1xx_it.o
                0x08000b5c                NMI_Handler
 .text.HardFault_Handler
                0x08000b62        0x6 Core\Src\stm32f1xx_it.o
                0x08000b62                HardFault_Handler
 .text.MemManage_Handler
                0x08000b68        0x6 Core\Src\stm32f1xx_it.o
                0x08000b68                MemManage_Handler
 .text.BusFault_Handler
                0x08000b6e        0x6 Core\Src\stm32f1xx_it.o
                0x08000b6e                BusFault_Handler
 .text.UsageFault_Handler
                0x08000b74        0x6 Core\Src\stm32f1xx_it.o
                0x08000b74                UsageFault_Handler
 .text.DebugMon_Handler
                0x08000b7a        0xc Core\Src\stm32f1xx_it.o
                0x08000b7a                DebugMon_Handler
 *fill*         0x08000b86        0x2 
 .text.USB_LP_CAN1_RX0_IRQHandler
                0x08000b88       0x14 Core\Src\stm32f1xx_it.o
                0x08000b88                USB_LP_CAN1_RX0_IRQHandler
 .text.TIM4_IRQHandler
                0x08000b9c       0x14 Core\Src\stm32f1xx_it.o
                0x08000b9c                TIM4_IRQHandler
 .text._sbrk    0x08000bb0       0x58 Core\Src\syscalls.o
                0x08000bb0                _sbrk
 .text.MX_TIM1_Init
                0x08000c08       0xa0 Core\Src\tim.o
                0x08000c08                MX_TIM1_Init
 .text.HAL_TIM_Base_MspInit
                0x08000ca8       0x3c Core\Src\tim.o
                0x08000ca8                HAL_TIM_Base_MspInit
 .text.STORAGE_Init_FS
                0x08000ce4       0x16 Core\Src\usbd_storage_if.o
 .text.STORAGE_GetCapacity_FS
                0x08000cfa       0x28 Core\Src\usbd_storage_if.o
 .text.STORAGE_IsReady_FS
                0x08000d22       0x16 Core\Src\usbd_storage_if.o
 .text.STORAGE_IsWriteProtected_FS
                0x08000d38       0x16 Core\Src\usbd_storage_if.o
 *fill*         0x08000d4e        0x2 
 .text.STORAGE_Read_FS
                0x08000d50       0x64 Core\Src\usbd_storage_if.o
 .text.STORAGE_Write_FS
                0x08000db4       0x6c Core\Src\usbd_storage_if.o
 .text.STORAGE_GetMaxLun_FS
                0x08000e20        0xe Core\Src\usbd_storage_if.o
 *fill*         0x08000e2e        0x2 
 .text.eof_check
                0x08000e30       0x90 Core\Src\usbd_storage_if.o
 .text.SystemInit
                0x08000ec0        0xc Drivers\CMSIS\Device\ST\STM32F1xx\Source\Templates\system_stm32f1xx.o
                0x08000ec0                SystemInit
 .text.HAL_Init
                0x08000ecc       0x2c Drivers\STM32F1xx_HAL_Driver\Src\stm32f1xx_hal.o
                0x08000ecc                HAL_Init
 .text.HAL_IncTick
                0x08000ef8       0x24 Drivers\STM32F1xx_HAL_Driver\Src\stm32f1xx_hal.o
                0x08000ef8                HAL_IncTick
 .text.HAL_GetTick
                0x08000f1c       0x14 Drivers\STM32F1xx_HAL_Driver\Src\stm32f1xx_hal.o
                0x08000f1c                HAL_GetTick
 .text.__NVIC_SetPriorityGrouping
                0x08000f30       0x48 Drivers\STM32F1xx_HAL_Driver\Src\stm32f1xx_hal_cortex.o
 .text.__NVIC_GetPriorityGrouping
                0x08000f78       0x1c Drivers\STM32F1xx_HAL_Driver\Src\stm32f1xx_hal_cortex.o
 .text.__NVIC_EnableIRQ
                0x08000f94       0x38 Drivers\STM32F1xx_HAL_Driver\Src\stm32f1xx_hal_cortex.o
 .text.__NVIC_SetPriority
                0x08000fcc       0x54 Drivers\STM32F1xx_HAL_Driver\Src\stm32f1xx_hal_cortex.o
 .text.NVIC_EncodePriority
                0x08001020       0x60 Drivers\STM32F1xx_HAL_Driver\Src\stm32f1xx_hal_cortex.o
 .text.HAL_NVIC_SetPriorityGrouping
                0x08001080       0x16 Drivers\STM32F1xx_HAL_Driver\Src\stm32f1xx_hal_cortex.o
                0x08001080                HAL_NVIC_SetPriorityGrouping
 .text.HAL_NVIC_SetPriority
                0x08001096       0x38 Drivers\STM32F1xx_HAL_Driver\Src\stm32f1xx_hal_cortex.o
                0x08001096                HAL_NVIC_SetPriority
 .text.HAL_NVIC_EnableIRQ
                0x080010ce       0x1c Drivers\STM32F1xx_HAL_Driver\Src\stm32f1xx_hal_cortex.o
                0x080010ce                HAL_NVIC_EnableIRQ
 .text.HAL_CRC_Init
                0x080010ea       0x38 Drivers\STM32F1xx_HAL_Driver\Src\stm32f1xx_hal_crc.o
                0x080010ea                HAL_CRC_Init
 *fill*         0x08001122        0x2 
 .text.HAL_GPIO_Init
                0x08001124      0x2b4 Drivers\STM32F1xx_HAL_Driver\Src\stm32f1xx_hal_gpio.o
                0x08001124                HAL_GPIO_Init
 .text.HAL_PCD_Init
                0x080013d8      0x216 Drivers\STM32F1xx_HAL_Driver\Src\stm32f1xx_hal_pcd.o
                0x080013d8                HAL_PCD_Init
 .text.HAL_PCD_Start
                0x080015ee       0x4c Drivers\STM32F1xx_HAL_Driver\Src\stm32f1xx_hal_pcd.o
                0x080015ee                HAL_PCD_Start
 .text.HAL_PCD_IRQHandler
                0x0800163a      0x2aa Drivers\STM32F1xx_HAL_Driver\Src\stm32f1xx_hal_pcd.o
                0x0800163a                HAL_PCD_IRQHandler
 .text.HAL_PCD_SetAddress
                0x080018e4       0x4a Drivers\STM32F1xx_HAL_Driver\Src\stm32f1xx_hal_pcd.o
                0x080018e4                HAL_PCD_SetAddress
 .text.HAL_PCD_EP_Open
                0x0800192e       0xcc Drivers\STM32F1xx_HAL_Driver\Src\stm32f1xx_hal_pcd.o
                0x0800192e                HAL_PCD_EP_Open
 .text.HAL_PCD_EP_Close
                0x080019fa       0x90 Drivers\STM32F1xx_HAL_Driver\Src\stm32f1xx_hal_pcd.o
                0x080019fa                HAL_PCD_EP_Close
 .text.HAL_PCD_EP_Receive
                0x08001a8a       0x7a Drivers\STM32F1xx_HAL_Driver\Src\stm32f1xx_hal_pcd.o
                0x08001a8a                HAL_PCD_EP_Receive
 .text.HAL_PCD_EP_GetRxCount
                0x08001b04       0x2e Drivers\STM32F1xx_HAL_Driver\Src\stm32f1xx_hal_pcd.o
                0x08001b04                HAL_PCD_EP_GetRxCount
 .text.HAL_PCD_EP_Transmit
                0x08001b32       0x86 Drivers\STM32F1xx_HAL_Driver\Src\stm32f1xx_hal_pcd.o
                0x08001b32                HAL_PCD_EP_Transmit
 .text.HAL_PCD_EP_SetStall
                0x08001bb8       0xc0 Drivers\STM32F1xx_HAL_Driver\Src\stm32f1xx_hal_pcd.o
                0x08001bb8                HAL_PCD_EP_SetStall
 .text.HAL_PCD_EP_ClrStall
                0x08001c78       0xa8 Drivers\STM32F1xx_HAL_Driver\Src\stm32f1xx_hal_pcd.o
                0x08001c78                HAL_PCD_EP_ClrStall
 .text.HAL_PCD_EP_Flush
                0x08001d20       0x5a Drivers\STM32F1xx_HAL_Driver\Src\stm32f1xx_hal_pcd.o
                0x08001d20                HAL_PCD_EP_Flush
 .text.PCD_EP_ISR_Handler
                0x08001d7a      0x600 Drivers\STM32F1xx_HAL_Driver\Src\stm32f1xx_hal_pcd.o
 .text.HAL_PCD_EP_DB_Receive
                0x0800237a      0x21a Drivers\STM32F1xx_HAL_Driver\Src\stm32f1xx_hal_pcd.o
 .text.HAL_PCD_EP_DB_Transmit
                0x08002594      0x7de Drivers\STM32F1xx_HAL_Driver\Src\stm32f1xx_hal_pcd.o
 .text.HAL_PCDEx_PMAConfig
                0x08002d72       0x84 Drivers\STM32F1xx_HAL_Driver\Src\stm32f1xx_hal_pcd_ex.o
                0x08002d72                HAL_PCDEx_PMAConfig
 *fill*         0x08002df6        0x2 
 .text.HAL_RCC_OscConfig
                0x08002df8      0x500 Drivers\STM32F1xx_HAL_Driver\Src\stm32f1xx_hal_rcc.o
                0x08002df8                HAL_RCC_OscConfig
 .text.HAL_RCC_ClockConfig
                0x080032f8      0x1d4 Drivers\STM32F1xx_HAL_Driver\Src\stm32f1xx_hal_rcc.o
                0x080032f8                HAL_RCC_ClockConfig
 .text.HAL_RCC_GetSysClockFreq
                0x080034cc       0xc4 Drivers\STM32F1xx_HAL_Driver\Src\stm32f1xx_hal_rcc.o
                0x080034cc                HAL_RCC_GetSysClockFreq
 .text.HAL_RCC_GetHCLKFreq
                0x08003590       0x14 Drivers\STM32F1xx_HAL_Driver\Src\stm32f1xx_hal_rcc.o
                0x08003590                HAL_RCC_GetHCLKFreq
 .text.HAL_RCC_GetPCLK1Freq
                0x080035a4       0x28 Drivers\STM32F1xx_HAL_Driver\Src\stm32f1xx_hal_rcc.o
                0x080035a4                HAL_RCC_GetPCLK1Freq
 .text.HAL_RCC_GetClockConfig
                0x080035cc       0x60 Drivers\STM32F1xx_HAL_Driver\Src\stm32f1xx_hal_rcc.o
                0x080035cc                HAL_RCC_GetClockConfig
 .text.RCC_Delay
                0x0800362c       0x3c Drivers\STM32F1xx_HAL_Driver\Src\stm32f1xx_hal_rcc.o
 .text.HAL_RCCEx_PeriphCLKConfig
                0x08003668      0x16c Drivers\STM32F1xx_HAL_Driver\Src\stm32f1xx_hal_rcc_ex.o
                0x08003668                HAL_RCCEx_PeriphCLKConfig
 .text.HAL_TIM_Base_Init
                0x080037d4       0x9e Drivers\STM32F1xx_HAL_Driver\Src\stm32f1xx_hal_tim.o
                0x080037d4                HAL_TIM_Base_Init
 *fill*         0x08003872        0x2 
 .text.HAL_TIM_Base_Start_IT
                0x08003874       0xa4 Drivers\STM32F1xx_HAL_Driver\Src\stm32f1xx_hal_tim.o
                0x08003874                HAL_TIM_Base_Start_IT
 .text.HAL_TIM_IRQHandler
                0x08003918      0x210 Drivers\STM32F1xx_HAL_Driver\Src\stm32f1xx_hal_tim.o
                0x08003918                HAL_TIM_IRQHandler
 .text.HAL_TIM_ConfigClockSource
                0x08003b28      0x16e Drivers\STM32F1xx_HAL_Driver\Src\stm32f1xx_hal_tim.o
                0x08003b28                HAL_TIM_ConfigClockSource
 .text.HAL_TIM_OC_DelayElapsedCallback
                0x08003c96       0x12 Drivers\STM32F1xx_HAL_Driver\Src\stm32f1xx_hal_tim.o
                0x08003c96                HAL_TIM_OC_DelayElapsedCallback
 .text.HAL_TIM_IC_CaptureCallback
                0x08003ca8       0x12 Drivers\STM32F1xx_HAL_Driver\Src\stm32f1xx_hal_tim.o
                0x08003ca8                HAL_TIM_IC_CaptureCallback
 .text.HAL_TIM_PWM_PulseFinishedCallback
                0x08003cba       0x12 Drivers\STM32F1xx_HAL_Driver\Src\stm32f1xx_hal_tim.o
                0x08003cba                HAL_TIM_PWM_PulseFinishedCallback
 .text.HAL_TIM_TriggerCallback
                0x08003ccc       0x12 Drivers\STM32F1xx_HAL_Driver\Src\stm32f1xx_hal_tim.o
                0x08003ccc                HAL_TIM_TriggerCallback
 *fill*         0x08003cde        0x2 
 .text.TIM_Base_SetConfig
                0x08003ce0       0xc4 Drivers\STM32F1xx_HAL_Driver\Src\stm32f1xx_hal_tim.o
                0x08003ce0                TIM_Base_SetConfig
 .text.TIM_TI1_ConfigInputStage
                0x08003da4       0x5c Drivers\STM32F1xx_HAL_Driver\Src\stm32f1xx_hal_tim.o
 .text.TIM_TI2_ConfigInputStage
                0x08003e00       0x5e Drivers\STM32F1xx_HAL_Driver\Src\stm32f1xx_hal_tim.o
 .text.TIM_ITRx_SetConfig
                0x08003e5e       0x34 Drivers\STM32F1xx_HAL_Driver\Src\stm32f1xx_hal_tim.o
 .text.TIM_ETR_SetConfig
                0x08003e92       0x3e Drivers\STM32F1xx_HAL_Driver\Src\stm32f1xx_hal_tim.o
                0x08003e92                TIM_ETR_SetConfig
 .text.HAL_TIMEx_MasterConfigSynchronization
                0x08003ed0       0xbc Drivers\STM32F1xx_HAL_Driver\Src\stm32f1xx_hal_tim_ex.o
                0x08003ed0                HAL_TIMEx_MasterConfigSynchronization
 .text.HAL_TIMEx_CommutCallback
                0x08003f8c       0x12 Drivers\STM32F1xx_HAL_Driver\Src\stm32f1xx_hal_tim_ex.o
                0x08003f8c                HAL_TIMEx_CommutCallback
 .text.HAL_TIMEx_BreakCallback
                0x08003f9e       0x12 Drivers\STM32F1xx_HAL_Driver\Src\stm32f1xx_hal_tim_ex.o
                0x08003f9e                HAL_TIMEx_BreakCallback
 .text.USB_CoreInit
                0x08003fb0       0x20 Drivers\STM32F1xx_HAL_Driver\Src\stm32f1xx_ll_usb.o
                0x08003fb0                USB_CoreInit
 .text.USB_EnableGlobalInt
                0x08003fd0       0x2c Drivers\STM32F1xx_HAL_Driver\Src\stm32f1xx_ll_usb.o
                0x08003fd0                USB_EnableGlobalInt
 .text.USB_DisableGlobalInt
                0x08003ffc       0x34 Drivers\STM32F1xx_HAL_Driver\Src\stm32f1xx_ll_usb.o
                0x08003ffc                USB_DisableGlobalInt
 .text.USB_SetCurrentMode
                0x08004030       0x18 Drivers\STM32F1xx_HAL_Driver\Src\stm32f1xx_ll_usb.o
                0x08004030                USB_SetCurrentMode
 .text.USB_DevInit
                0x08004048       0x40 Drivers\STM32F1xx_HAL_Driver\Src\stm32f1xx_ll_usb.o
                0x08004048                USB_DevInit
 .text.USB_FlushTxFifo
                0x08004088       0x16 Drivers\STM32F1xx_HAL_Driver\Src\stm32f1xx_ll_usb.o
                0x08004088                USB_FlushTxFifo
 .text.USB_FlushRxFifo
                0x0800409e       0x14 Drivers\STM32F1xx_HAL_Driver\Src\stm32f1xx_ll_usb.o
                0x0800409e                USB_FlushRxFifo
 *fill*         0x080040b2        0x2 
 .text.USB_ActivateEndpoint
                0x080040b4      0x6c8 Drivers\STM32F1xx_HAL_Driver\Src\stm32f1xx_ll_usb.o
                0x080040b4                USB_ActivateEndpoint
 .text.USB_DeactivateEndpoint
                0x0800477c      0x3d8 Drivers\STM32F1xx_HAL_Driver\Src\stm32f1xx_ll_usb.o
                0x0800477c                USB_DeactivateEndpoint
 .text.USB_EPStartXfer
                0x08004b54     0x160e Drivers\STM32F1xx_HAL_Driver\Src\stm32f1xx_ll_usb.o
                0x08004b54                USB_EPStartXfer
 .text.USB_EPSetStall
                0x08006162       0xa0 Drivers\STM32F1xx_HAL_Driver\Src\stm32f1xx_ll_usb.o
                0x08006162                USB_EPSetStall
 .text.USB_EPClearStall
                0x08006202      0x15a Drivers\STM32F1xx_HAL_Driver\Src\stm32f1xx_ll_usb.o
                0x08006202                USB_EPClearStall
 .text.USB_SetDevAddress
                0x0800635c       0x26 Drivers\STM32F1xx_HAL_Driver\Src\stm32f1xx_ll_usb.o
                0x0800635c                USB_SetDevAddress
 .text.USB_DevConnect
                0x08006382       0x14 Drivers\STM32F1xx_HAL_Driver\Src\stm32f1xx_ll_usb.o
                0x08006382                USB_DevConnect
 .text.USB_DevDisconnect
                0x08006396       0x14 Drivers\STM32F1xx_HAL_Driver\Src\stm32f1xx_ll_usb.o
                0x08006396                USB_DevDisconnect
 .text.USB_ReadInterrupts
                0x080063aa       0x1e Drivers\STM32F1xx_HAL_Driver\Src\stm32f1xx_ll_usb.o
                0x080063aa                USB_ReadInterrupts
 .text.USB_EP0_OutStart
                0x080063c8       0x16 Drivers\STM32F1xx_HAL_Driver\Src\stm32f1xx_ll_usb.o
                0x080063c8                USB_EP0_OutStart
 .text.USB_WritePMA
                0x080063de       0x88 Drivers\STM32F1xx_HAL_Driver\Src\stm32f1xx_ll_usb.o
                0x080063de                USB_WritePMA
 .text.USB_ReadPMA
                0x08006466       0x9e Drivers\STM32F1xx_HAL_Driver\Src\stm32f1xx_ll_usb.o
                0x08006466                USB_ReadPMA
 .text.MX_FATFS_Init
                0x08006504       0x24 FATFS\App\fatfs.o
                0x08006504                MX_FATFS_Init
 .text.USER_initialize
                0x08006528       0x24 FATFS\Target\user_diskio.o
                0x08006528                USER_initialize
 .text.USER_status
                0x0800654c       0x24 FATFS\Target\user_diskio.o
                0x0800654c                USER_status
 .text.USER_read
                0x08006570       0x1c FATFS\Target\user_diskio.o
                0x08006570                USER_read
 .text.USER_write
                0x0800658c       0x1c FATFS\Target\user_diskio.o
                0x0800658c                USER_write
 .text.USER_ioctl
                0x080065a8       0x20 FATFS\Target\user_diskio.o
                0x080065a8                USER_ioctl
 .text.USBD_MSC_Init
                0x080065c8       0x94 MSC\Src\usbd_msc.o
                0x080065c8                USBD_MSC_Init
 .text.USBD_MSC_DeInit
                0x0800665c       0x58 MSC\Src\usbd_msc.o
                0x0800665c                USBD_MSC_DeInit
 .text.USBD_MSC_Setup
                0x080066b4      0x26c MSC\Src\usbd_msc.o
                0x080066b4                USBD_MSC_Setup
 .text.USBD_MSC_DataIn
                0x08006920       0x20 MSC\Src\usbd_msc.o
                0x08006920                USBD_MSC_DataIn
 .text.USBD_MSC_DataOut
                0x08006940       0x20 MSC\Src\usbd_msc.o
                0x08006940                USBD_MSC_DataOut
 .text.USBD_MSC_GetHSCfgDesc
                0x08006960       0x20 MSC\Src\usbd_msc.o
                0x08006960                USBD_MSC_GetHSCfgDesc
 .text.USBD_MSC_GetFSCfgDesc
                0x08006980       0x20 MSC\Src\usbd_msc.o
                0x08006980                USBD_MSC_GetFSCfgDesc
 .text.USBD_MSC_GetOtherSpeedCfgDesc
                0x080069a0       0x20 MSC\Src\usbd_msc.o
                0x080069a0                USBD_MSC_GetOtherSpeedCfgDesc
 .text.USBD_MSC_GetDeviceQualifierDescriptor
                0x080069c0       0x20 MSC\Src\usbd_msc.o
                0x080069c0                USBD_MSC_GetDeviceQualifierDescriptor
 .text.USBD_MSC_RegisterStorage
                0x080069e0       0x24 MSC\Src\usbd_msc.o
                0x080069e0                USBD_MSC_RegisterStorage
 .text.MSC_BOT_Init
                0x08006a04       0x60 MSC\Src\usbd_msc_bot.o
                0x08006a04                MSC_BOT_Init
 .text.MSC_BOT_Reset
                0x08006a64       0x34 MSC\Src\usbd_msc_bot.o
                0x08006a64                MSC_BOT_Reset
 .text.MSC_BOT_DeInit
                0x08006a98       0x20 MSC\Src\usbd_msc_bot.o
                0x08006a98                MSC_BOT_DeInit
 .text.MSC_BOT_DataIn
                0x08006ab8       0x62 MSC\Src\usbd_msc_bot.o
                0x08006ab8                MSC_BOT_DataIn
 .text.MSC_BOT_DataOut
                0x08006b1a       0x56 MSC\Src\usbd_msc_bot.o
                0x08006b1a                MSC_BOT_DataOut
 .text.MSC_BOT_CBW_Decode
                0x08006b70      0x10c MSC\Src\usbd_msc_bot.o
 .text.MSC_BOT_SendData
                0x08006c7c       0x62 MSC\Src\usbd_msc_bot.o
 *fill*         0x08006cde        0x2 
 .text.MSC_BOT_SendCSW
                0x08006ce0       0x58 MSC\Src\usbd_msc_bot.o
                0x08006ce0                MSC_BOT_SendCSW
 .text.MSC_BOT_Abort
                0x08006d38       0x5c MSC\Src\usbd_msc_bot.o
 .text.MSC_BOT_CplClrFeature
                0x08006d94       0x4e MSC\Src\usbd_msc_bot.o
                0x08006d94                MSC_BOT_CplClrFeature
 *fill*         0x08006de2        0x2 
 .text.SCSI_ProcessCmd
                0x08006de4      0x250 MSC\Src\usbd_msc_scsi.o
                0x08006de4                SCSI_ProcessCmd
 .text.SCSI_TestUnitReady
                0x08007034       0x72 MSC\Src\usbd_msc_scsi.o
 *fill*         0x080070a6        0x2 
 .text.SCSI_Inquiry
                0x080070a8       0xbc MSC\Src\usbd_msc_scsi.o
 .text.SCSI_ReadCapacity10
                0x08007164       0xce MSC\Src\usbd_msc_scsi.o
 .text.SCSI_ReadFormatCapacity
                0x08007232       0xc8 MSC\Src\usbd_msc_scsi.o
 *fill*         0x080072fa        0x2 
 .text.SCSI_ModeSense6
                0x080072fc       0x50 MSC\Src\usbd_msc_scsi.o
 .text.SCSI_ModeSense10
                0x0800734c       0x50 MSC\Src\usbd_msc_scsi.o
 .text.SCSI_RequestSense
                0x0800739c       0xd4 MSC\Src\usbd_msc_scsi.o
 .text.SCSI_SenseCode
                0x08007470       0x72 MSC\Src\usbd_msc_scsi.o
                0x08007470                SCSI_SenseCode
 .text.SCSI_StartStopUnit
                0x080074e2       0x28 MSC\Src\usbd_msc_scsi.o
 .text.SCSI_Read10
                0x0800750a      0x118 MSC\Src\usbd_msc_scsi.o
 .text.SCSI_Write10
                0x08007622      0x160 MSC\Src\usbd_msc_scsi.o
 .text.SCSI_Verify10
                0x08007782       0x66 MSC\Src\usbd_msc_scsi.o
 .text.SCSI_CheckAddressRange
                0x080077e8       0x44 MSC\Src\usbd_msc_scsi.o
 .text.SCSI_ProcessRead
                0x0800782c       0xe8 MSC\Src\usbd_msc_scsi.o
 .text.SCSI_ProcessWrite
                0x08007914      0x108 MSC\Src\usbd_msc_scsi.o
 .text.USBD_CUSTOM_HID_Init
                0x08007a1c       0x82 Middlewares\ST\STM32_USB_Device_Library\Class\CustomHID\Src\usbd_customhid.o
 .text.USBD_CUSTOM_HID_DeInit
                0x08007a9e       0x5c Middlewares\ST\STM32_USB_Device_Library\Class\CustomHID\Src\usbd_customhid.o
 *fill*         0x08007afa        0x2 
 .text.USBD_CUSTOM_HID_Setup
                0x08007afc      0x200 Middlewares\ST\STM32_USB_Device_Library\Class\CustomHID\Src\usbd_customhid.o
 .text.USBD_CUSTOM_HID_SendReport
                0x08007cfc       0x4a Middlewares\ST\STM32_USB_Device_Library\Class\CustomHID\Src\usbd_customhid.o
                0x08007cfc                USBD_CUSTOM_HID_SendReport
 *fill*         0x08007d46        0x2 
 .text.USBD_CUSTOM_HID_GetFSCfgDesc
                0x08007d48       0x20 Middlewares\ST\STM32_USB_Device_Library\Class\CustomHID\Src\usbd_customhid.o
 .text.USBD_CUSTOM_HID_GetHSCfgDesc
                0x08007d68       0x20 Middlewares\ST\STM32_USB_Device_Library\Class\CustomHID\Src\usbd_customhid.o
 .text.USBD_CUSTOM_HID_GetOtherSpeedCfgDesc
                0x08007d88       0x20 Middlewares\ST\STM32_USB_Device_Library\Class\CustomHID\Src\usbd_customhid.o
 .text.USBD_CUSTOM_HID_DataIn
                0x08007da8       0x22 Middlewares\ST\STM32_USB_Device_Library\Class\CustomHID\Src\usbd_customhid.o
 .text.USBD_CUSTOM_HID_DataOut
                0x08007dca       0x3e Middlewares\ST\STM32_USB_Device_Library\Class\CustomHID\Src\usbd_customhid.o
 .text.USBD_CUSTOM_HID_EP0_RxReady
                0x08007e08       0x3c Middlewares\ST\STM32_USB_Device_Library\Class\CustomHID\Src\usbd_customhid.o
 .text.USBD_CUSTOM_HID_GetDeviceQualifierDesc
                0x08007e44       0x20 Middlewares\ST\STM32_USB_Device_Library\Class\CustomHID\Src\usbd_customhid.o
 .text.USBD_CUSTOM_HID_RegisterInterface
                0x08007e64       0x2c Middlewares\ST\STM32_USB_Device_Library\Class\CustomHID\Src\usbd_customhid.o
                0x08007e64                USBD_CUSTOM_HID_RegisterInterface
 .text.USBD_Init
                0x08007e90       0x56 Middlewares\ST\STM32_USB_Device_Library\Core\Src\usbd_core.o
                0x08007e90                USBD_Init
 .text.USBD_RegisterClass
                0x08007ee6       0x32 Middlewares\ST\STM32_USB_Device_Library\Core\Src\usbd_core.o
                0x08007ee6                USBD_RegisterClass
 .text.USBD_Start
                0x08007f18       0x18 Middlewares\ST\STM32_USB_Device_Library\Core\Src\usbd_core.o
                0x08007f18                USBD_Start
 .text.USBD_RunTestMode
                0x08007f30       0x14 Middlewares\ST\STM32_USB_Device_Library\Core\Src\usbd_core.o
                0x08007f30                USBD_RunTestMode
 .text.USBD_SetClassConfig
                0x08007f44       0x3e Middlewares\ST\STM32_USB_Device_Library\Core\Src\usbd_core.o
                0x08007f44                USBD_SetClassConfig
 .text.USBD_ClrClassConfig
                0x08007f82       0x26 Middlewares\ST\STM32_USB_Device_Library\Core\Src\usbd_core.o
                0x08007f82                USBD_ClrClassConfig
 .text.USBD_LL_SetupStage
                0x08007fa8       0x96 Middlewares\ST\STM32_USB_Device_Library\Core\Src\usbd_core.o
                0x08007fa8                USBD_LL_SetupStage
 .text.USBD_LL_DataOutStage
                0x0800803e       0xe2 Middlewares\ST\STM32_USB_Device_Library\Core\Src\usbd_core.o
                0x0800803e                USBD_LL_DataOutStage
 .text.USBD_LL_DataInStage
                0x08008120      0x14a Middlewares\ST\STM32_USB_Device_Library\Core\Src\usbd_core.o
                0x08008120                USBD_LL_DataInStage
 .text.USBD_LL_Reset
                0x0800826a       0x82 Middlewares\ST\STM32_USB_Device_Library\Core\Src\usbd_core.o
                0x0800826a                USBD_LL_Reset
 .text.USBD_LL_SetSpeed
                0x080082ec       0x1e Middlewares\ST\STM32_USB_Device_Library\Core\Src\usbd_core.o
                0x080082ec                USBD_LL_SetSpeed
 .text.USBD_LL_Suspend
                0x0800830a       0x28 Middlewares\ST\STM32_USB_Device_Library\Core\Src\usbd_core.o
                0x0800830a                USBD_LL_Suspend
 .text.USBD_LL_Resume
                0x08008332       0x2a Middlewares\ST\STM32_USB_Device_Library\Core\Src\usbd_core.o
                0x08008332                USBD_LL_Resume
 .text.USBD_LL_SOF
                0x0800835c       0x34 Middlewares\ST\STM32_USB_Device_Library\Core\Src\usbd_core.o
                0x0800835c                USBD_LL_SOF
 .text.USBD_StdDevReq
                0x08008390       0xd4 Middlewares\ST\STM32_USB_Device_Library\Core\Src\usbd_ctlreq.o
                0x08008390                USBD_StdDevReq
 .text.USBD_StdItfReq
                0x08008464       0x8c Middlewares\ST\STM32_USB_Device_Library\Core\Src\usbd_ctlreq.o
                0x08008464                USBD_StdItfReq
 .text.USBD_StdEPReq
                0x080084f0      0x2ba Middlewares\ST\STM32_USB_Device_Library\Core\Src\usbd_ctlreq.o
                0x080084f0                USBD_StdEPReq
 *fill*         0x080087aa        0x2 
 .text.USBD_GetDescriptor
                0x080087ac      0x2d0 Middlewares\ST\STM32_USB_Device_Library\Core\Src\usbd_ctlreq.o
 .text.USBD_SetAddress
                0x08008a7c       0x84 Middlewares\ST\STM32_USB_Device_Library\Core\Src\usbd_ctlreq.o
 .text.USBD_SetConfig
                0x08008b00      0x11c Middlewares\ST\STM32_USB_Device_Library\Core\Src\usbd_ctlreq.o
 .text.USBD_GetConfig
                0x08008c1c       0x68 Middlewares\ST\STM32_USB_Device_Library\Core\Src\usbd_ctlreq.o
 .text.USBD_GetStatus
                0x08008c84       0x66 Middlewares\ST\STM32_USB_Device_Library\Core\Src\usbd_ctlreq.o
 .text.USBD_SetFeature
                0x08008cea       0x28 Middlewares\ST\STM32_USB_Device_Library\Core\Src\usbd_ctlreq.o
 .text.USBD_ClrFeature
                0x08008d12       0x42 Middlewares\ST\STM32_USB_Device_Library\Core\Src\usbd_ctlreq.o
 .text.USBD_ParseSetupRequest
                0x08008d54       0x78 Middlewares\ST\STM32_USB_Device_Library\Core\Src\usbd_ctlreq.o
                0x08008d54                USBD_ParseSetupRequest
 .text.USBD_CtlError
                0x08008dcc       0x22 Middlewares\ST\STM32_USB_Device_Library\Core\Src\usbd_ctlreq.o
                0x08008dcc                USBD_CtlError
 .text.USBD_GetString
                0x08008dee       0x84 Middlewares\ST\STM32_USB_Device_Library\Core\Src\usbd_ctlreq.o
                0x08008dee                USBD_GetString
 .text.USBD_GetLen
                0x08008e72       0x2e Middlewares\ST\STM32_USB_Device_Library\Core\Src\usbd_ctlreq.o
 .text.USBD_CtlSendData
                0x08008ea0       0x38 Middlewares\ST\STM32_USB_Device_Library\Core\Src\usbd_ioreq.o
                0x08008ea0                USBD_CtlSendData
 .text.USBD_CtlContinueSendData
                0x08008ed8       0x24 Middlewares\ST\STM32_USB_Device_Library\Core\Src\usbd_ioreq.o
                0x08008ed8                USBD_CtlContinueSendData
 .text.USBD_CtlPrepareRx
                0x08008efc       0x3c Middlewares\ST\STM32_USB_Device_Library\Core\Src\usbd_ioreq.o
                0x08008efc                USBD_CtlPrepareRx
 .text.USBD_CtlContinueRx
                0x08008f38       0x24 Middlewares\ST\STM32_USB_Device_Library\Core\Src\usbd_ioreq.o
                0x08008f38                USBD_CtlContinueRx
 .text.USBD_CtlSendStatus
                0x08008f5c       0x26 Middlewares\ST\STM32_USB_Device_Library\Core\Src\usbd_ioreq.o
                0x08008f5c                USBD_CtlSendStatus
 .text.USBD_CtlReceiveStatus
                0x08008f82       0x26 Middlewares\ST\STM32_USB_Device_Library\Core\Src\usbd_ioreq.o
                0x08008f82                USBD_CtlReceiveStatus
 .text.FATFS_LinkDriverEx
                0x08008fa8       0x94 Middlewares\Third_Party\FatFs\src\ff_gen_drv.o
                0x08008fa8                FATFS_LinkDriverEx
 .text.FATFS_LinkDriver
                0x0800903c       0x1e Middlewares\Third_Party\FatFs\src\ff_gen_drv.o
                0x0800903c                FATFS_LinkDriver
 .text.makeFreeRtosPriority
                0x0800905a       0x2e Middlewares\Third_Party\FreeRTOS\Source\CMSIS_RTOS\cmsis_os.o
 .text.inHandlerMode
                0x08009088       0x22 Middlewares\Third_Party\FreeRTOS\Source\CMSIS_RTOS\cmsis_os.o
 .text.osKernelStart
                0x080090aa        0xe Middlewares\Third_Party\FreeRTOS\Source\CMSIS_RTOS\cmsis_os.o
                0x080090aa                osKernelStart
 .text.osThreadCreate
                0x080090b8       0x98 Middlewares\Third_Party\FreeRTOS\Source\CMSIS_RTOS\cmsis_os.o
                0x080090b8                osThreadCreate
 .text.osDelay  0x08009150       0x28 Middlewares\Third_Party\FreeRTOS\Source\CMSIS_RTOS\cmsis_os.o
                0x08009150                osDelay
 .text.osTimerCreate
                0x08009178       0x68 Middlewares\Third_Party\FreeRTOS\Source\CMSIS_RTOS\cmsis_os.o
                0x08009178                osTimerCreate
 .text.osTimerStart
                0x080091e0       0x8c Middlewares\Third_Party\FreeRTOS\Source\CMSIS_RTOS\cmsis_os.o
                0x080091e0                osTimerStart
 .text.osMutexCreate
                0x0800926c       0x30 Middlewares\Third_Party\FreeRTOS\Source\CMSIS_RTOS\cmsis_os.o
                0x0800926c                osMutexCreate
 .text.osMessageCreate
                0x0800929c       0x52 Middlewares\Third_Party\FreeRTOS\Source\CMSIS_RTOS\cmsis_os.o
                0x0800929c                osMessageCreate
 .text.vListInitialise
                0x080092ee       0x3e Middlewares\Third_Party\FreeRTOS\Source\list.o
                0x080092ee                vListInitialise
 .text.vListInitialiseItem
                0x0800932c       0x18 Middlewares\Third_Party\FreeRTOS\Source\list.o
                0x0800932c                vListInitialiseItem
 .text.vListInsertEnd
                0x08009344       0x46 Middlewares\Third_Party\FreeRTOS\Source\list.o
                0x08009344                vListInsertEnd
 .text.vListInsert
                0x0800938a       0x70 Middlewares\Third_Party\FreeRTOS\Source\list.o
                0x0800938a                vListInsert
 .text.uxListRemove
                0x080093fa       0x52 Middlewares\Third_Party\FreeRTOS\Source\list.o
                0x080093fa                uxListRemove
 .text.pxPortInitialiseStack
                0x0800944c       0x58 Middlewares\Third_Party\FreeRTOS\Source\portable\GCC\ARM_CM3\port.o
                0x0800944c                pxPortInitialiseStack
 .text.prvTaskExitError
                0x080094a4       0x50 Middlewares\Third_Party\FreeRTOS\Source\portable\GCC\ARM_CM3\port.o
 *fill*         0x080094f4        0xc 
 .text.SVC_Handler
                0x08009500       0x28 Middlewares\Third_Party\FreeRTOS\Source\portable\GCC\ARM_CM3\port.o
                0x08009500                SVC_Handler
 .text.prvPortStartFirstTask
                0x08009528       0x20 Middlewares\Third_Party\FreeRTOS\Source\portable\GCC\ARM_CM3\port.o
 .text.xPortStartScheduler
                0x08009548       0xe0 Middlewares\Third_Party\FreeRTOS\Source\portable\GCC\ARM_CM3\port.o
                0x08009548                xPortStartScheduler
 .text.vPortEnterCritical
                0x08009628       0x5c Middlewares\Third_Party\FreeRTOS\Source\portable\GCC\ARM_CM3\port.o
                0x08009628                vPortEnterCritical
 .text.vPortExitCritical
                0x08009684       0x4c Middlewares\Third_Party\FreeRTOS\Source\portable\GCC\ARM_CM3\port.o
                0x08009684                vPortExitCritical
 .text.PendSV_Handler
                0x080096d0       0x48 Middlewares\Third_Party\FreeRTOS\Source\portable\GCC\ARM_CM3\port.o
                0x080096d0                PendSV_Handler
 .text.SysTick_Handler
                0x08009718       0x40 Middlewares\Third_Party\FreeRTOS\Source\portable\GCC\ARM_CM3\port.o
                0x08009718                SysTick_Handler
 .text.vPortSetupTimerInterrupt
                0x08009758       0x44 Middlewares\Third_Party\FreeRTOS\Source\portable\GCC\ARM_CM3\port.o
                0x08009758                vPortSetupTimerInterrupt
 .text.vPortValidateInterruptPriority
                0x0800979c       0x78 Middlewares\Third_Party\FreeRTOS\Source\portable\GCC\ARM_CM3\port.o
                0x0800979c                vPortValidateInterruptPriority
 .text.pvPortMalloc
                0x08009814      0x184 Middlewares\Third_Party\FreeRTOS\Source\portable\MemMang\heap_4.o
                0x08009814                pvPortMalloc
 .text.vPortFree
                0x08009998       0xb0 Middlewares\Third_Party\FreeRTOS\Source\portable\MemMang\heap_4.o
                0x08009998                vPortFree
 .text.prvHeapInit
                0x08009a48       0xc4 Middlewares\Third_Party\FreeRTOS\Source\portable\MemMang\heap_4.o
 .text.prvInsertBlockIntoFreeList
                0x08009b0c       0xb0 Middlewares\Third_Party\FreeRTOS\Source\portable\MemMang\heap_4.o
 .text.xQueueGenericReset
                0x08009bbc       0xd0 Middlewares\Third_Party\FreeRTOS\Source\queue.o
                0x08009bbc                xQueueGenericReset
 .text.xQueueGenericCreateStatic
                0x08009c8c       0xe4 Middlewares\Third_Party\FreeRTOS\Source\queue.o
                0x08009c8c                xQueueGenericCreateStatic
 .text.xQueueGenericCreate
                0x08009d70       0x7a Middlewares\Third_Party\FreeRTOS\Source\queue.o
                0x08009d70                xQueueGenericCreate
 .text.prvInitialiseNewQueue
                0x08009dea       0x3e Middlewares\Third_Party\FreeRTOS\Source\queue.o
 .text.prvInitialiseMutex
                0x08009e28       0x34 Middlewares\Third_Party\FreeRTOS\Source\queue.o
 .text.xQueueCreateMutex
                0x08009e5c       0x30 Middlewares\Third_Party\FreeRTOS\Source\queue.o
                0x08009e5c                xQueueCreateMutex
 .text.xQueueCreateMutexStatic
                0x08009e8c       0x36 Middlewares\Third_Party\FreeRTOS\Source\queue.o
                0x08009e8c                xQueueCreateMutexStatic
 *fill*         0x08009ec2        0x2 
 .text.xQueueGenericSend
                0x08009ec4      0x1f4 Middlewares\Third_Party\FreeRTOS\Source\queue.o
                0x08009ec4                xQueueGenericSend
 .text.xQueueGenericSendFromISR
                0x0800a0b8      0x128 Middlewares\Third_Party\FreeRTOS\Source\queue.o
                0x0800a0b8                xQueueGenericSendFromISR
 .text.xQueueReceive
                0x0800a1e0      0x1b8 Middlewares\Third_Party\FreeRTOS\Source\queue.o
                0x0800a1e0                xQueueReceive
 .text.prvCopyDataToQueue
                0x0800a398       0xd4 Middlewares\Third_Party\FreeRTOS\Source\queue.o
 .text.prvCopyDataFromQueue
                0x0800a46c       0x4c Middlewares\Third_Party\FreeRTOS\Source\queue.o
 .text.prvUnlockQueue
                0x0800a4b8       0xa4 Middlewares\Third_Party\FreeRTOS\Source\queue.o
 .text.prvIsQueueEmpty
                0x0800a55c       0x2c Middlewares\Third_Party\FreeRTOS\Source\queue.o
 .text.prvIsQueueFull
                0x0800a588       0x30 Middlewares\Third_Party\FreeRTOS\Source\queue.o
 .text.vQueueAddToRegistry
                0x0800a5b8       0x50 Middlewares\Third_Party\FreeRTOS\Source\queue.o
                0x0800a5b8                vQueueAddToRegistry
 .text.vQueueWaitForMessageRestricted
                0x0800a608       0x68 Middlewares\Third_Party\FreeRTOS\Source\queue.o
                0x0800a608                vQueueWaitForMessageRestricted
 .text.xTaskCreateStatic
                0x0800a670       0xb2 Middlewares\Third_Party\FreeRTOS\Source\tasks.o
                0x0800a670                xTaskCreateStatic
 .text.xTaskCreate
                0x0800a722       0x8a Middlewares\Third_Party\FreeRTOS\Source\tasks.o
                0x0800a722                xTaskCreate
 .text.prvInitialiseNewTask
                0x0800a7ac       0xfc Middlewares\Third_Party\FreeRTOS\Source\tasks.o
 .text.prvAddNewTaskToReadyList
                0x0800a8a8       0xd4 Middlewares\Third_Party\FreeRTOS\Source\tasks.o
 .text.vTaskDelay
                0x0800a97c       0x68 Middlewares\Third_Party\FreeRTOS\Source\tasks.o
                0x0800a97c                vTaskDelay
 .text.vTaskSuspend
                0x0800a9e4      0x124 Middlewares\Third_Party\FreeRTOS\Source\tasks.o
                0x0800a9e4                vTaskSuspend
 .text.vTaskStartScheduler
                0x0800ab08       0xc8 Middlewares\Third_Party\FreeRTOS\Source\tasks.o
                0x0800ab08                vTaskStartScheduler
 .text.vTaskSuspendAll
                0x0800abd0       0x1c Middlewares\Third_Party\FreeRTOS\Source\tasks.o
                0x0800abd0                vTaskSuspendAll
 .text.xTaskResumeAll
                0x0800abec      0x138 Middlewares\Third_Party\FreeRTOS\Source\tasks.o
                0x0800abec                xTaskResumeAll
 .text.xTaskGetTickCount
                0x0800ad24       0x1c Middlewares\Third_Party\FreeRTOS\Source\tasks.o
                0x0800ad24                xTaskGetTickCount
 .text.xTaskIncrementTick
                0x0800ad40      0x178 Middlewares\Third_Party\FreeRTOS\Source\tasks.o
                0x0800ad40                xTaskIncrementTick
 .text.vTaskSwitchContext
                0x0800aeb8       0xb4 Middlewares\Third_Party\FreeRTOS\Source\tasks.o
                0x0800aeb8                vTaskSwitchContext
 .text.vTaskPlaceOnEventList
                0x0800af6c       0x48 Middlewares\Third_Party\FreeRTOS\Source\tasks.o
                0x0800af6c                vTaskPlaceOnEventList
 .text.vTaskPlaceOnEventListRestricted
                0x0800afb4       0x54 Middlewares\Third_Party\FreeRTOS\Source\tasks.o
                0x0800afb4                vTaskPlaceOnEventListRestricted
 .text.xTaskRemoveFromEventList
                0x0800b008       0xc4 Middlewares\Third_Party\FreeRTOS\Source\tasks.o
                0x0800b008                xTaskRemoveFromEventList
 .text.vTaskInternalSetTimeOutState
                0x0800b0cc       0x2c Middlewares\Third_Party\FreeRTOS\Source\tasks.o
                0x0800b0cc                vTaskInternalSetTimeOutState
 .text.xTaskCheckForTimeOut
                0x0800b0f8       0xc0 Middlewares\Third_Party\FreeRTOS\Source\tasks.o
                0x0800b0f8                xTaskCheckForTimeOut
 .text.vTaskMissedYield
                0x0800b1b8       0x18 Middlewares\Third_Party\FreeRTOS\Source\tasks.o
                0x0800b1b8                vTaskMissedYield
 .text.prvIdleTask
                0x0800b1d0       0x30 Middlewares\Third_Party\FreeRTOS\Source\tasks.o
 .text.prvInitialiseTaskLists
                0x0800b200       0x80 Middlewares\Third_Party\FreeRTOS\Source\tasks.o
 .text.prvCheckTasksWaitingTermination
                0x0800b280       0x58 Middlewares\Third_Party\FreeRTOS\Source\tasks.o
 .text.prvDeleteTCB
                0x0800b2d8       0x5c Middlewares\Third_Party\FreeRTOS\Source\tasks.o
 .text.prvResetNextTaskUnblockTime
                0x0800b334       0x48 Middlewares\Third_Party\FreeRTOS\Source\tasks.o
 .text.xTaskGetSchedulerState
                0x0800b37c       0x3c Middlewares\Third_Party\FreeRTOS\Source\tasks.o
                0x0800b37c                xTaskGetSchedulerState
 .text.xTaskPriorityDisinherit
                0x0800b3b8      0x108 Middlewares\Third_Party\FreeRTOS\Source\tasks.o
                0x0800b3b8                xTaskPriorityDisinherit
 .text.prvAddCurrentTaskToDelayedList
                0x0800b4c0       0xcc Middlewares\Third_Party\FreeRTOS\Source\tasks.o
 .text.xTimerCreateTimerTask
                0x0800b58c       0x90 Middlewares\Third_Party\FreeRTOS\Source\timers.o
                0x0800b58c                xTimerCreateTimerTask
 .text.xTimerCreate
                0x0800b61c       0x42 Middlewares\Third_Party\FreeRTOS\Source\timers.o
                0x0800b61c                xTimerCreate
 .text.xTimerCreateStatic
                0x0800b65e       0x76 Middlewares\Third_Party\FreeRTOS\Source\timers.o
                0x0800b65e                xTimerCreateStatic
 .text.prvInitialiseNewTimer
                0x0800b6d4       0x62 Middlewares\Third_Party\FreeRTOS\Source\timers.o
 *fill*         0x0800b736        0x2 
 .text.xTimerGenericCommand
                0x0800b738       0x98 Middlewares\Third_Party\FreeRTOS\Source\timers.o
                0x0800b738                xTimerGenericCommand
 .text.prvProcessExpiredTimer
                0x0800b7d0       0x80 Middlewares\Third_Party\FreeRTOS\Source\timers.o
 .text.prvTimerTask
                0x0800b850       0x24 Middlewares\Third_Party\FreeRTOS\Source\timers.o
 .text.prvProcessTimerOrBlockTask
                0x0800b874       0x9c Middlewares\Third_Party\FreeRTOS\Source\timers.o
 .text.prvGetNextExpireTime
                0x0800b910       0x48 Middlewares\Third_Party\FreeRTOS\Source\timers.o
 .text.prvSampleTimeNow
                0x0800b958       0x40 Middlewares\Third_Party\FreeRTOS\Source\timers.o
 .text.prvInsertTimerInActiveList
                0x0800b998       0x84 Middlewares\Third_Party\FreeRTOS\Source\timers.o
 .text.prvProcessReceivedCommands
                0x0800ba1c      0x12c Middlewares\Third_Party\FreeRTOS\Source\timers.o
 .text.prvSwitchTimerLists
                0x0800bb48       0xc0 Middlewares\Third_Party\FreeRTOS\Source\timers.o
 .text.prvCheckForValidListAndQueue
                0x0800bc08       0x80 Middlewares\Third_Party\FreeRTOS\Source\timers.o
 .text.MX_USB_DEVICE_Init
                0x0800bc88       0xc0 USB_DEVICE\App\usb_device.o
                0x0800bc88                MX_USB_DEVICE_Init
 .text.CUSTOM_HID_Init_FS
                0x0800bd48        0xe USB_DEVICE\App\usbd_custom_hid_if.o
 .text.CUSTOM_HID_DeInit_FS
                0x0800bd56        0xe USB_DEVICE\App\usbd_custom_hid_if.o
 .text.CUSTOM_HID_OutEvent_FS
                0x0800bd64       0x1c USB_DEVICE\App\usbd_custom_hid_if.o
 .text.USBD_FS_DeviceDescriptor
                0x0800bd80       0x24 USB_DEVICE\App\usbd_desc.o
                0x0800bd80                USBD_FS_DeviceDescriptor
 .text.USBD_FS_LangIDStrDescriptor
                0x0800bda4       0x24 USB_DEVICE\App\usbd_desc.o
                0x0800bda4                USBD_FS_LangIDStrDescriptor
 .text.USBD_FS_ProductStrDescriptor
                0x0800bdc8       0x3c USB_DEVICE\App\usbd_desc.o
                0x0800bdc8                USBD_FS_ProductStrDescriptor
 .text.USBD_FS_ManufacturerStrDescriptor
                0x0800be04       0x28 USB_DEVICE\App\usbd_desc.o
                0x0800be04                USBD_FS_ManufacturerStrDescriptor
 .text.USBD_FS_SerialStrDescriptor
                0x0800be2c       0x24 USB_DEVICE\App\usbd_desc.o
                0x0800be2c                USBD_FS_SerialStrDescriptor
 .text.USBD_FS_ConfigStrDescriptor
                0x0800be50       0x3c USB_DEVICE\App\usbd_desc.o
                0x0800be50                USBD_FS_ConfigStrDescriptor
 .text.USBD_FS_InterfaceStrDescriptor
                0x0800be8c       0x3c USB_DEVICE\App\usbd_desc.o
                0x0800be8c                USBD_FS_InterfaceStrDescriptor
 .text.Get_SerialNum
                0x0800bec8       0x58 USB_DEVICE\App\usbd_desc.o
 .text.IntToUnicode
                0x0800bf20       0x7a USB_DEVICE\App\usbd_desc.o
 *fill*         0x0800bf9a        0x2 
 .text.HAL_PCD_MspInit
                0x0800bf9c       0x4c USB_DEVICE\Target\usbd_conf.o
                0x0800bf9c                HAL_PCD_MspInit
 .text.HAL_PCD_SetupStageCallback
                0x0800bfe8       0x24 USB_DEVICE\Target\usbd_conf.o
                0x0800bfe8                HAL_PCD_SetupStageCallback
 .text.HAL_PCD_DataOutStageCallback
                0x0800c00c       0x36 USB_DEVICE\Target\usbd_conf.o
                0x0800c00c                HAL_PCD_DataOutStageCallback
 .text.HAL_PCD_DataInStageCallback
                0x0800c042       0x34 USB_DEVICE\Target\usbd_conf.o
                0x0800c042                HAL_PCD_DataInStageCallback
 .text.HAL_PCD_SOFCallback
                0x0800c076       0x1c USB_DEVICE\Target\usbd_conf.o
                0x0800c076                HAL_PCD_SOFCallback
 .text.HAL_PCD_ResetCallback
                0x0800c092       0x3c USB_DEVICE\Target\usbd_conf.o
                0x0800c092                HAL_PCD_ResetCallback
 *fill*         0x0800c0ce        0x2 
 .text.HAL_PCD_SuspendCallback
                0x0800c0d0       0x34 USB_DEVICE\Target\usbd_conf.o
                0x0800c0d0                HAL_PCD_SuspendCallback
 .text.HAL_PCD_ResumeCallback
                0x0800c104       0x1c USB_DEVICE\Target\usbd_conf.o
                0x0800c104                HAL_PCD_ResumeCallback
 .text.USBD_LL_Init
                0x0800c120       0xa0 USB_DEVICE\Target\usbd_conf.o
                0x0800c120                USBD_LL_Init
 .text.USBD_LL_Start
                0x0800c1c0       0x36 USB_DEVICE\Target\usbd_conf.o
                0x0800c1c0                USBD_LL_Start
 .text.USBD_LL_OpenEP
                0x0800c1f6       0x4c USB_DEVICE\Target\usbd_conf.o
                0x0800c1f6                USBD_LL_OpenEP
 .text.USBD_LL_CloseEP
                0x0800c242       0x3e USB_DEVICE\Target\usbd_conf.o
                0x0800c242                USBD_LL_CloseEP
 .text.USBD_LL_FlushEP
                0x0800c280       0x3e USB_DEVICE\Target\usbd_conf.o
                0x0800c280                USBD_LL_FlushEP
 .text.USBD_LL_StallEP
                0x0800c2be       0x3e USB_DEVICE\Target\usbd_conf.o
                0x0800c2be                USBD_LL_StallEP
 .text.USBD_LL_ClearStallEP
                0x0800c2fc       0x3e USB_DEVICE\Target\usbd_conf.o
                0x0800c2fc                USBD_LL_ClearStallEP
 .text.USBD_LL_IsStallEP
                0x0800c33a       0x58 USB_DEVICE\Target\usbd_conf.o
                0x0800c33a                USBD_LL_IsStallEP
 .text.USBD_LL_SetUSBAddress
                0x0800c392       0x3e USB_DEVICE\Target\usbd_conf.o
                0x0800c392                USBD_LL_SetUSBAddress
 .text.USBD_LL_Transmit
                0x0800c3d0       0x46 USB_DEVICE\Target\usbd_conf.o
                0x0800c3d0                USBD_LL_Transmit
 .text.USBD_LL_PrepareReceive
                0x0800c416       0x46 USB_DEVICE\Target\usbd_conf.o
                0x0800c416                USBD_LL_PrepareReceive
 .text.USBD_LL_GetRxDataSize
                0x0800c45c       0x26 USB_DEVICE\Target\usbd_conf.o
                0x0800c45c                USBD_LL_GetRxDataSize
 *fill*         0x0800c482        0x2 
 .text.USBD_static_malloc
                0x0800c484       0x18 USB_DEVICE\Target\usbd_conf.o
                0x0800c484                USBD_static_malloc
 .text.USBD_static_free
                0x0800c49c       0x12 USB_DEVICE\Target\usbd_conf.o
                0x0800c49c                USBD_static_free
 .text.HAL_PCDEx_SetConnectionState
                0x0800c4ae       0x16 USB_DEVICE\Target\usbd_conf.o
                0x0800c4ae                HAL_PCDEx_SetConnectionState
 .text.USBD_Get_USB_Status
                0x0800c4c4       0x58 USB_DEVICE\Target\usbd_conf.o
 .text.Reset_Handler
                0x0800c51c       0x48 startup\startup_stm32f103xb.o
                0x0800c51c                Reset_Handler
 .text.Default_Handler
                0x0800c564        0x2 startup\startup_stm32f103xb.o
                0x0800c564                RTC_Alarm_IRQHandler
                0x0800c564                EXTI2_IRQHandler
                0x0800c564                TIM1_CC_IRQHandler
                0x0800c564                PVD_IRQHandler
                0x0800c564                EXTI3_IRQHandler
                0x0800c564                EXTI0_IRQHandler
                0x0800c564                I2C2_EV_IRQHandler
                0x0800c564                ADC1_2_IRQHandler
                0x0800c564                SPI1_IRQHandler
                0x0800c564                TAMPER_IRQHandler
                0x0800c564                DMA1_Channel4_IRQHandler
                0x0800c564                USART3_IRQHandler
                0x0800c564                RTC_IRQHandler
                0x0800c564                DMA1_Channel7_IRQHandler
                0x0800c564                CAN1_RX1_IRQHandler
                0x0800c564                I2C1_EV_IRQHandler
                0x0800c564                DMA1_Channel6_IRQHandler
                0x0800c564                TIM3_IRQHandler
                0x0800c564                RCC_IRQHandler
                0x0800c564                TIM1_TRG_COM_IRQHandler
                0x0800c564                DMA1_Channel1_IRQHandler
                0x0800c564                Default_Handler
                0x0800c564                EXTI15_10_IRQHandler
                0x0800c564                EXTI9_5_IRQHandler
                0x0800c564                SPI2_IRQHandler
                0x0800c564                DMA1_Channel5_IRQHandler
                0x0800c564                EXTI4_IRQHandler
                0x0800c564                USB_HP_CAN1_TX_IRQHandler
                0x0800c564                DMA1_Channel3_IRQHandler
                0x0800c564                TIM1_UP_IRQHandler
                0x0800c564                WWDG_IRQHandler
                0x0800c564                TIM2_IRQHandler
                0x0800c564                TIM1_BRK_IRQHandler
                0x0800c564                EXTI1_IRQHandler
                0x0800c564                USART2_IRQHandler
                0x0800c564                I2C2_ER_IRQHandler
                0x0800c564                DMA1_Channel2_IRQHandler
                0x0800c564                CAN1_SCE_IRQHandler
                0x0800c564                FLASH_IRQHandler
                0x0800c564                USART1_IRQHandler
                0x0800c564                I2C1_ER_IRQHandler
                0x0800c564                USBWakeUp_IRQHandler
 *fill*         0x0800c566        0x2 
 .text.__errno  0x0800c568        0xc c:/program files (x86)/atollic/truestudio for stm32 9.3.0/armtools/bin/../lib/gcc/arm-atollic-eabi/6.3.1/../../../../arm-atollic-eabi/lib/armv7-m\libc_nano.a(lib_a-errno.o)
                0x0800c568                __errno
 .text.__libc_init_array
                0x0800c574       0x48 c:/program files (x86)/atollic/truestudio for stm32 9.3.0/armtools/bin/../lib/gcc/arm-atollic-eabi/6.3.1/../../../../arm-atollic-eabi/lib/armv7-m\libc_nano.a(lib_a-init.o)
                0x0800c574                __libc_init_array
 .text.memcpy   0x0800c5bc       0x16 c:/program files (x86)/atollic/truestudio for stm32 9.3.0/armtools/bin/../lib/gcc/arm-atollic-eabi/6.3.1/../../../../arm-atollic-eabi/lib/armv7-m\libc_nano.a(lib_a-memcpy-stub.o)
                0x0800c5bc                memcpy
 .text.memset   0x0800c5d2       0x10 c:/program files (x86)/atollic/truestudio for stm32 9.3.0/armtools/bin/../lib/gcc/arm-atollic-eabi/6.3.1/../../../../arm-atollic-eabi/lib/armv7-m\libc_nano.a(lib_a-memset.o)
                0x0800c5d2                memset
 *fill*         0x0800c5e2        0x2 
 .text.sprintf  0x0800c5e4       0x48 c:/program files (x86)/atollic/truestudio for stm32 9.3.0/armtools/bin/../lib/gcc/arm-atollic-eabi/6.3.1/../../../../arm-atollic-eabi/lib/armv7-m\libc_nano.a(lib_a-sprintf.o)
                0x0800c5e4                siprintf
                0x0800c5e4                sprintf
 .text.__ssputs_r
                0x0800c62c       0xb6 c:/program files (x86)/atollic/truestudio for stm32 9.3.0/armtools/bin/../lib/gcc/arm-atollic-eabi/6.3.1/../../../../arm-atollic-eabi/lib/armv7-m\libc_nano.a(lib_a-nano-svfprintf.o)
                0x0800c62c                __ssputs_r
 *fill*         0x0800c6e2        0x2 
 .text._svfprintf_r
                0x0800c6e4      0x1e8 c:/program files (x86)/atollic/truestudio for stm32 9.3.0/armtools/bin/../lib/gcc/arm-atollic-eabi/6.3.1/../../../../arm-atollic-eabi/lib/armv7-m\libc_nano.a(lib_a-nano-svfprintf.o)
                0x0800c6e4                _svfiprintf_r
                0x0800c6e4                _svfprintf_r
 .text._printf_common
                0x0800c8cc       0xee c:/program files (x86)/atollic/truestudio for stm32 9.3.0/armtools/bin/../lib/gcc/arm-atollic-eabi/6.3.1/../../../../arm-atollic-eabi/lib/armv7-m\libc_nano.a(lib_a-nano-vfprintf_i.o)
                0x0800c8cc                _printf_common
 *fill*         0x0800c9ba        0x2 
 .text._printf_i
                0x0800c9bc      0x240 c:/program files (x86)/atollic/truestudio for stm32 9.3.0/armtools/bin/../lib/gcc/arm-atollic-eabi/6.3.1/../../../../arm-atollic-eabi/lib/armv7-m\libc_nano.a(lib_a-nano-vfprintf_i.o)
                0x0800c9bc                _printf_i
 .text.memchr   0x0800cbfc       0x1c c:/program files (x86)/atollic/truestudio for stm32 9.3.0/armtools/bin/../lib/gcc/arm-atollic-eabi/6.3.1/../../../../arm-atollic-eabi/lib/armv7-m\libc_nano.a(lib_a-memchr-stub.o)
                0x0800cbfc                memchr
 .text.memmove  0x0800cc18       0x34 c:/program files (x86)/atollic/truestudio for stm32 9.3.0/armtools/bin/../lib/gcc/arm-atollic-eabi/6.3.1/../../../../arm-atollic-eabi/lib/armv7-m\libc_nano.a(lib_a-memmove.o)
                0x0800cc18                memmove
 .text._free_r  0x0800cc4c       0x98 c:/program files (x86)/atollic/truestudio for stm32 9.3.0/armtools/bin/../lib/gcc/arm-atollic-eabi/6.3.1/../../../../arm-atollic-eabi/lib/armv7-m\libc_nano.a(lib_a-nano-freer.o)
                0x0800cc4c                _free_r
 .text._malloc_r
                0x0800cce4       0xbc c:/program files (x86)/atollic/truestudio for stm32 9.3.0/armtools/bin/../lib/gcc/arm-atollic-eabi/6.3.1/../../../../arm-atollic-eabi/lib/armv7-m\libc_nano.a(lib_a-nano-mallocr.o)
                0x0800cce4                _malloc_r
 .text._realloc_r
                0x0800cda0       0x4c c:/program files (x86)/atollic/truestudio for stm32 9.3.0/armtools/bin/../lib/gcc/arm-atollic-eabi/6.3.1/../../../../arm-atollic-eabi/lib/armv7-m\libc_nano.a(lib_a-nano-reallocr.o)
                0x0800cda0                _realloc_r
 .text._sbrk_r  0x0800cdec       0x20 c:/program files (x86)/atollic/truestudio for stm32 9.3.0/armtools/bin/../lib/gcc/arm-atollic-eabi/6.3.1/../../../../arm-atollic-eabi/lib/armv7-m\libc_nano.a(lib_a-sbrkr.o)
                0x0800cdec                _sbrk_r
 .text.__malloc_lock
                0x0800ce0c        0x2 c:/program files (x86)/atollic/truestudio for stm32 9.3.0/armtools/bin/../lib/gcc/arm-atollic-eabi/6.3.1/../../../../arm-atollic-eabi/lib/armv7-m\libc_nano.a(lib_a-mlock.o)
                0x0800ce0c                __malloc_lock
 .text.__malloc_unlock
                0x0800ce0e        0x2 c:/program files (x86)/atollic/truestudio for stm32 9.3.0/armtools/bin/../lib/gcc/arm-atollic-eabi/6.3.1/../../../../arm-atollic-eabi/lib/armv7-m\libc_nano.a(lib_a-mlock.o)
                0x0800ce0e                __malloc_unlock
 .text._malloc_usable_size_r
                0x0800ce10       0x12 c:/program files (x86)/atollic/truestudio for stm32 9.3.0/armtools/bin/../lib/gcc/arm-atollic-eabi/6.3.1/../../../../arm-atollic-eabi/lib/armv7-m\libc_nano.a(lib_a-nano-msizer.o)
                0x0800ce10                _malloc_usable_size_r
 *(.glue_7)
 .glue_7        0x0800ce22        0x0 linker stubs
 *(.glue_7t)
 .glue_7t       0x0800ce22        0x0 linker stubs
 *(.eh_frame)
 *fill*         0x0800ce22        0x2 
 .eh_frame      0x0800ce24        0x0 c:/program files (x86)/atollic/truestudio for stm32 9.3.0/armtools/bin/../lib/gcc/arm-atollic-eabi/6.3.1/armv7-m/crtbegin.o
 *(.init)
 .init          0x0800ce24        0x4 c:/program files (x86)/atollic/truestudio for stm32 9.3.0/armtools/bin/../lib/gcc/arm-atollic-eabi/6.3.1/armv7-m/crti.o
                0x0800ce24                _init
 .init          0x0800ce28        0x8 c:/program files (x86)/atollic/truestudio for stm32 9.3.0/armtools/bin/../lib/gcc/arm-atollic-eabi/6.3.1/armv7-m/crtn.o
 *(.fini)
 .fini          0x0800ce30        0x4 c:/program files (x86)/atollic/truestudio for stm32 9.3.0/armtools/bin/../lib/gcc/arm-atollic-eabi/6.3.1/armv7-m/crti.o
                0x0800ce30                _fini
 .fini          0x0800ce34        0x8 c:/program files (x86)/atollic/truestudio for stm32 9.3.0/armtools/bin/../lib/gcc/arm-atollic-eabi/6.3.1/armv7-m/crtn.o
                0x0800ce3c                . = ALIGN (0x4)
                0x0800ce3c                _etext = .

.vfp11_veneer   0x0800ce3c        0x0
 .vfp11_veneer  0x0800ce3c        0x0 linker stubs

.v4_bx          0x0800ce3c        0x0
 .v4_bx         0x0800ce3c        0x0 linker stubs

.iplt           0x0800ce3c        0x0
 .iplt          0x0800ce3c        0x0 c:/program files (x86)/atollic/truestudio for stm32 9.3.0/armtools/bin/../lib/gcc/arm-atollic-eabi/6.3.1/armv7-m/crtbegin.o

.rodata         0x0800ce3c      0x1fc
                0x0800ce3c                . = ALIGN (0x4)
 *(.rodata)
 .rodata        0x0800ce3c       0xe0 Core\Src\freertos.o
 .rodata        0x0800cf1c        0x4 Core\Src\usbd_storage_if.o
 .rodata        0x0800cf20       0x12 Drivers\STM32F1xx_HAL_Driver\Src\stm32f1xx_hal_rcc.o
 *fill*         0x0800cf32        0x2 
 .rodata        0x0800cf34        0x1 Middlewares\Third_Party\FreeRTOS\Source\CMSIS_RTOS\cmsis_os.o
 *fill*         0x0800cf35        0x3 
 .rodata        0x0800cf38        0x5 Middlewares\Third_Party\FreeRTOS\Source\tasks.o
 *fill*         0x0800cf3d        0x3 
 .rodata        0x0800cf40        0xd Middlewares\Third_Party\FreeRTOS\Source\timers.o
 *fill*         0x0800cf4d        0x3 
 .rodata        0x0800cf50       0x5d USB_DEVICE\App\usbd_desc.o
 *(.rodata*)
 *fill*         0x0800cfad        0x3 
 .rodata.STORAGE_Inquirydata_FS
                0x0800cfb0       0x24 Core\Src\usbd_storage_if.o
                0x0800cfb0                STORAGE_Inquirydata_FS
 .rodata.AHBPrescTable
                0x0800cfd4       0x10 Drivers\CMSIS\Device\ST\STM32F1xx\Source\Templates\system_stm32f1xx.o
                0x0800cfd4                AHBPrescTable
 .rodata.APBPrescTable
                0x0800cfe4        0x8 Drivers\CMSIS\Device\ST\STM32F1xx\Source\Templates\system_stm32f1xx.o
                0x0800cfe4                APBPrescTable
 .rodata.MSC_Page00_Inquiry_Data
                0x0800cfec        0x7 MSC\Src\usbd_msc_data.o
                0x0800cfec                MSC_Page00_Inquiry_Data
 *fill*         0x0800cff3        0x1 
 .rodata.MSC_Mode_Sense6_data
                0x0800cff4        0x8 MSC\Src\usbd_msc_data.o
                0x0800cff4                MSC_Mode_Sense6_data
 .rodata.MSC_Mode_Sense10_data
                0x0800cffc        0x8 MSC\Src\usbd_msc_data.o
                0x0800cffc                MSC_Mode_Sense10_data
 .rodata._svfprintf_r.str1.1
                0x0800d004       0x11 c:/program files (x86)/atollic/truestudio for stm32 9.3.0/armtools/bin/../lib/gcc/arm-atollic-eabi/6.3.1/../../../../arm-atollic-eabi/lib/armv7-m\libc_nano.a(lib_a-nano-svfprintf.o)
 .rodata._printf_i.str1.1
                0x0800d015       0x22 c:/program files (x86)/atollic/truestudio for stm32 9.3.0/armtools/bin/../lib/gcc/arm-atollic-eabi/6.3.1/../../../../arm-atollic-eabi/lib/armv7-m\libc_nano.a(lib_a-nano-vfprintf_i.o)
                0x0800d038                . = ALIGN (0x4)
 *fill*         0x0800d037        0x1 

.rel.dyn        0x0800d038        0x0
 .rel.iplt      0x0800d038        0x0 c:/program files (x86)/atollic/truestudio for stm32 9.3.0/armtools/bin/../lib/gcc/arm-atollic-eabi/6.3.1/armv7-m/crtbegin.o

.ARM.extab
 *(.ARM.extab* .gnu.linkonce.armextab.*)

.ARM            0x0800d038        0x0
                0x0800d038                __exidx_start = .
 *(.ARM.exidx*)
                0x0800d038                __exidx_end = .

.preinit_array  0x0800d038        0x0
                0x0800d038                PROVIDE (__preinit_array_start, .)
 *(.preinit_array*)
                0x0800d038                PROVIDE (__preinit_array_end, .)

.init_array     0x0800d038        0x4
                0x0800d038                PROVIDE (__init_array_start, .)
 *(SORT(.init_array.*))
 *(.init_array*)
 .init_array    0x0800d038        0x4 c:/program files (x86)/atollic/truestudio for stm32 9.3.0/armtools/bin/../lib/gcc/arm-atollic-eabi/6.3.1/armv7-m/crtbegin.o
                0x0800d03c                PROVIDE (__init_array_end, .)

.fini_array     0x0800d03c        0x4
                [!provide]                PROVIDE (__fini_array_start, .)
 *(SORT(.fini_array.*))
 *(.fini_array*)
 .fini_array    0x0800d03c        0x4 c:/program files (x86)/atollic/truestudio for stm32 9.3.0/armtools/bin/../lib/gcc/arm-atollic-eabi/6.3.1/armv7-m/crtbegin.o
                [!provide]                PROVIDE (__fini_array_end, .)
                0x0800d040                _sidata = LOADADDR (.data)

.data           0x20000000      0x314 load address 0x0800d040
                0x20000000                . = ALIGN (0x4)
                0x20000000                _sdata = .
 *(.data)
 *(.data*)
 .data.hid_entry_tmr_callback_array
                0x20000000       0x28 Core\Src\freertos.o
                0x20000000                hid_entry_tmr_callback_array
 .data.test_str
                0x20000028        0xc Core\Src\freertos.o
                0x20000028                test_str
 .data.USBD_Storage_Interface_fops_FS
                0x20000034       0x20 Core\Src\usbd_storage_if.o
                0x20000034                USBD_Storage_Interface_fops_FS
 .data.SystemCoreClock
                0x20000054        0x4 Drivers\CMSIS\Device\ST\STM32F1xx\Source\Templates\system_stm32f1xx.o
                0x20000054                SystemCoreClock
 .data.uwTickPrio
                0x20000058        0x4 Drivers\STM32F1xx_HAL_Driver\Src\stm32f1xx_hal.o
                0x20000058                uwTickPrio
 .data.uwTickFreq
                0x2000005c        0x1 Drivers\STM32F1xx_HAL_Driver\Src\stm32f1xx_hal.o
                0x2000005c                uwTickFreq
 .data.Stat     0x2000005d        0x1 FATFS\Target\user_diskio.o
 *fill*         0x2000005e        0x2 
 .data.USER_Driver
                0x20000060       0x14 FATFS\Target\user_diskio.o
                0x20000060                USER_Driver
 .data.USBD_MSC
                0x20000074       0x38 MSC\Src\usbd_msc.o
                0x20000074                USBD_MSC
 .data.USBD_MSC_CfgHSDesc
                0x200000ac       0x20 MSC\Src\usbd_msc.o
                0x200000ac                USBD_MSC_CfgHSDesc
 .data.USBD_MSC_CfgFSDesc
                0x200000cc       0x20 MSC\Src\usbd_msc.o
                0x200000cc                USBD_MSC_CfgFSDesc
 .data.USBD_MSC_OtherSpeedCfgDesc
                0x200000ec       0x20 MSC\Src\usbd_msc.o
                0x200000ec                USBD_MSC_OtherSpeedCfgDesc
 .data.USBD_MSC_DeviceQualifierDesc
                0x2000010c        0xa MSC\Src\usbd_msc.o
                0x2000010c                USBD_MSC_DeviceQualifierDesc
 *fill*         0x20000116        0x2 
 .data.USBD_CUSTOM_HID
                0x20000118       0x38 Middlewares\ST\STM32_USB_Device_Library\Class\CustomHID\Src\usbd_customhid.o
                0x20000118                USBD_CUSTOM_HID
 .data.USBD_CUSTOM_HID_CfgFSDesc
                0x20000150       0x29 Middlewares\ST\STM32_USB_Device_Library\Class\CustomHID\Src\usbd_customhid.o
 *fill*         0x20000179        0x3 
 .data.USBD_CUSTOM_HID_CfgHSDesc
                0x2000017c       0x29 Middlewares\ST\STM32_USB_Device_Library\Class\CustomHID\Src\usbd_customhid.o
 *fill*         0x200001a5        0x3 
 .data.USBD_CUSTOM_HID_OtherSpeedCfgDesc
                0x200001a8       0x29 Middlewares\ST\STM32_USB_Device_Library\Class\CustomHID\Src\usbd_customhid.o
 *fill*         0x200001d1        0x3 
 .data.USBD_CUSTOM_HID_Desc
                0x200001d4        0x9 Middlewares\ST\STM32_USB_Device_Library\Class\CustomHID\Src\usbd_customhid.o
 *fill*         0x200001dd        0x3 
 .data.USBD_CUSTOM_HID_DeviceQualifierDesc
                0x200001e0        0xa Middlewares\ST\STM32_USB_Device_Library\Class\CustomHID\Src\usbd_customhid.o
 *fill*         0x200001ea        0x2 
 .data.uxCriticalNesting
                0x200001ec        0x4 Middlewares\Third_Party\FreeRTOS\Source\portable\GCC\ARM_CM3\port.o
 .data.CUSTOM_HID_ReportDesc_FS
                0x200001f0       0x5f USB_DEVICE\App\usbd_custom_hid_if.o
 *fill*         0x2000024f        0x1 
 .data.USBD_CustomHID_fops_FS
                0x20000250       0x10 USB_DEVICE\App\usbd_custom_hid_if.o
                0x20000250                USBD_CustomHID_fops_FS
 .data.FS_Desc  0x20000260       0x1c USB_DEVICE\App\usbd_desc.o
                0x20000260                FS_Desc
 .data.USBD_FS_DeviceDesc
                0x2000027c       0x12 USB_DEVICE\App\usbd_desc.o
                0x2000027c                USBD_FS_DeviceDesc
 *fill*         0x2000028e        0x2 
 .data.USBD_LangIDDesc
                0x20000290        0x4 USB_DEVICE\App\usbd_desc.o
                0x20000290                USBD_LangIDDesc
 .data.USBD_StringSerial
                0x20000294       0x1a USB_DEVICE\App\usbd_desc.o
                0x20000294                USBD_StringSerial
 *fill*         0x200002ae        0x2 
 .data._impure_ptr
                0x200002b0        0x4 c:/program files (x86)/atollic/truestudio for stm32 9.3.0/armtools/bin/../lib/gcc/arm-atollic-eabi/6.3.1/../../../../arm-atollic-eabi/lib/armv7-m\libc_nano.a(lib_a-impure.o)
                0x200002b0                _impure_ptr
 .data.impure_data
                0x200002b4       0x60 c:/program files (x86)/atollic/truestudio for stm32 9.3.0/armtools/bin/../lib/gcc/arm-atollic-eabi/6.3.1/../../../../arm-atollic-eabi/lib/armv7-m\libc_nano.a(lib_a-impure.o)
                0x20000314                . = ALIGN (0x4)
                0x20000314                _edata = .

.igot.plt       0x20000314        0x0 load address 0x0800d354
 .igot.plt      0x20000314        0x0 c:/program files (x86)/atollic/truestudio for stm32 9.3.0/armtools/bin/../lib/gcc/arm-atollic-eabi/6.3.1/armv7-m/crtbegin.o
                0x20000314                . = ALIGN (0x4)

.bss            0x20000314     0x366c load address 0x0800d354
                0x20000314                _sbss = .
                0x20000314                __bss_start__ = _sbss
 *(.bss)
 .bss           0x20000314       0x1c c:/program files (x86)/atollic/truestudio for stm32 9.3.0/armtools/bin/../lib/gcc/arm-atollic-eabi/6.3.1/armv7-m/crtbegin.o
 *(.bss*)
 .bss.hid_usb_init
                0x20000330        0x1 Core\Src\freertos.o
                0x20000330                hid_usb_init
 *fill*         0x20000331        0x3 
 .bss.xIdleTaskTCBBuffer
                0x20000334       0x54 Core\Src\freertos.o
 .bss.xIdleStack
                0x20000388      0x200 Core\Src\freertos.o
 .bss.xTimerTaskTCBBuffer
                0x20000588       0x54 Core\Src\freertos.o
 .bss.xTimerStack
                0x200005dc      0x400 Core\Src\freertos.o
 .bss.i.9150    0x200009dc        0x2 Core\Src\freertos.o
 .bss.st.9161   0x200009de        0x1 Core\Src\freertos.o
 .bss.st.9169   0x200009df        0x1 Core\Src\freertos.o
 .bss.st.9177   0x200009e0        0x1 Core\Src\freertos.o
 .bss.st.9185   0x200009e1        0x1 Core\Src\freertos.o
 .bss.st.9193   0x200009e2        0x1 Core\Src\freertos.o
 .bss.st.9201   0x200009e3        0x1 Core\Src\freertos.o
 .bss.st.9209   0x200009e4        0x1 Core\Src\freertos.o
 .bss.st.9217   0x200009e5        0x1 Core\Src\freertos.o
 .bss.st.9225   0x200009e6        0x1 Core\Src\freertos.o
 .bss.st.9233   0x200009e7        0x1 Core\Src\freertos.o
 .bss.heap_end.5887
                0x200009e8        0x4 Core\Src\syscalls.o
 .bss.st_info   0x200009ec        0x8 Core\Src\usbd_storage_if.o
                0x200009ec                st_info
 .bss.cfgidx.8138
                0x200009f4        0x1 Middlewares\ST\STM32_USB_Device_Library\Core\Src\usbd_ctlreq.o
 *fill*         0x200009f5        0x3 
 .bss.disk      0x200009f8        0xc Middlewares\Third_Party\FatFs\src\ff_gen_drv.o
                0x200009f8                disk
 .bss.ucMaxSysCallPriority
                0x20000a04        0x1 Middlewares\Third_Party\FreeRTOS\Source\portable\GCC\ARM_CM3\port.o
 *fill*         0x20000a05        0x3 
 .bss.ulMaxPRIGROUPValue
                0x20000a08        0x4 Middlewares\Third_Party\FreeRTOS\Source\portable\GCC\ARM_CM3\port.o
 .bss.ucHeap    0x20000a0c      0xfa0 Middlewares\Third_Party\FreeRTOS\Source\portable\MemMang\heap_4.o
 .bss.xStart    0x200019ac        0x8 Middlewares\Third_Party\FreeRTOS\Source\portable\MemMang\heap_4.o
 .bss.pxEnd     0x200019b4        0x4 Middlewares\Third_Party\FreeRTOS\Source\portable\MemMang\heap_4.o
 .bss.xFreeBytesRemaining
                0x200019b8        0x4 Middlewares\Third_Party\FreeRTOS\Source\portable\MemMang\heap_4.o
 .bss.xMinimumEverFreeBytesRemaining
                0x200019bc        0x4 Middlewares\Third_Party\FreeRTOS\Source\portable\MemMang\heap_4.o
 .bss.xBlockAllocatedBit
                0x200019c0        0x4 Middlewares\Third_Party\FreeRTOS\Source\portable\MemMang\heap_4.o
 .bss.pxCurrentTCB
                0x200019c4        0x4 Middlewares\Third_Party\FreeRTOS\Source\tasks.o
                0x200019c4                pxCurrentTCB
 .bss.pxReadyTasksLists
                0x200019c8       0x8c Middlewares\Third_Party\FreeRTOS\Source\tasks.o
 .bss.xDelayedTaskList1
                0x20001a54       0x14 Middlewares\Third_Party\FreeRTOS\Source\tasks.o
 .bss.xDelayedTaskList2
                0x20001a68       0x14 Middlewares\Third_Party\FreeRTOS\Source\tasks.o
 .bss.pxDelayedTaskList
                0x20001a7c        0x4 Middlewares\Third_Party\FreeRTOS\Source\tasks.o
 .bss.pxOverflowDelayedTaskList
                0x20001a80        0x4 Middlewares\Third_Party\FreeRTOS\Source\tasks.o
 .bss.xPendingReadyList
                0x20001a84       0x14 Middlewares\Third_Party\FreeRTOS\Source\tasks.o
 .bss.xTasksWaitingTermination
                0x20001a98       0x14 Middlewares\Third_Party\FreeRTOS\Source\tasks.o
 .bss.uxDeletedTasksWaitingCleanUp
                0x20001aac        0x4 Middlewares\Third_Party\FreeRTOS\Source\tasks.o
 .bss.xSuspendedTaskList
                0x20001ab0       0x14 Middlewares\Third_Party\FreeRTOS\Source\tasks.o
 .bss.uxCurrentNumberOfTasks
                0x20001ac4        0x4 Middlewares\Third_Party\FreeRTOS\Source\tasks.o
 .bss.xTickCount
                0x20001ac8        0x4 Middlewares\Third_Party\FreeRTOS\Source\tasks.o
 .bss.uxTopReadyPriority
                0x20001acc        0x4 Middlewares\Third_Party\FreeRTOS\Source\tasks.o
 .bss.xSchedulerRunning
                0x20001ad0        0x4 Middlewares\Third_Party\FreeRTOS\Source\tasks.o
 .bss.uxPendedTicks
                0x20001ad4        0x4 Middlewares\Third_Party\FreeRTOS\Source\tasks.o
 .bss.xYieldPending
                0x20001ad8        0x4 Middlewares\Third_Party\FreeRTOS\Source\tasks.o
 .bss.xNumOfOverflows
                0x20001adc        0x4 Middlewares\Third_Party\FreeRTOS\Source\tasks.o
 .bss.uxTaskNumber
                0x20001ae0        0x4 Middlewares\Third_Party\FreeRTOS\Source\tasks.o
 .bss.xNextTaskUnblockTime
                0x20001ae4        0x4 Middlewares\Third_Party\FreeRTOS\Source\tasks.o
 .bss.xIdleTaskHandle
                0x20001ae8        0x4 Middlewares\Third_Party\FreeRTOS\Source\tasks.o
 .bss.uxSchedulerSuspended
                0x20001aec        0x4 Middlewares\Third_Party\FreeRTOS\Source\tasks.o
 .bss.xActiveTimerList1
                0x20001af0       0x14 Middlewares\Third_Party\FreeRTOS\Source\timers.o
 .bss.xActiveTimerList2
                0x20001b04       0x14 Middlewares\Third_Party\FreeRTOS\Source\timers.o
 .bss.pxCurrentTimerList
                0x20001b18        0x4 Middlewares\Third_Party\FreeRTOS\Source\timers.o
 .bss.pxOverflowTimerList
                0x20001b1c        0x4 Middlewares\Third_Party\FreeRTOS\Source\timers.o
 .bss.xTimerQueue
                0x20001b20        0x4 Middlewares\Third_Party\FreeRTOS\Source\timers.o
 .bss.xTimerTaskHandle
                0x20001b24        0x4 Middlewares\Third_Party\FreeRTOS\Source\timers.o
 .bss.xLastTime.5453
                0x20001b28        0x4 Middlewares\Third_Party\FreeRTOS\Source\timers.o
 .bss.ucStaticTimerQueueStorage.5502
                0x20001b2c       0x78 Middlewares\Third_Party\FreeRTOS\Source\timers.o
 .bss.xStaticTimerQueue.5501
                0x20001ba4       0x48 Middlewares\Third_Party\FreeRTOS\Source\timers.o
 .bss.mem.8191  0x20001bec       0x1c USB_DEVICE\Target\usbd_conf.o
 .bss.__malloc_free_list
                0x20001c08        0x4 c:/program files (x86)/atollic/truestudio for stm32 9.3.0/armtools/bin/../lib/gcc/arm-atollic-eabi/6.3.1/../../../../arm-atollic-eabi/lib/armv7-m\libc_nano.a(lib_a-nano-mallocr.o)
                0x20001c08                __malloc_free_list
 .bss.__malloc_sbrk_start
                0x20001c0c        0x4 c:/program files (x86)/atollic/truestudio for stm32 9.3.0/armtools/bin/../lib/gcc/arm-atollic-eabi/6.3.1/../../../../arm-atollic-eabi/lib/armv7-m\libc_nano.a(lib_a-nano-mallocr.o)
                0x20001c0c                __malloc_sbrk_start
 *(COMMON)
 COMMON         0x20001c10        0x8 Core\Src\crc.o
                0x20001c10                hcrc
 COMMON         0x20001c18       0x54 Core\Src\freertos.o
                0x20001c18                defaultTaskHandle
                0x20001c1c                periodic_click_event_tmrHandle
                0x20001c20                hid_entry_tmr_handle_arr
                0x20001c48                Hid_QueueHandle
                0x20001c4c                Hid_TaskHandle
                0x20001c50                delay_click_event_tmrHandle
                0x20001c54                Buttons_Off_Tmr_Handle
                0x20001c58                Ram_MSD_TaskHandle
                0x20001c5c                Ram_MSD_MutexHandle
                0x20001c60                Mouse_TaskHandle
                0x20001c64                Usb_TaskHandle
                0x20001c68                Usb_QueueHandle
 COMMON         0x20001c6c       0x22 Core\Src\hid_state.o
                0x20001c6c                hid_state
 *fill*         0x20001c8e        0x2 
 COMMON         0x20001c90       0x48 Core\Src\stm32f1xx_hal_timebase_tim.o
                0x20001c90                htim4
 COMMON         0x20001cd8       0x48 Core\Src\tim.o
                0x20001cd8                htim1
 COMMON         0x20001d20     0x1000 Core\Src\usbd_storage_if.o
                0x20001d20                ram_msd
 COMMON         0x20002d20        0x4 Drivers\STM32F1xx_HAL_Driver\Src\stm32f1xx_hal.o
                0x20002d20                uwTick
 COMMON         0x20002d24      0x468 FATFS\App\fatfs.o
                0x20002d24                USERPath
                0x20002d28                retUSER
                0x20002d2c                USERFile
                0x20002f58                USERFatFS
 COMMON         0x2000318c       0x40 Middlewares\Third_Party\FreeRTOS\Source\queue.o
                0x2000318c                xQueueRegistry
 COMMON         0x200031cc      0x2c4 USB_DEVICE\App\usb_device.o
                0x200031cc                hUsbDeviceFS
 COMMON         0x20003490      0x200 USB_DEVICE\App\usbd_desc.o
                0x20003490                USBD_StrDesc
 COMMON         0x20003690      0x2ec USB_DEVICE\Target\usbd_conf.o
                0x20003690                hpcd_USB_FS
 COMMON         0x2000397c        0x4 c:/program files (x86)/atollic/truestudio for stm32 9.3.0/armtools/bin/../lib/gcc/arm-atollic-eabi/6.3.1/../../../../arm-atollic-eabi/lib/armv7-m\libc_nano.a(lib_a-reent.o)
                0x2000397c                errno
                0x20003980                . = ALIGN (0x4)
                0x20003980                _ebss = .
                0x20003980                __bss_end__ = _ebss

._user_heap_stack
                0x20003980      0x600 load address 0x0800d354
                0x20003980                . = ALIGN (0x4)
                0x20003980                PROVIDE (end, .)
                [!provide]                PROVIDE (_end, .)
                0x20003b80                . = (. + _Min_Heap_Size)
 *fill*         0x20003980      0x200 
                0x20003f80                . = (. + _Min_Stack_Size)
 *fill*         0x20003b80      0x400 
                0x20003f80                . = ALIGN (0x4)

/DISCARD/
 libc.a(*)
 libm.a(*)
 libgcc.a(*)

.ARM.attributes
                0x00000000       0x29
 *(.ARM.attributes)
 .ARM.attributes
                0x00000000       0x1d c:/program files (x86)/atollic/truestudio for stm32 9.3.0/armtools/bin/../lib/gcc/arm-atollic-eabi/6.3.1/armv7-m/crti.o
 .ARM.attributes
                0x0000001d       0x2d c:/program files (x86)/atollic/truestudio for stm32 9.3.0/armtools/bin/../lib/gcc/arm-atollic-eabi/6.3.1/armv7-m/crtbegin.o
 .ARM.attributes
                0x0000004a       0x33 Core\Src\crc.o
 .ARM.attributes
                0x0000007d       0x33 Core\Src\freertos.o
 .ARM.attributes
                0x000000b0       0x33 Core\Src\gpio.o
 .ARM.attributes
                0x000000e3       0x33 Core\Src\hid_state.o
 .ARM.attributes
                0x00000116       0x33 Core\Src\main.o
 .ARM.attributes
                0x00000149       0x33 Core\Src\stm32f1xx_hal_msp.o
 .ARM.attributes
                0x0000017c       0x33 Core\Src\stm32f1xx_hal_timebase_tim.o
 .ARM.attributes
                0x000001af       0x33 Core\Src\stm32f1xx_it.o
 .ARM.attributes
                0x000001e2       0x33 Core\Src\syscalls.o
 .ARM.attributes
                0x00000215       0x33 Core\Src\tim.o
 .ARM.attributes
                0x00000248       0x33 Core\Src\usbd_storage_if.o
 .ARM.attributes
                0x0000027b       0x33 Drivers\CMSIS\Device\ST\STM32F1xx\Source\Templates\system_stm32f1xx.o
 .ARM.attributes
                0x000002ae       0x33 Drivers\STM32F1xx_HAL_Driver\Src\stm32f1xx_hal.o
 .ARM.attributes
                0x000002e1       0x33 Drivers\STM32F1xx_HAL_Driver\Src\stm32f1xx_hal_cortex.o
 .ARM.attributes
                0x00000314       0x33 Drivers\STM32F1xx_HAL_Driver\Src\stm32f1xx_hal_crc.o
 .ARM.attributes
                0x00000347       0x33 Drivers\STM32F1xx_HAL_Driver\Src\stm32f1xx_hal_gpio.o
 .ARM.attributes
                0x0000037a       0x33 Drivers\STM32F1xx_HAL_Driver\Src\stm32f1xx_hal_pcd.o
 .ARM.attributes
                0x000003ad       0x33 Drivers\STM32F1xx_HAL_Driver\Src\stm32f1xx_hal_pcd_ex.o
 .ARM.attributes
                0x000003e0       0x33 Drivers\STM32F1xx_HAL_Driver\Src\stm32f1xx_hal_rcc.o
 .ARM.attributes
                0x00000413       0x33 Drivers\STM32F1xx_HAL_Driver\Src\stm32f1xx_hal_rcc_ex.o
 .ARM.attributes
                0x00000446       0x33 Drivers\STM32F1xx_HAL_Driver\Src\stm32f1xx_hal_tim.o
 .ARM.attributes
                0x00000479       0x33 Drivers\STM32F1xx_HAL_Driver\Src\stm32f1xx_hal_tim_ex.o
 .ARM.attributes
                0x000004ac       0x33 Drivers\STM32F1xx_HAL_Driver\Src\stm32f1xx_ll_usb.o
 .ARM.attributes
                0x000004df       0x33 FATFS\App\fatfs.o
 .ARM.attributes
                0x00000512       0x33 FATFS\Target\user_diskio.o
 .ARM.attributes
                0x00000545       0x33 MSC\Src\usbd_msc.o
 .ARM.attributes
                0x00000578       0x33 MSC\Src\usbd_msc_bot.o
 .ARM.attributes
                0x000005ab       0x33 MSC\Src\usbd_msc_data.o
 .ARM.attributes
                0x000005de       0x33 MSC\Src\usbd_msc_scsi.o
 .ARM.attributes
                0x00000611       0x33 Middlewares\ST\STM32_USB_Device_Library\Class\CustomHID\Src\usbd_customhid.o
 .ARM.attributes
                0x00000644       0x33 Middlewares\ST\STM32_USB_Device_Library\Core\Src\usbd_core.o
 .ARM.attributes
                0x00000677       0x33 Middlewares\ST\STM32_USB_Device_Library\Core\Src\usbd_ctlreq.o
 .ARM.attributes
                0x000006aa       0x33 Middlewares\ST\STM32_USB_Device_Library\Core\Src\usbd_ioreq.o
 .ARM.attributes
                0x000006dd       0x33 Middlewares\Third_Party\FatFs\src\ff_gen_drv.o
 .ARM.attributes
                0x00000710       0x33 Middlewares\Third_Party\FreeRTOS\Source\CMSIS_RTOS\cmsis_os.o
 .ARM.attributes
                0x00000743       0x33 Middlewares\Third_Party\FreeRTOS\Source\list.o
 .ARM.attributes
                0x00000776       0x33 Middlewares\Third_Party\FreeRTOS\Source\portable\GCC\ARM_CM3\port.o
 .ARM.attributes
                0x000007a9       0x33 Middlewares\Third_Party\FreeRTOS\Source\portable\MemMang\heap_4.o
 .ARM.attributes
                0x000007dc       0x33 Middlewares\Third_Party\FreeRTOS\Source\queue.o
 .ARM.attributes
                0x0000080f       0x33 Middlewares\Third_Party\FreeRTOS\Source\tasks.o
 .ARM.attributes
                0x00000842       0x33 Middlewares\Third_Party\FreeRTOS\Source\timers.o
 .ARM.attributes
                0x00000875       0x33 USB_DEVICE\App\usb_device.o
 .ARM.attributes
                0x000008a8       0x33 USB_DEVICE\App\usbd_custom_hid_if.o
 .ARM.attributes
                0x000008db       0x33 USB_DEVICE\App\usbd_desc.o
 .ARM.attributes
                0x0000090e       0x33 USB_DEVICE\Target\usbd_conf.o
 .ARM.attributes
                0x00000941       0x21 startup\startup_stm32f103xb.o
 .ARM.attributes
                0x00000962       0x2d c:/program files (x86)/atollic/truestudio for stm32 9.3.0/armtools/bin/../lib/gcc/arm-atollic-eabi/6.3.1/../../../../arm-atollic-eabi/lib/armv7-m\libc_nano.a(lib_a-errno.o)
 .ARM.attributes
                0x0000098f       0x2d c:/program files (x86)/atollic/truestudio for stm32 9.3.0/armtools/bin/../lib/gcc/arm-atollic-eabi/6.3.1/../../../../arm-atollic-eabi/lib/armv7-m\libc_nano.a(lib_a-impure.o)
 .ARM.attributes
                0x000009bc       0x2d c:/program files (x86)/atollic/truestudio for stm32 9.3.0/armtools/bin/../lib/gcc/arm-atollic-eabi/6.3.1/../../../../arm-atollic-eabi/lib/armv7-m\libc_nano.a(lib_a-init.o)
 .ARM.attributes
                0x000009e9       0x2d c:/program files (x86)/atollic/truestudio for stm32 9.3.0/armtools/bin/../lib/gcc/arm-atollic-eabi/6.3.1/../../../../arm-atollic-eabi/lib/armv7-m\libc_nano.a(lib_a-memcpy-stub.o)
 .ARM.attributes
                0x00000a16       0x2d c:/program files (x86)/atollic/truestudio for stm32 9.3.0/armtools/bin/../lib/gcc/arm-atollic-eabi/6.3.1/../../../../arm-atollic-eabi/lib/armv7-m\libc_nano.a(lib_a-memset.o)
 .ARM.attributes
                0x00000a43       0x2d c:/program files (x86)/atollic/truestudio for stm32 9.3.0/armtools/bin/../lib/gcc/arm-atollic-eabi/6.3.1/../../../../arm-atollic-eabi/lib/armv7-m\libc_nano.a(lib_a-sprintf.o)
 .ARM.attributes
                0x00000a70       0x2d c:/program files (x86)/atollic/truestudio for stm32 9.3.0/armtools/bin/../lib/gcc/arm-atollic-eabi/6.3.1/../../../../arm-atollic-eabi/lib/armv7-m\libc_nano.a(lib_a-nano-svfprintf.o)
 .ARM.attributes
                0x00000a9d       0x2d c:/program files (x86)/atollic/truestudio for stm32 9.3.0/armtools/bin/../lib/gcc/arm-atollic-eabi/6.3.1/../../../../arm-atollic-eabi/lib/armv7-m\libc_nano.a(lib_a-nano-vfprintf_i.o)
 .ARM.attributes
                0x00000aca       0x2d c:/program files (x86)/atollic/truestudio for stm32 9.3.0/armtools/bin/../lib/gcc/arm-atollic-eabi/6.3.1/../../../../arm-atollic-eabi/lib/armv7-m\libc_nano.a(lib_a-memchr-stub.o)
 .ARM.attributes
                0x00000af7       0x2d c:/program files (x86)/atollic/truestudio for stm32 9.3.0/armtools/bin/../lib/gcc/arm-atollic-eabi/6.3.1/../../../../arm-atollic-eabi/lib/armv7-m\libc_nano.a(lib_a-memmove.o)
 .ARM.attributes
                0x00000b24       0x2d c:/program files (x86)/atollic/truestudio for stm32 9.3.0/armtools/bin/../lib/gcc/arm-atollic-eabi/6.3.1/../../../../arm-atollic-eabi/lib/armv7-m\libc_nano.a(lib_a-nano-freer.o)
 .ARM.attributes