Archive member included to satisfy reference by file (symbol)

c:/program files (x86)/atollic/truestudio for stm32 9.3.0/armtools/bin/../lib/gcc/arm-atollic-eabi/6.3.1/../../../../arm-atollic-eabi/lib/armv7-m\libc_nano.a(lib_a-errno.o)
                              Core\Src\syscalls.o (__errno)
c:/program files (x86)/atollic/truestudio for stm32 9.3.0/armtools/bin/../lib/gcc/arm-atollic-eabi/6.3.1/../../../../arm-atollic-eabi/lib/armv7-m\libc_nano.a(lib_a-impure.o)
                              c:/program files (x86)/atollic/truestudio for stm32 9.3.0/armtools/bin/../lib/gcc/arm-atollic-eabi/6.3.1/../../../../arm-atollic-eabi/lib/armv7-m\libc_nano.a(lib_a-errno.o) (_impure_ptr)
c:/program files (x86)/atollic/truestudio for stm32 9.3.0/armtools/bin/../lib/gcc/arm-atollic-eabi/6.3.1/../../../../arm-atollic-eabi/lib/armv7-m\libc_nano.a(lib_a-init.o)
                              startup\startup_stm32f103xb.o (__libc_init_array)
c:/program files (x86)/atollic/truestudio for stm32 9.3.0/armtools/bin/../lib/gcc/arm-atollic-eabi/6.3.1/../../../../arm-atollic-eabi/lib/armv7-m\libc_nano.a(lib_a-memcpy-stub.o)
                              Middlewares\Third_Party\FreeRTOS\Source\queue.o (memcpy)
c:/program files (x86)/atollic/truestudio for stm32 9.3.0/armtools/bin/../lib/gcc/arm-atollic-eabi/6.3.1/../../../../arm-atollic-eabi/lib/armv7-m\libc_nano.a(lib_a-memset.o)
                              Core\Src\main.o (memset)
c:/program files (x86)/atollic/truestudio for stm32 9.3.0/armtools/bin/../lib/gcc/arm-atollic-eabi/6.3.1/../../../../arm-atollic-eabi/lib/armv7-m\libc_nano.a(lib_a-sprintf.o)
                              Core\Src\freertos.o (sprintf)
c:/program files (x86)/atollic/truestudio for stm32 9.3.0/armtools/bin/../lib/gcc/arm-atollic-eabi/6.3.1/../../../../arm-atollic-eabi/lib/armv7-m\libc_nano.a(lib_a-nano-svfprintf.o)
                              c:/program files (x86)/atollic/truestudio for stm32 9.3.0/armtools/bin/../lib/gcc/arm-atollic-eabi/6.3.1/../../../../arm-atollic-eabi/lib/armv7-m\libc_nano.a(lib_a-sprintf.o) (_svfprintf_r)
c:/program files (x86)/atollic/truestudio for stm32 9.3.0/armtools/bin/../lib/gcc/arm-atollic-eabi/6.3.1/../../../../arm-atollic-eabi/lib/armv7-m\libc_nano.a(lib_a-nano-vfprintf_i.o)
                              c:/program files (x86)/atollic/truestudio for stm32 9.3.0/armtools/bin/../lib/gcc/arm-atollic-eabi/6.3.1/../../../../arm-atollic-eabi/lib/armv7-m\libc_nano.a(lib_a-nano-svfprintf.o) (_printf_i)
c:/program files (x86)/atollic/truestudio for stm32 9.3.0/armtools/bin/../lib/gcc/arm-atollic-eabi/6.3.1/../../../../arm-atollic-eabi/lib/armv7-m\libc_nano.a(lib_a-memchr-stub.o)
                              c:/program files (x86)/atollic/truestudio for stm32 9.3.0/armtools/bin/../lib/gcc/arm-atollic-eabi/6.3.1/../../../../arm-atollic-eabi/lib/armv7-m\libc_nano.a(lib_a-nano-svfprintf.o) (memchr)
c:/program files (x86)/atollic/truestudio for stm32 9.3.0/armtools/bin/../lib/gcc/arm-atollic-eabi/6.3.1/../../../../arm-atollic-eabi/lib/armv7-m\libc_nano.a(lib_a-memmove.o)
                              c:/program files (x86)/atollic/truestudio for stm32 9.3.0/armtools/bin/../lib/gcc/arm-atollic-eabi/6.3.1/../../../../arm-atollic-eabi/lib/armv7-m\libc_nano.a(lib_a-nano-svfprintf.o) (memmove)
c:/program files (x86)/atollic/truestudio for stm32 9.3.0/armtools/bin/../lib/gcc/arm-atollic-eabi/6.3.1/../../../../arm-atollic-eabi/lib/armv7-m\libc_nano.a(lib_a-nano-freer.o)
                              c:/program files (x86)/atollic/truestudio for stm32 9.3.0/armtools/bin/../lib/gcc/arm-atollic-eabi/6.3.1/../../../../arm-atollic-eabi/lib/armv7-m\libc_nano.a(lib_a-nano-svfprintf.o) (_free_r)
c:/program files (x86)/atollic/truestudio for stm32 9.3.0/armtools/bin/../lib/gcc/arm-atollic-eabi/6.3.1/../../../../arm-atollic-eabi/lib/armv7-m\libc_nano.a(lib_a-nano-mallocr.o)
                              c:/program files (x86)/atollic/truestudio for stm32 9.3.0/armtools/bin/../lib/gcc/arm-atollic-eabi/6.3.1/../../../../arm-atollic-eabi/lib/armv7-m\libc_nano.a(lib_a-nano-svfprintf.o) (_malloc_r)
c:/program files (x86)/atollic/truestudio for stm32 9.3.0/armtools/bin/../lib/gcc/arm-atollic-eabi/6.3.1/../../../../arm-atollic-eabi/lib/armv7-m\libc_nano.a(lib_a-nano-reallocr.o)
                              c:/program files (x86)/atollic/truestudio for stm32 9.3.0/armtools/bin/../lib/gcc/arm-atollic-eabi/6.3.1/../../../../arm-atollic-eabi/lib/armv7-m\libc_nano.a(lib_a-nano-svfprintf.o) (_realloc_r)
c:/program files (x86)/atollic/truestudio for stm32 9.3.0/armtools/bin/../lib/gcc/arm-atollic-eabi/6.3.1/../../../../arm-atollic-eabi/lib/armv7-m\libc_nano.a(lib_a-sbrkr.o)
                              c:/program files (x86)/atollic/truestudio for stm32 9.3.0/armtools/bin/../lib/gcc/arm-atollic-eabi/6.3.1/../../../../arm-atollic-eabi/lib/armv7-m\libc_nano.a(lib_a-nano-mallocr.o) (_sbrk_r)
[...]
Memory Configuration

Name             Origin             Length             Attributes
RAM              0x20000000         0x00005000         xrw
FLASH            0x08000000         0x00010000         xr
*default*        0x00000000         0xffffffff

Linker script and memory map

LOAD c:/program files (x86)/atollic/truestudio for stm32 9.3.0/armtools/bin/../lib/gcc/arm-atollic-eabi/6.3.1/armv7-m/crti.o
LOAD c:/program files (x86)/atollic/truestudio for stm32 9.3.0/armtools/bin/../lib/gcc/arm-atollic-eabi/6.3.1/armv7-m/crtbegin.o
LOAD Core\Src\crc.o
LOAD Core\Src\freertos.o
LOAD Core\Src\gpio.o
LOAD Core\Src\hid_mouse.o
LOAD Core\Src\hid_state.o
LOAD Core\Src\main.o
LOAD Core\Src\stm32f1xx_hal_msp.o
LOAD Core\Src\stm32f1xx_hal_timebase_tim.o
LOAD Core\Src\stm32f1xx_it.o
LOAD Core\Src\syscalls.o
LOAD Core\Src\tim.o
LOAD Core\Src\usbd_storage_if.o
LOAD Core\Src\ve_module.o
LOAD Drivers\CMSIS\Device\ST\STM32F1xx\Source\Templates\system_stm32f1xx.o
LOAD Drivers\STM32F1xx_HAL_Driver\Src\stm32f1xx_hal.o
LOAD Drivers\STM32F1xx_HAL_Driver\Src\stm32f1xx_hal_cortex.o
LOAD Drivers\STM32F1xx_HAL_Driver\Src\stm32f1xx_hal_crc.o
LOAD Drivers\STM32F1xx_HAL_Driver\Src\stm32f1xx_hal_dma.o
LOAD Drivers\STM32F1xx_HAL_Driver\Src\stm32f1xx_hal_exti.o
LOAD Drivers\STM32F1xx_HAL_Driver\Src\stm32f1xx_hal_flash.o
LOAD Drivers\STM32F1xx_HAL_Driver\Src\stm32f1xx_hal_flash_ex.o
LOAD Drivers\STM32F1xx_HAL_Driver\Src\stm32f1xx_hal_gpio.o
LOAD Drivers\STM32F1xx_HAL_Driver\Src\stm32f1xx_hal_gpio_ex.o
LOAD Drivers\STM32F1xx_HAL_Driver\Src\stm32f1xx_hal_pcd.o
LOAD Drivers\STM32F1xx_HAL_Driver\Src\stm32f1xx_hal_pcd_ex.o
LOAD Drivers\STM32F1xx_HAL_Driver\Src\stm32f1xx_hal_pwr.o
LOAD Drivers\STM32F1xx_HAL_Driver\Src\stm32f1xx_hal_rcc.o
LOAD Drivers\STM32F1xx_HAL_Driver\Src\stm32f1xx_hal_rcc_ex.o
LOAD Drivers\STM32F1xx_HAL_Driver\Src\stm32f1xx_hal_tim.o
LOAD Drivers\STM32F1xx_HAL_Driver\Src\stm32f1xx_hal_tim_ex.o
LOAD Drivers\STM32F1xx_HAL_Driver\Src\stm32f1xx_ll_usb.o
LOAD FATFS\App\fatfs.o
LOAD FATFS\Target\user_diskio.o
LOAD MSC\Src\usbd_msc.o
LOAD MSC\Src\usbd_msc_bot.o
LOAD MSC\Src\usbd_msc_data.o
LOAD MSC\Src\usbd_msc_scsi.o
LOAD MSC\Src\usbd_msc_storage_template.o
LOAD Middlewares\ST\STM32_USB_Device_Library\Class\CustomHID\Src\usbd_customhid.o
LOAD Middlewares\ST\STM32_USB_Device_Library\Core\Src\usbd_core.o
LOAD Middlewares\ST\STM32_USB_Device_Library\Core\Src\usbd_ctlreq.o
LOAD Middlewares\ST\STM32_USB_Device_Library\Core\Src\usbd_ioreq.o
LOAD Middlewares\Third_Party\FatFs\src\diskio.o
LOAD Middlewares\Third_Party\FatFs\src\ff.o
LOAD Middlewares\Third_Party\FatFs\src\ff_gen_drv.o
LOAD Middlewares\Third_Party\FatFs\src\option\syscall.o
LOAD Middlewares\Third_Party\FreeRTOS\Source\CMSIS_RTOS\cmsis_os.o
LOAD Middlewares\Third_Party\FreeRTOS\Source\croutine.o
LOAD Middlewares\Third_Party\FreeRTOS\Source\event_groups.o
LOAD Middlewares\Third_Party\FreeRTOS\Source\list.o
LOAD Middlewares\Third_Party\FreeRTOS\Source\portable\GCC\ARM_CM3\port.o
LOAD Middlewares\Third_Party\FreeRTOS\Source\portable\MemMang\heap_4.o
LOAD Middlewares\Third_Party\FreeRTOS\Source\queue.o
LOAD Middlewares\Third_Party\FreeRTOS\Source\stream_buffer.o
LOAD Middlewares\Third_Party\FreeRTOS\Source\tasks.o
LOAD Middlewares\Third_Party\FreeRTOS\Source\timers.o
LOAD USB_DEVICE\App\usb_device.o
LOAD USB_DEVICE\App\usbd_custom_hid_if.o
LOAD USB_DEVICE\App\usbd_desc.o
LOAD USB_DEVICE\Target\usbd_conf.o
LOAD startup\startup_stm32f103xb.o
                0x00000080                malloc_getpagesize_P = 0x80
START GROUP
LOAD c:/program files (x86)/atollic/truestudio for stm32 9.3.0/armtools/bin/../lib/gcc/arm-atollic-eabi/6.3.1/../../../../arm-atollic-eabi/lib/armv7-m\libc_nano.a
LOAD c:/program files (x86)/atollic/truestudio for stm32 9.3.0/armtools/bin/../lib/gcc/arm-atollic-eabi/6.3.1/../../../../arm-atollic-eabi/lib/armv7-m\libm.a
END GROUP
START GROUP
LOAD c:/program files (x86)/atollic/truestudio for stm32 9.3.0/armtools/bin/../lib/gcc/arm-atollic-eabi/6.3.1/armv7-m\libgcc.a
LOAD c:/program files (x86)/atollic/truestudio for stm32 9.3.0/armtools/bin/../lib/gcc/arm-atollic-eabi/6.3.1/../../../../arm-atollic-eabi/lib/armv7-m\libc_nano.a
END GROUP
START GROUP
LOAD c:/program files (x86)/atollic/truestudio for stm32 9.3.0/armtools/bin/../lib/gcc/arm-atollic-eabi/6.3.1/armv7-m\libgcc.a
LOAD c:/program files (x86)/atollic/truestudio for stm32 9.3.0/armtools/bin/../lib/gcc/arm-atollic-eabi/6.3.1/../../../../arm-atollic-eabi/lib/armv7-m\libc_nano.a
LOAD c:/program files (x86)/atollic/truestudio for stm32 9.3.0/armtools/bin/../lib/gcc/arm-atollic-eabi/6.3.1/../../../../arm-atollic-eabi/lib/armv7-m\libnosys.a
END GROUP
START GROUP
LOAD c:/program files (x86)/atollic/truestudio for stm32 9.3.0/armtools/bin/../lib/gcc/arm-atollic-eabi/6.3.1/armv7-m\libgcc.a
LOAD c:/program files (x86)/atollic/truestudio for stm32 9.3.0/armtools/bin/../lib/gcc/arm-atollic-eabi/6.3.1/../../../../arm-atollic-eabi/lib/armv7-m\libc_nano.a
LOAD c:/program files (x86)/atollic/truestudio for stm32 9.3.0/armtools/bin/../lib/gcc/arm-atollic-eabi/6.3.1/../../../../arm-atollic-eabi/lib/armv7-m\libnosys.a
END GROUP
LOAD c:/program files (x86)/atollic/truestudio for stm32 9.3.0/armtools/bin/../lib/gcc/arm-atollic-eabi/6.3.1/armv7-m/crtend.o
LOAD c:/program files (x86)/atollic/truestudio for stm32 9.3.0/armtools/bin/../lib/gcc/arm-atollic-eabi/6.3.1/armv7-m/crtn.o
                0x20005000                _estack = 0x20005000
                0x00000200                _Min_Heap_Size = 0x200
                0x00000400                _Min_Stack_Size = 0x400

.isr_vector     0x08000000      0x10c
                0x08000000                . = ALIGN (0x4)
 *(.isr_vector)
 .isr_vector    0x08000000      0x10c startup\startup_stm32f103xb.o
                0x08000000                g_pfnVectors
                0x0800010c                . = ALIGN (0x4)

.text           0x08000110     0xca4c
                0x08000110                . = ALIGN (0x4)
 *(.text)
 .text          0x08000110       0x40 c:/program files (x86)/atollic/truestudio for stm32 9.3.0/armtools/bin/../lib/gcc/arm-atollic-eabi/6.3.1/armv7-m/crtbegin.o
 *(.text*)
 .text.MX_CRC_Init
                0x08000150       0x28 Core\Src\crc.o
                0x08000150                MX_CRC_Init
 .text.HAL_CRC_MspInit
                0x08000178       0x3c Core\Src\crc.o
                0x08000178                HAL_CRC_MspInit
 .text.vApplicationGetIdleTaskMemory
                0x080001b4       0x30 Core\Src\freertos.o
                0x080001b4                vApplicationGetIdleTaskMemory
 .text.vApplicationGetTimerTaskMemory
                0x080001e4       0x34 Core\Src\freertos.o
                0x080001e4                vApplicationGetTimerTaskMemory
 .text.MX_FREERTOS_Init
                0x08000218      0x21c Core\Src\freertos.o
                0x08000218                MX_FREERTOS_Init
 .text.StartDefaultTask
                0x08000434       0x34 Core\Src\freertos.o
                0x08000434                StartDefaultTask
 .text.Start_Ram_MSD_Task
                0x08000468       0x10 Core\Src\freertos.o
                0x08000468                Start_Ram_MSD_Task
 .text.delay_click_event_tmr_Callback
                0x08000478       0x48 Core\Src\freertos.o
                0x08000478                delay_click_event_tmr_Callback
 .text.periodic_click_event_Callback
                0x080004c0       0x70 Core\Src\freertos.o
                0x080004c0                periodic_click_event_Callback
 .text.Buttons_Off_Callback
                0x08000530       0x28 Core\Src\freertos.o
                0x08000530                Buttons_Off_Callback
 .text.hid_entry_tmr_callback
                0x08000558       0x12 Core\Src\freertos.o
                0x08000558                hid_entry_tmr_callback
 .text.Start_Hid_Task
                0x0800056a       0x16 Core\Src\freertos.o
                0x0800056a                Start_Hid_Task
 .text.Start_Usb_Task
                0x08000580       0x16 Core\Src\freertos.o
                0x08000580                Start_Usb_Task
 .text.Start_Mouse_Task
                0x08000596       0x16 Core\Src\freertos.o
                0x08000596                Start_Mouse_Task
 .text.init_hid
                0x080005ac       0x24 Core\Src\freertos.o
                0x080005ac                init_hid
 .text.MX_GPIO_Init
                0x080005d0       0x84 Core\Src\gpio.o
                0x080005d0                MX_GPIO_Init
 .text.main     0x08000654       0x26 Core\Src\main.o
                0x08000654                main
 .text.SystemClock_Config
                0x0800067a       0xb6 Core\Src\main.o
                0x0800067a                SystemClock_Config
 .text.HAL_TIM_PeriodElapsedCallback
                0x08000730       0x24 Core\Src\main.o
                0x08000730                HAL_TIM_PeriodElapsedCallback
 .text.Error_Handler
                0x08000754        0x8 Core\Src\main.o
                0x08000754                Error_Handler
 .text.HAL_MspInit
                0x0800075c       0x70 Core\Src\stm32f1xx_hal_msp.o
                0x0800075c                HAL_MspInit
 .text.HAL_InitTick
                0x080007cc       0xb0 Core\Src\stm32f1xx_hal_timebase_tim.o
                0x080007cc                HAL_InitTick
 .text.NMI_Handler
                0x0800087c        0x6 Core\Src\stm32f1xx_it.o
                0x0800087c                NMI_Handler
 .text.HardFault_Handler
                0x08000882        0x6 Core\Src\stm32f1xx_it.o
                0x08000882                HardFault_Handler
 .text.MemManage_Handler
                0x08000888        0x6 Core\Src\stm32f1xx_it.o
                0x08000888                MemManage_Handler
 .text.BusFault_Handler
                0x0800088e        0x6 Core\Src\stm32f1xx_it.o
                0x0800088e                BusFault_Handler
 .text.UsageFault_Handler
                0x08000894        0x6 Core\Src\stm32f1xx_it.o
                0x08000894                UsageFault_Handler
 .text.DebugMon_Handler
                0x0800089a        0xc Core\Src\stm32f1xx_it.o
                0x0800089a                DebugMon_Handler
 *fill*         0x080008a6        0x2 
 .text.USB_LP_CAN1_RX0_IRQHandler
                0x080008a8       0x14 Core\Src\stm32f1xx_it.o
                0x080008a8                USB_LP_CAN1_RX0_IRQHandler
 .text.TIM4_IRQHandler
                0x080008bc       0x14 Core\Src\stm32f1xx_it.o
                0x080008bc                TIM4_IRQHandler
 .text._sbrk    0x080008d0       0x58 Core\Src\syscalls.o
                0x080008d0                _sbrk
 .text.MX_TIM1_Init
                0x08000928       0xa0 Core\Src\tim.o
                0x08000928                MX_TIM1_Init
 .text.HAL_TIM_Base_MspInit
                0x080009c8       0x3c Core\Src\tim.o
                0x080009c8                HAL_TIM_Base_MspInit
 .text.STORAGE_Init_FS
                0x08000a04       0x16 Core\Src\usbd_storage_if.o
 .text.STORAGE_GetCapacity_FS
                0x08000a1a       0x28 Core\Src\usbd_storage_if.o
 .text.STORAGE_IsReady_FS
                0x08000a42       0x16 Core\Src\usbd_storage_if.o
 .text.STORAGE_IsWriteProtected_FS
                0x08000a58       0x16 Core\Src\usbd_storage_if.o
 *fill*         0x08000a6e        0x2 
 .text.STORAGE_Read_FS
                0x08000a70       0x64 Core\Src\usbd_storage_if.o
 .text.STORAGE_Write_FS
                0x08000ad4       0x6c Core\Src\usbd_storage_if.o
 .text.STORAGE_GetMaxLun_FS
                0x08000b40        0xe Core\Src\usbd_storage_if.o
 *fill*         0x08000b4e        0x2 
 .text.eof_check
                0x08000b50       0x90 Core\Src\usbd_storage_if.o
 .text.SystemInit
                0x08000be0        0xc Drivers\CMSIS\Device\ST\STM32F1xx\Source\Templates\system_stm32f1xx.o
                0x08000be0                SystemInit
 .text.HAL_Init
                0x08000bec       0x2c Drivers\STM32F1xx_HAL_Driver\Src\stm32f1xx_hal.o
                0x08000bec                HAL_Init
 .text.HAL_IncTick
                0x08000c18       0x24 Drivers\STM32F1xx_HAL_Driver\Src\stm32f1xx_hal.o
                0x08000c18                HAL_IncTick
 .text.HAL_GetTick
                0x08000c3c       0x14 Drivers\STM32F1xx_HAL_Driver\Src\stm32f1xx_hal.o
                0x08000c3c                HAL_GetTick
 .text.__NVIC_SetPriorityGrouping
                0x08000c50       0x48 Drivers\STM32F1xx_HAL_Driver\Src\stm32f1xx_hal_cortex.o
 .text.__NVIC_GetPriorityGrouping
                0x08000c98       0x1c Drivers\STM32F1xx_HAL_Driver\Src\stm32f1xx_hal_cortex.o
 .text.__NVIC_EnableIRQ
                0x08000cb4       0x38 Drivers\STM32F1xx_HAL_Driver\Src\stm32f1xx_hal_cortex.o
 .text.__NVIC_SetPriority
                0x08000cec       0x54 Drivers\STM32F1xx_HAL_Driver\Src\stm32f1xx_hal_cortex.o
 .text.NVIC_EncodePriority
                0x08000d40       0x60 Drivers\STM32F1xx_HAL_Driver\Src\stm32f1xx_hal_cortex.o
 .text.HAL_NVIC_SetPriorityGrouping
                0x08000da0       0x16 Drivers\STM32F1xx_HAL_Driver\Src\stm32f1xx_hal_cortex.o
                0x08000da0                HAL_NVIC_SetPriorityGrouping
 .text.HAL_NVIC_SetPriority
                0x08000db6       0x38 Drivers\STM32F1xx_HAL_Driver\Src\stm32f1xx_hal_cortex.o
                0x08000db6                HAL_NVIC_SetPriority
 .text.HAL_NVIC_EnableIRQ
                0x08000dee       0x1c Drivers\STM32F1xx_HAL_Driver\Src\stm32f1xx_hal_cortex.o
                0x08000dee                HAL_NVIC_EnableIRQ
 .text.HAL_CRC_Init
                0x08000e0a       0x38 Drivers\STM32F1xx_HAL_Driver\Src\stm32f1xx_hal_crc.o
                0x08000e0a                HAL_CRC_Init
 *fill*         0x08000e42        0x2 
 .text.HAL_GPIO_Init
                0x08000e44      0x2b4 Drivers\STM32F1xx_HAL_Driver\Src\stm32f1xx_hal_gpio.o
                0x08000e44                HAL_GPIO_Init
 .text.HAL_PCD_Init
                0x080010f8      0x216 Drivers\STM32F1xx_HAL_Driver\Src\stm32f1xx_hal_pcd.o
                0x080010f8                HAL_PCD_Init
 .text.HAL_PCD_Start
                0x0800130e       0x4c Drivers\STM32F1xx_HAL_Driver\Src\stm32f1xx_hal_pcd.o
                0x0800130e                HAL_PCD_Start
 .text.HAL_PCD_IRQHandler
                0x0800135a      0x2aa Drivers\STM32F1xx_HAL_Driver\Src\stm32f1xx_hal_pcd.o
                0x0800135a                HAL_PCD_IRQHandler
 .text.HAL_PCD_SetAddress
                0x08001604       0x4a Drivers\STM32F1xx_HAL_Driver\Src\stm32f1xx_hal_pcd.o
                0x08001604                HAL_PCD_SetAddress
 .text.HAL_PCD_EP_Open
                0x0800164e       0xcc Drivers\STM32F1xx_HAL_Driver\Src\stm32f1xx_hal_pcd.o
                0x0800164e                HAL_PCD_EP_Open
 .text.HAL_PCD_EP_Close
                0x0800171a       0x90 Drivers\STM32F1xx_HAL_Driver\Src\stm32f1xx_hal_pcd.o
                0x0800171a                HAL_PCD_EP_Close
 .text.HAL_PCD_EP_Receive
                0x080017aa       0x7a Drivers\STM32F1xx_HAL_Driver\Src\stm32f1xx_hal_pcd.o
                0x080017aa                HAL_PCD_EP_Receive
 .text.HAL_PCD_EP_GetRxCount
                0x08001824       0x2e Drivers\STM32F1xx_HAL_Driver\Src\stm32f1xx_hal_pcd.o
                0x08001824                HAL_PCD_EP_GetRxCount
 .text.HAL_PCD_EP_Transmit
                0x08001852       0x86 Drivers\STM32F1xx_HAL_Driver\Src\stm32f1xx_hal_pcd.o
                0x08001852                HAL_PCD_EP_Transmit
 .text.HAL_PCD_EP_SetStall
                0x080018d8       0xc0 Drivers\STM32F1xx_HAL_Driver\Src\stm32f1xx_hal_pcd.o
                0x080018d8                HAL_PCD_EP_SetStall
 .text.HAL_PCD_EP_ClrStall
                0x08001998       0xa8 Drivers\STM32F1xx_HAL_Driver\Src\stm32f1xx_hal_pcd.o
                0x08001998                HAL_PCD_EP_ClrStall
 .text.HAL_PCD_EP_Flush
                0x08001a40       0x5a Drivers\STM32F1xx_HAL_Driver\Src\stm32f1xx_hal_pcd.o
                0x08001a40                HAL_PCD_EP_Flush
 .text.PCD_EP_ISR_Handler
                0x08001a9a      0x600 Drivers\STM32F1xx_HAL_Driver\Src\stm32f1xx_hal_pcd.o
 .text.HAL_PCD_EP_DB_Receive
                0x0800209a      0x21a Drivers\STM32F1xx_HAL_Driver\Src\stm32f1xx_hal_pcd.o
 .text.HAL_PCD_EP_DB_Transmit
                0x080022b4      0x7de Drivers\STM32F1xx_HAL_Driver\Src\stm32f1xx_hal_pcd.o
 .text.HAL_PCDEx_PMAConfig
                0x08002a92       0x84 Drivers\STM32F1xx_HAL_Driver\Src\stm32f1xx_hal_pcd_ex.o
                0x08002a92                HAL_PCDEx_PMAConfig
 *fill*         0x08002b16        0x2 
 .text.HAL_RCC_OscConfig
                0x08002b18      0x500 Drivers\STM32F1xx_HAL_Driver\Src\stm32f1xx_hal_rcc.o
                0x08002b18                HAL_RCC_OscConfig
 .text.HAL_RCC_ClockConfig
                0x08003018      0x1d4 Drivers\STM32F1xx_HAL_Driver\Src\stm32f1xx_hal_rcc.o
                0x08003018                HAL_RCC_ClockConfig
 .text.HAL_RCC_GetSysClockFreq
                0x080031ec       0xc4 Drivers\STM32F1xx_HAL_Driver\Src\stm32f1xx_hal_rcc.o
                0x080031ec                HAL_RCC_GetSysClockFreq
 .text.HAL_RCC_GetHCLKFreq
                0x080032b0       0x14 Drivers\STM32F1xx_HAL_Driver\Src\stm32f1xx_hal_rcc.o
                0x080032b0                HAL_RCC_GetHCLKFreq
 .text.HAL_RCC_GetPCLK1Freq
                0x080032c4       0x28 Drivers\STM32F1xx_HAL_Driver\Src\stm32f1xx_hal_rcc.o
                0x080032c4                HAL_RCC_GetPCLK1Freq
 .text.HAL_RCC_GetClockConfig
                0x080032ec       0x60 Drivers\STM32F1xx_HAL_Driver\Src\stm32f1xx_hal_rcc.o
                0x080032ec                HAL_RCC_GetClockConfig
 .text.RCC_Delay
                0x0800334c       0x3c Drivers\STM32F1xx_HAL_Driver\Src\stm32f1xx_hal_rcc.o
 .text.HAL_RCCEx_PeriphCLKConfig
                0x08003388      0x16c Drivers\STM32F1xx_HAL_Driver\Src\stm32f1xx_hal_rcc_ex.o
                0x08003388                HAL_RCCEx_PeriphCLKConfig
 .text.HAL_TIM_Base_Init
                0x080034f4       0x9e Drivers\STM32F1xx_HAL_Driver\Src\stm32f1xx_hal_tim.o
                0x080034f4                HAL_TIM_Base_Init
 *fill*         0x08003592        0x2 
 .text.HAL_TIM_Base_Start_IT
                0x08003594       0xa4 Drivers\STM32F1xx_HAL_Driver\Src\stm32f1xx_hal_tim.o
                0x08003594                HAL_TIM_Base_Start_IT
 .text.HAL_TIM_IRQHandler
                0x08003638      0x210 Drivers\STM32F1xx_HAL_Driver\Src\stm32f1xx_hal_tim.o
                0x08003638                HAL_TIM_IRQHandler
 .text.HAL_TIM_ConfigClockSource
                0x08003848      0x16e Drivers\STM32F1xx_HAL_Driver\Src\stm32f1xx_hal_tim.o
                0x08003848                HAL_TIM_ConfigClockSource
 .text.HAL_TIM_OC_DelayElapsedCallback
                0x080039b6       0x12 Drivers\STM32F1xx_HAL_Driver\Src\stm32f1xx_hal_tim.o
                0x080039b6                HAL_TIM_OC_DelayElapsedCallback
 .text.HAL_TIM_IC_CaptureCallback
                0x080039c8       0x12 Drivers\STM32F1xx_HAL_Driver\Src\stm32f1xx_hal_tim.o
                0x080039c8                HAL_TIM_IC_CaptureCallback
 .text.HAL_TIM_PWM_PulseFinishedCallback
                0x080039da       0x12 Drivers\STM32F1xx_HAL_Driver\Src\stm32f1xx_hal_tim.o
                0x080039da                HAL_TIM_PWM_PulseFinishedCallback
 .text.HAL_TIM_TriggerCallback
                0x080039ec       0x12 Drivers\STM32F1xx_HAL_Driver\Src\stm32f1xx_hal_tim.o
                0x080039ec                HAL_TIM_TriggerCallback
 *fill*         0x080039fe        0x2 
 .text.TIM_Base_SetConfig
                0x08003a00       0xc4 Drivers\STM32F1xx_HAL_Driver\Src\stm32f1xx_hal_tim.o
                0x08003a00                TIM_Base_SetConfig
 .text.TIM_TI1_ConfigInputStage
                0x08003ac4       0x5c Drivers\STM32F1xx_HAL_Driver\Src\stm32f1xx_hal_tim.o
 .text.TIM_TI2_ConfigInputStage
                0x08003b20       0x5e Drivers\STM32F1xx_HAL_Driver\Src\stm32f1xx_hal_tim.o
 .text.TIM_ITRx_SetConfig
                0x08003b7e       0x34 Drivers\STM32F1xx_HAL_Driver\Src\stm32f1xx_hal_tim.o
 .text.TIM_ETR_SetConfig
                0x08003bb2       0x3e Drivers\STM32F1xx_HAL_Driver\Src\stm32f1xx_hal_tim.o
                0x08003bb2                TIM_ETR_SetConfig
 .text.HAL_TIMEx_MasterConfigSynchronization
                0x08003bf0       0xbc Drivers\STM32F1xx_HAL_Driver\Src\stm32f1xx_hal_tim_ex.o
                0x08003bf0                HAL_TIMEx_MasterConfigSynchronization
 .text.HAL_TIMEx_CommutCallback
                0x08003cac       0x12 Drivers\STM32F1xx_HAL_Driver\Src\stm32f1xx_hal_tim_ex.o
                0x08003cac                HAL_TIMEx_CommutCallback
 .text.HAL_TIMEx_BreakCallback
                0x08003cbe       0x12 Drivers\STM32F1xx_HAL_Driver\Src\stm32f1xx_hal_tim_ex.o
                0x08003cbe                HAL_TIMEx_BreakCallback
 .text.USB_CoreInit
                0x08003cd0       0x20 Drivers\STM32F1xx_HAL_Driver\Src\stm32f1xx_ll_usb.o
                0x08003cd0                USB_CoreInit
 .text.USB_EnableGlobalInt
                0x08003cf0       0x2c Drivers\STM32F1xx_HAL_Driver\Src\stm32f1xx_ll_usb.o
                0x08003cf0                USB_EnableGlobalInt
 .text.USB_DisableGlobalInt
                0x08003d1c       0x34 Drivers\STM32F1xx_HAL_Driver\Src\stm32f1xx_ll_usb.o
                0x08003d1c                USB_DisableGlobalInt
 .text.USB_SetCurrentMode
                0x08003d50       0x18 Drivers\STM32F1xx_HAL_Driver\Src\stm32f1xx_ll_usb.o
                0x08003d50                USB_SetCurrentMode
 .text.USB_DevInit
                0x08003d68       0x40 Drivers\STM32F1xx_HAL_Driver\Src\stm32f1xx_ll_usb.o
                0x08003d68                USB_DevInit
 .text.USB_FlushTxFifo
                0x08003da8       0x16 Drivers\STM32F1xx_HAL_Driver\Src\stm32f1xx_ll_usb.o
                0x08003da8                USB_FlushTxFifo
 .text.USB_FlushRxFifo
                0x08003dbe       0x14 Drivers\STM32F1xx_HAL_Driver\Src\stm32f1xx_ll_usb.o
                0x08003dbe                USB_FlushRxFifo
 *fill*         0x08003dd2        0x2 
 .text.USB_ActivateEndpoint
                0x08003dd4      0x6c8 Drivers\STM32F1xx_HAL_Driver\Src\stm32f1xx_ll_usb.o
                0x08003dd4                USB_ActivateEndpoint
 .text.USB_DeactivateEndpoint
                0x0800449c      0x3d8 Drivers\STM32F1xx_HAL_Driver\Src\stm32f1xx_ll_usb.o
                0x0800449c                USB_DeactivateEndpoint
 .text.USB_EPStartXfer
                0x08004874     0x160e Drivers\STM32F1xx_HAL_Driver\Src\stm32f1xx_ll_usb.o
                0x08004874                USB_EPStartXfer
 .text.USB_EPSetStall
                0x08005e82       0xa0 Drivers\STM32F1xx_HAL_Driver\Src\stm32f1xx_ll_usb.o
                0x08005e82                USB_EPSetStall
 .text.USB_EPClearStall
                0x08005f22      0x15a Drivers\STM32F1xx_HAL_Driver\Src\stm32f1xx_ll_usb.o
                0x08005f22                USB_EPClearStall
 .text.USB_SetDevAddress
                0x0800607c       0x26 Drivers\STM32F1xx_HAL_Driver\Src\stm32f1xx_ll_usb.o
                0x0800607c                USB_SetDevAddress
 .text.USB_DevConnect
                0x080060a2       0x14 Drivers\STM32F1xx_HAL_Driver\Src\stm32f1xx_ll_usb.o
                0x080060a2                USB_DevConnect
 .text.USB_DevDisconnect
                0x080060b6       0x14 Drivers\STM32F1xx_HAL_Driver\Src\stm32f1xx_ll_usb.o
                0x080060b6                USB_DevDisconnect
 .text.USB_ReadInterrupts
                0x080060ca       0x1e Drivers\STM32F1xx_HAL_Driver\Src\stm32f1xx_ll_usb.o
                0x080060ca                USB_ReadInterrupts
 .text.USB_EP0_OutStart
                0x080060e8       0x16 Drivers\STM32F1xx_HAL_Driver\Src\stm32f1xx_ll_usb.o
                0x080060e8                USB_EP0_OutStart
 .text.USB_WritePMA
                0x080060fe       0x88 Drivers\STM32F1xx_HAL_Driver\Src\stm32f1xx_ll_usb.o
                0x080060fe                USB_WritePMA
 .text.USB_ReadPMA
                0x08006186       0x9e Drivers\STM32F1xx_HAL_Driver\Src\stm32f1xx_ll_usb.o
                0x08006186                USB_ReadPMA
 .text.MX_FATFS_Init
                0x08006224       0x24 FATFS\App\fatfs.o
                0x08006224                MX_FATFS_Init
 .text.USER_initialize
                0x08006248       0x24 FATFS\Target\user_diskio.o
                0x08006248                USER_initialize
 .text.USER_status
                0x0800626c       0x24 FATFS\Target\user_diskio.o
                0x0800626c                USER_status
 .text.USER_read
                0x08006290       0x1c FATFS\Target\user_diskio.o
                0x08006290                USER_read
 .text.USER_write
                0x080062ac       0x1c FATFS\Target\user_diskio.o
                0x080062ac                USER_write
 .text.USER_ioctl
                0x080062c8       0x20 FATFS\Target\user_diskio.o
                0x080062c8                USER_ioctl
 .text.USBD_MSC_Init
                0x080062e8       0x94 MSC\Src\usbd_msc.o
                0x080062e8                USBD_MSC_Init
 .text.USBD_MSC_DeInit
                0x0800637c       0x58 MSC\Src\usbd_msc.o
                0x0800637c                USBD_MSC_DeInit
 .text.USBD_MSC_Setup
                0x080063d4      0x26c MSC\Src\usbd_msc.o
                0x080063d4                USBD_MSC_Setup
 .text.USBD_MSC_DataIn
                0x08006640       0x20 MSC\Src\usbd_msc.o
                0x08006640                USBD_MSC_DataIn
 .text.USBD_MSC_DataOut
                0x08006660       0x20 MSC\Src\usbd_msc.o
                0x08006660                USBD_MSC_DataOut
 .text.USBD_MSC_GetHSCfgDesc
                0x08006680       0x20 MSC\Src\usbd_msc.o
                0x08006680                USBD_MSC_GetHSCfgDesc
 .text.USBD_MSC_GetFSCfgDesc
                0x080066a0       0x20 MSC\Src\usbd_msc.o
                0x080066a0                USBD_MSC_GetFSCfgDesc
 .text.USBD_MSC_GetOtherSpeedCfgDesc
                0x080066c0       0x20 MSC\Src\usbd_msc.o
                0x080066c0                USBD_MSC_GetOtherSpeedCfgDesc
 .text.USBD_MSC_GetDeviceQualifierDescriptor
                0x080066e0       0x20 MSC\Src\usbd_msc.o
                0x080066e0                USBD_MSC_GetDeviceQualifierDescriptor
 .text.USBD_MSC_RegisterStorage
                0x08006700       0x24 MSC\Src\usbd_msc.o
                0x08006700                USBD_MSC_RegisterStorage
 .text.MSC_BOT_Init
                0x08006724       0x60 MSC\Src\usbd_msc_bot.o
                0x08006724                MSC_BOT_Init
 .text.MSC_BOT_Reset
                0x08006784       0x34 MSC\Src\usbd_msc_bot.o
                0x08006784                MSC_BOT_Reset
 .text.MSC_BOT_DeInit
                0x080067b8       0x20 MSC\Src\usbd_msc_bot.o
                0x080067b8                MSC_BOT_DeInit
 .text.MSC_BOT_DataIn
                0x080067d8       0x62 MSC\Src\usbd_msc_bot.o
                0x080067d8                MSC_BOT_DataIn
 .text.MSC_BOT_DataOut
                0x0800683a       0x56 MSC\Src\usbd_msc_bot.o
                0x0800683a                MSC_BOT_DataOut
 .text.MSC_BOT_CBW_Decode
                0x08006890      0x10c MSC\Src\usbd_msc_bot.o
 .text.MSC_BOT_SendData
                0x0800699c       0x62 MSC\Src\usbd_msc_bot.o
 *fill*         0x080069fe        0x2 
 .text.MSC_BOT_SendCSW
                0x08006a00       0x58 MSC\Src\usbd_msc_bot.o
                0x08006a00                MSC_BOT_SendCSW
 .text.MSC_BOT_Abort
                0x08006a58       0x5c MSC\Src\usbd_msc_bot.o
 .text.MSC_BOT_CplClrFeature
                0x08006ab4       0x4e MSC\Src\usbd_msc_bot.o
                0x08006ab4                MSC_BOT_CplClrFeature
 *fill*         0x08006b02        0x2 
 .text.SCSI_ProcessCmd
                0x08006b04      0x250 MSC\Src\usbd_msc_scsi.o
                0x08006b04                SCSI_ProcessCmd
 .text.SCSI_TestUnitReady
                0x08006d54       0x72 MSC\Src\usbd_msc_scsi.o
 *fill*         0x08006dc6        0x2 
 .text.SCSI_Inquiry
                0x08006dc8       0xbc MSC\Src\usbd_msc_scsi.o
 .text.SCSI_ReadCapacity10
                0x08006e84       0xce MSC\Src\usbd_msc_scsi.o
 .text.SCSI_ReadFormatCapacity
                0x08006f52       0xc8 MSC\Src\usbd_msc_scsi.o
 *fill*         0x0800701a        0x2 
 .text.SCSI_ModeSense6
                0x0800701c       0x50 MSC\Src\usbd_msc_scsi.o
 .text.SCSI_ModeSense10
                0x0800706c       0x50 MSC\Src\usbd_msc_scsi.o
 .text.SCSI_RequestSense
                0x080070bc       0xd4 MSC\Src\usbd_msc_scsi.o
 .text.SCSI_SenseCode
                0x08007190       0x72 MSC\Src\usbd_msc_scsi.o
                0x08007190                SCSI_SenseCode
 .text.SCSI_StartStopUnit
                0x08007202       0x28 MSC\Src\usbd_msc_scsi.o
 .text.SCSI_Read10
                0x0800722a      0x118 MSC\Src\usbd_msc_scsi.o
 .text.SCSI_Write10
                0x08007342      0x160 MSC\Src\usbd_msc_scsi.o
 .text.SCSI_Verify10
                0x080074a2       0x66 MSC\Src\usbd_msc_scsi.o
 .text.SCSI_CheckAddressRange
                0x08007508       0x44 MSC\Src\usbd_msc_scsi.o
 .text.SCSI_ProcessRead
                0x0800754c       0xe8 MSC\Src\usbd_msc_scsi.o
 .text.SCSI_ProcessWrite
                0x08007634      0x108 MSC\Src\usbd_msc_scsi.o
 .text.USBD_CUSTOM_HID_Init
                0x0800773c       0x82 Middlewares\ST\STM32_USB_Device_Library\Class\CustomHID\Src\usbd_customhid.o
 .text.USBD_CUSTOM_HID_DeInit
                0x080077be       0x5c Middlewares\ST\STM32_USB_Device_Library\Class\CustomHID\Src\usbd_customhid.o
 *fill*         0x0800781a        0x2 
 .text.USBD_CUSTOM_HID_Setup
                0x0800781c      0x200 Middlewares\ST\STM32_USB_Device_Library\Class\CustomHID\Src\usbd_customhid.o
 .text.USBD_CUSTOM_HID_SendReport
                0x08007a1c       0x4a Middlewares\ST\STM32_USB_Device_Library\Class\CustomHID\Src\usbd_customhid.o
                0x08007a1c                USBD_CUSTOM_HID_SendReport
 *fill*         0x08007a66        0x2 
 .text.USBD_CUSTOM_HID_GetFSCfgDesc
                0x08007a68       0x20 Middlewares\ST\STM32_USB_Device_Library\Class\CustomHID\Src\usbd_customhid.o
 .text.USBD_CUSTOM_HID_GetHSCfgDesc
                0x08007a88       0x20 Middlewares\ST\STM32_USB_Device_Library\Class\CustomHID\Src\usbd_customhid.o
 .text.USBD_CUSTOM_HID_GetOtherSpeedCfgDesc
                0x08007aa8       0x20 Middlewares\ST\STM32_USB_Device_Library\Class\CustomHID\Src\usbd_customhid.o
 .text.USBD_CUSTOM_HID_DataIn
                0x08007ac8       0x22 Middlewares\ST\STM32_USB_Device_Library\Class\CustomHID\Src\usbd_customhid.o
 .text.USBD_CUSTOM_HID_DataOut
                0x08007aea       0x3e Middlewares\ST\STM32_USB_Device_Library\Class\CustomHID\Src\usbd_customhid.o
 .text.USBD_CUSTOM_HID_EP0_RxReady
                0x08007b28       0x3c Middlewares\ST\STM32_USB_Device_Library\Class\CustomHID\Src\usbd_customhid.o
 .text.USBD_CUSTOM_HID_GetDeviceQualifierDesc
                0x08007b64       0x20 Middlewares\ST\STM32_USB_Device_Library\Class\CustomHID\Src\usbd_customhid.o
 .text.USBD_CUSTOM_HID_RegisterInterface
                0x08007b84       0x2c Middlewares\ST\STM32_USB_Device_Library\Class\CustomHID\Src\usbd_customhid.o
                0x08007b84                USBD_CUSTOM_HID_RegisterInterface
 .text.USBD_Init
                0x08007bb0       0x56 Middlewares\ST\STM32_USB_Device_Library\Core\Src\usbd_core.o
                0x08007bb0                USBD_Init
 .text.USBD_RegisterClass
                0x08007c06       0x32 Middlewares\ST\STM32_USB_Device_Library\Core\Src\usbd_core.o
                0x08007c06                USBD_RegisterClass
 .text.USBD_Start
                0x08007c38       0x18 Middlewares\ST\STM32_USB_Device_Library\Core\Src\usbd_core.o
                0x08007c38                USBD_Start
 .text.USBD_RunTestMode
                0x08007c50       0x14 Middlewares\ST\STM32_USB_Device_Library\Core\Src\usbd_core.o
                0x08007c50                USBD_RunTestMode
 .text.USBD_SetClassConfig
                0x08007c64       0x3e Middlewares\ST\STM32_USB_Device_Library\Core\Src\usbd_core.o
                0x08007c64                USBD_SetClassConfig
 .text.USBD_ClrClassConfig
                0x08007ca2       0x26 Middlewares\ST\STM32_USB_Device_Library\Core\Src\usbd_core.o
                0x08007ca2                USBD_ClrClassConfig
 .text.USBD_LL_SetupStage
                0x08007cc8       0x96 Middlewares\ST\STM32_USB_Device_Library\Core\Src\usbd_core.o
                0x08007cc8                USBD_LL_SetupStage
 .text.USBD_LL_DataOutStage
                0x08007d5e       0xe2 Middlewares\ST\STM32_USB_Device_Library\Core\Src\usbd_core.o
                0x08007d5e                USBD_LL_DataOutStage
 .text.USBD_LL_DataInStage
                0x08007e40      0x14a Middlewares\ST\STM32_USB_Device_Library\Core\Src\usbd_core.o
                0x08007e40                USBD_LL_DataInStage
 .text.USBD_LL_Reset
                0x08007f8a       0x82 Middlewares\ST\STM32_USB_Device_Library\Core\Src\usbd_core.o
                0x08007f8a                USBD_LL_Reset
 .text.USBD_LL_SetSpeed
                0x0800800c       0x1e Middlewares\ST\STM32_USB_Device_Library\Core\Src\usbd_core.o
                0x0800800c                USBD_LL_SetSpeed
 .text.USBD_LL_Suspend
                0x0800802a       0x28 Middlewares\ST\STM32_USB_Device_Library\Core\Src\usbd_core.o
                0x0800802a                USBD_LL_Suspend
 .text.USBD_LL_Resume
                0x08008052       0x2a Middlewares\ST\STM32_USB_Device_Library\Core\Src\usbd_core.o
                0x08008052                USBD_LL_Resume
 .text.USBD_LL_SOF
                0x0800807c       0x34 Middlewares\ST\STM32_USB_Device_Library\Core\Src\usbd_core.o
                0x0800807c                USBD_LL_SOF
 .text.USBD_StdDevReq
                0x080080b0       0xd4 Middlewares\ST\STM32_USB_Device_Library\Core\Src\usbd_ctlreq.o
                0x080080b0                USBD_StdDevReq
 .text.USBD_StdItfReq
                0x08008184       0x8c Middlewares\ST\STM32_USB_Device_Library\Core\Src\usbd_ctlreq.o
                0x08008184                USBD_StdItfReq
 .text.USBD_StdEPReq
                0x08008210      0x2ba Middlewares\ST\STM32_USB_Device_Library\Core\Src\usbd_ctlreq.o
                0x08008210                USBD_StdEPReq
 *fill*         0x080084ca        0x2 
 .text.USBD_GetDescriptor
                0x080084cc      0x2d0 Middlewares\ST\STM32_USB_Device_Library\Core\Src\usbd_ctlreq.o
 .text.USBD_SetAddress
                0x0800879c       0x84 Middlewares\ST\STM32_USB_Device_Library\Core\Src\usbd_ctlreq.o
 .text.USBD_SetConfig
                0x08008820      0x11c Middlewares\ST\STM32_USB_Device_Library\Core\Src\usbd_ctlreq.o
 .text.USBD_GetConfig
                0x0800893c       0x68 Middlewares\ST\STM32_USB_Device_Library\Core\Src\usbd_ctlreq.o
 .text.USBD_GetStatus
                0x080089a4       0x66 Middlewares\ST\STM32_USB_Device_Library\Core\Src\usbd_ctlreq.o
 .text.USBD_SetFeature
                0x08008a0a       0x28 Middlewares\ST\STM32_USB_Device_Library\Core\Src\usbd_ctlreq.o
 .text.USBD_ClrFeature
                0x08008a32       0x42 Middlewares\ST\STM32_USB_Device_Library\Core\Src\usbd_ctlreq.o
 .text.USBD_ParseSetupRequest
                0x08008a74       0x78 Middlewares\ST\STM32_USB_Device_Library\Core\Src\usbd_ctlreq.o
                0x08008a74                USBD_ParseSetupRequest
 .text.USBD_CtlError
                0x08008aec       0x22 Middlewares\ST\STM32_USB_Device_Library\Core\Src\usbd_ctlreq.o
                0x08008aec                USBD_CtlError
 .text.USBD_GetString
                0x08008b0e       0x84 Middlewares\ST\STM32_USB_Device_Library\Core\Src\usbd_ctlreq.o
                0x08008b0e                USBD_GetString
 .text.USBD_GetLen
                0x08008b92       0x2e Middlewares\ST\STM32_USB_Device_Library\Core\Src\usbd_ctlreq.o
 .text.USBD_CtlSendData
                0x08008bc0       0x38 Middlewares\ST\STM32_USB_Device_Library\Core\Src\usbd_ioreq.o
                0x08008bc0                USBD_CtlSendData
 .text.USBD_CtlContinueSendData
                0x08008bf8       0x24 Middlewares\ST\STM32_USB_Device_Library\Core\Src\usbd_ioreq.o
                0x08008bf8                USBD_CtlContinueSendData
 .text.USBD_CtlPrepareRx
                0x08008c1c       0x3c Middlewares\ST\STM32_USB_Device_Library\Core\Src\usbd_ioreq.o
                0x08008c1c                USBD_CtlPrepareRx
 .text.USBD_CtlContinueRx
                0x08008c58       0x24 Middlewares\ST\STM32_USB_Device_Library\Core\Src\usbd_ioreq.o
                0x08008c58                USBD_CtlContinueRx
 .text.USBD_CtlSendStatus
                0x08008c7c       0x26 Middlewares\ST\STM32_USB_Device_Library\Core\Src\usbd_ioreq.o
                0x08008c7c                USBD_CtlSendStatus
 .text.USBD_CtlReceiveStatus
                0x08008ca2       0x26 Middlewares\ST\STM32_USB_Device_Library\Core\Src\usbd_ioreq.o
                0x08008ca2                USBD_CtlReceiveStatus
 .text.FATFS_LinkDriverEx
                0x08008cc8       0x94 Middlewares\Third_Party\FatFs\src\ff_gen_drv.o
                0x08008cc8                FATFS_LinkDriverEx
 .text.FATFS_LinkDriver
                0x08008d5c       0x1e Middlewares\Third_Party\FatFs\src\ff_gen_drv.o
                0x08008d5c                FATFS_LinkDriver
 .text.makeFreeRtosPriority
                0x08008d7a       0x2e Middlewares\Third_Party\FreeRTOS\Source\CMSIS_RTOS\cmsis_os.o
 .text.inHandlerMode
                0x08008da8       0x22 Middlewares\Third_Party\FreeRTOS\Source\CMSIS_RTOS\cmsis_os.o
 .text.osKernelStart
                0x08008dca        0xe Middlewares\Third_Party\FreeRTOS\Source\CMSIS_RTOS\cmsis_os.o
                0x08008dca                osKernelStart
 .text.osThreadCreate
                0x08008dd8       0x98 Middlewares\Third_Party\FreeRTOS\Source\CMSIS_RTOS\cmsis_os.o
                0x08008dd8                osThreadCreate
 .text.osDelay  0x08008e70       0x28 Middlewares\Third_Party\FreeRTOS\Source\CMSIS_RTOS\cmsis_os.o
                0x08008e70                osDelay
 .text.osTimerCreate
                0x08008e98       0x68 Middlewares\Third_Party\FreeRTOS\Source\CMSIS_RTOS\cmsis_os.o
                0x08008e98                osTimerCreate
 .text.osTimerStart
                0x08008f00       0x8c Middlewares\Third_Party\FreeRTOS\Source\CMSIS_RTOS\cmsis_os.o
                0x08008f00                osTimerStart
 .text.osMutexCreate
                0x08008f8c       0x30 Middlewares\Third_Party\FreeRTOS\Source\CMSIS_RTOS\cmsis_os.o
                0x08008f8c                osMutexCreate
 .text.osMessageCreate
                0x08008fbc       0x52 Middlewares\Third_Party\FreeRTOS\Source\CMSIS_RTOS\cmsis_os.o
                0x08008fbc                osMessageCreate
 .text.vListInitialise
                0x0800900e       0x3e Middlewares\Third_Party\FreeRTOS\Source\list.o
                0x0800900e                vListInitialise
 .text.vListInitialiseItem
                0x0800904c       0x18 Middlewares\Third_Party\FreeRTOS\Source\list.o
                0x0800904c                vListInitialiseItem
 .text.vListInsertEnd
                0x08009064       0x46 Middlewares\Third_Party\FreeRTOS\Source\list.o
                0x08009064                vListInsertEnd
 .text.vListInsert
                0x080090aa       0x70 Middlewares\Third_Party\FreeRTOS\Source\list.o
                0x080090aa                vListInsert
 .text.uxListRemove
                0x0800911a       0x52 Middlewares\Third_Party\FreeRTOS\Source\list.o
                0x0800911a                uxListRemove
 .text.pxPortInitialiseStack
                0x0800916c       0x58 Middlewares\Third_Party\FreeRTOS\Source\portable\GCC\ARM_CM3\port.o
                0x0800916c                pxPortInitialiseStack
 .text.prvTaskExitError
                0x080091c4       0x50 Middlewares\Third_Party\FreeRTOS\Source\portable\GCC\ARM_CM3\port.o
 *fill*         0x08009214        0xc 
 .text.SVC_Handler
                0x08009220       0x28 Middlewares\Third_Party\FreeRTOS\Source\portable\GCC\ARM_CM3\port.o
                0x08009220                SVC_Handler
 .text.prvPortStartFirstTask
                0x08009248       0x20 Middlewares\Third_Party\FreeRTOS\Source\portable\GCC\ARM_CM3\port.o
 .text.xPortStartScheduler
                0x08009268       0xe0 Middlewares\Third_Party\FreeRTOS\Source\portable\GCC\ARM_CM3\port.o
                0x08009268                xPortStartScheduler
 .text.vPortEnterCritical
                0x08009348       0x5c Middlewares\Third_Party\FreeRTOS\Source\portable\GCC\ARM_CM3\port.o
                0x08009348                vPortEnterCritical
 .text.vPortExitCritical
                0x080093a4       0x4c Middlewares\Third_Party\FreeRTOS\Source\portable\GCC\ARM_CM3\port.o
                0x080093a4                vPortExitCritical
 .text.PendSV_Handler
                0x080093f0       0x48 Middlewares\Third_Party\FreeRTOS\Source\portable\GCC\ARM_CM3\port.o
                0x080093f0                PendSV_Handler
 .text.SysTick_Handler
                0x08009438       0x40 Middlewares\Third_Party\FreeRTOS\Source\portable\GCC\ARM_CM3\port.o
                0x08009438                SysTick_Handler
 .text.vPortSetupTimerInterrupt
                0x08009478       0x44 Middlewares\Third_Party\FreeRTOS\Source\portable\GCC\ARM_CM3\port.o
                0x08009478                vPortSetupTimerInterrupt
 .text.vPortValidateInterruptPriority
                0x080094bc       0x78 Middlewares\Third_Party\FreeRTOS\Source\portable\GCC\ARM_CM3\port.o
                0x080094bc                vPortValidateInterruptPriority
 .text.pvPortMalloc
                0x08009534      0x184 Middlewares\Third_Party\FreeRTOS\Source\portable\MemMang\heap_4.o
                0x08009534                pvPortMalloc
 .text.vPortFree
                0x080096b8       0xb0 Middlewares\Third_Party\FreeRTOS\Source\portable\MemMang\heap_4.o
                0x080096b8                vPortFree
 .text.prvHeapInit
                0x08009768       0xc4 Middlewares\Third_Party\FreeRTOS\Source\portable\MemMang\heap_4.o
 .text.prvInsertBlockIntoFreeList
                0x0800982c       0xb0 Middlewares\Third_Party\FreeRTOS\Source\portable\MemMang\heap_4.o
 .text.xQueueGenericReset
                0x080098dc       0xd0 Middlewares\Third_Party\FreeRTOS\Source\queue.o
                0x080098dc                xQueueGenericReset
 .text.xQueueGenericCreateStatic
                0x080099ac       0xe4 Middlewares\Third_Party\FreeRTOS\Source\queue.o
                0x080099ac                xQueueGenericCreateStatic
 .text.xQueueGenericCreate
                0x08009a90       0x7a Middlewares\Third_Party\FreeRTOS\Source\queue.o
                0x08009a90                xQueueGenericCreate
 .text.prvInitialiseNewQueue
                0x08009b0a       0x3e Middlewares\Third_Party\FreeRTOS\Source\queue.o
 .text.prvInitialiseMutex
                0x08009b48       0x34 Middlewares\Third_Party\FreeRTOS\Source\queue.o
 .text.xQueueCreateMutex
                0x08009b7c       0x30 Middlewares\Third_Party\FreeRTOS\Source\queue.o
                0x08009b7c                xQueueCreateMutex
 .text.xQueueCreateMutexStatic
                0x08009bac       0x36 Middlewares\Third_Party\FreeRTOS\Source\queue.o
                0x08009bac                xQueueCreateMutexStatic
 *fill*         0x08009be2        0x2 
 .text.xQueueGenericSend
                0x08009be4      0x1f4 Middlewares\Third_Party\FreeRTOS\Source\queue.o
                0x08009be4                xQueueGenericSend
 .text.xQueueGenericSendFromISR
                0x08009dd8      0x128 Middlewares\Third_Party\FreeRTOS\Source\queue.o
                0x08009dd8                xQueueGenericSendFromISR
 .text.xQueueReceive
                0x08009f00      0x1b8 Middlewares\Third_Party\FreeRTOS\Source\queue.o
                0x08009f00                xQueueReceive
 .text.prvCopyDataToQueue
                0x0800a0b8       0xd4 Middlewares\Third_Party\FreeRTOS\Source\queue.o
 .text.prvCopyDataFromQueue
                0x0800a18c       0x4c Middlewares\Third_Party\FreeRTOS\Source\queue.o
 .text.prvUnlockQueue
                0x0800a1d8       0xa4 Middlewares\Third_Party\FreeRTOS\Source\queue.o
 .text.prvIsQueueEmpty
                0x0800a27c       0x2c Middlewares\Third_Party\FreeRTOS\Source\queue.o
 .text.prvIsQueueFull
                0x0800a2a8       0x30 Middlewares\Third_Party\FreeRTOS\Source\queue.o
 .text.vQueueAddToRegistry
                0x0800a2d8       0x50 Middlewares\Third_Party\FreeRTOS\Source\queue.o
                0x0800a2d8                vQueueAddToRegistry
 .text.vQueueWaitForMessageRestricted
                0x0800a328       0x68 Middlewares\Third_Party\FreeRTOS\Source\queue.o
                0x0800a328                vQueueWaitForMessageRestricted
 .text.xTaskCreateStatic
                0x0800a390       0xb2 Middlewares\Third_Party\FreeRTOS\Source\tasks.o
                0x0800a390                xTaskCreateStatic
 .text.xTaskCreate
                0x0800a442       0x8a Middlewares\Third_Party\FreeRTOS\Source\tasks.o
                0x0800a442                xTaskCreate
 .text.prvInitialiseNewTask
                0x0800a4cc       0xfc Middlewares\Third_Party\FreeRTOS\Source\tasks.o
 .text.prvAddNewTaskToReadyList
                0x0800a5c8       0xd4 Middlewares\Third_Party\FreeRTOS\Source\tasks.o
 .text.vTaskDelay
                0x0800a69c       0x68 Middlewares\Third_Party\FreeRTOS\Source\tasks.o
                0x0800a69c                vTaskDelay
 .text.vTaskSuspend
                0x0800a704      0x124 Middlewares\Third_Party\FreeRTOS\Source\tasks.o
                0x0800a704                vTaskSuspend
 .text.vTaskStartScheduler
                0x0800a828       0xc8 Middlewares\Third_Party\FreeRTOS\Source\tasks.o
                0x0800a828                vTaskStartScheduler
 .text.vTaskSuspendAll
                0x0800a8f0       0x1c Middlewares\Third_Party\FreeRTOS\Source\tasks.o
                0x0800a8f0                vTaskSuspendAll
 .text.xTaskResumeAll
                0x0800a90c      0x138 Middlewares\Third_Party\FreeRTOS\Source\tasks.o
                0x0800a90c                xTaskResumeAll
 .text.xTaskGetTickCount
                0x0800aa44       0x1c Middlewares\Third_Party\FreeRTOS\Source\tasks.o
                0x0800aa44                xTaskGetTickCount
 .text.xTaskIncrementTick
                0x0800aa60      0x178 Middlewares\Third_Party\FreeRTOS\Source\tasks.o
                0x0800aa60                xTaskIncrementTick
 .text.vTaskSwitchContext
                0x0800abd8       0xb4 Middlewares\Third_Party\FreeRTOS\Source\tasks.o
                0x0800abd8                vTaskSwitchContext
 .text.vTaskPlaceOnEventList
                0x0800ac8c       0x48 Middlewares\Third_Party\FreeRTOS\Source\tasks.o
                0x0800ac8c                vTaskPlaceOnEventList
 .text.vTaskPlaceOnEventListRestricted
                0x0800acd4       0x54 Middlewares\Third_Party\FreeRTOS\Source\tasks.o
                0x0800acd4                vTaskPlaceOnEventListRestricted
 .text.xTaskRemoveFromEventList
                0x0800ad28       0xc4 Middlewares\Third_Party\FreeRTOS\Source\tasks.o
                0x0800ad28                xTaskRemoveFromEventList
 .text.vTaskInternalSetTimeOutState
                0x0800adec       0x2c Middlewares\Third_Party\FreeRTOS\Source\tasks.o
                0x0800adec                vTaskInternalSetTimeOutState
 .text.xTaskCheckForTimeOut
                0x0800ae18       0xc0 Middlewares\Third_Party\FreeRTOS\Source\tasks.o
                0x0800ae18                xTaskCheckForTimeOut
 .text.vTaskMissedYield
                0x0800aed8       0x18 Middlewares\Third_Party\FreeRTOS\Source\tasks.o
                0x0800aed8                vTaskMissedYield
 .text.prvIdleTask
                0x0800aef0       0x30 Middlewares\Third_Party\FreeRTOS\Source\tasks.o
 .text.prvInitialiseTaskLists
                0x0800af20       0x80 Middlewares\Third_Party\FreeRTOS\Source\tasks.o
 .text.prvCheckTasksWaitingTermination
                0x0800afa0       0x58 Middlewares\Third_Party\FreeRTOS\Source\tasks.o
 .text.prvDeleteTCB
                0x0800aff8       0x5c Middlewares\Third_Party\FreeRTOS\Source\tasks.o
 .text.prvResetNextTaskUnblockTime
                0x0800b054       0x48 Middlewares\Third_Party\FreeRTOS\Source\tasks.o
 .text.xTaskGetSchedulerState
                0x0800b09c       0x3c Middlewares\Third_Party\FreeRTOS\Source\tasks.o
                0x0800b09c                xTaskGetSchedulerState
 .text.xTaskPriorityDisinherit
                0x0800b0d8      0x108 Middlewares\Third_Party\FreeRTOS\Source\tasks.o
                0x0800b0d8                xTaskPriorityDisinherit
 .text.prvAddCurrentTaskToDelayedList
                0x0800b1e0       0xcc Middlewares\Third_Party\FreeRTOS\Source\tasks.o
 .text.xTimerCreateTimerTask
                0x0800b2ac       0x90 Middlewares\Third_Party\FreeRTOS\Source\timers.o
                0x0800b2ac                xTimerCreateTimerTask
 .text.xTimerCreate
                0x0800b33c       0x42 Middlewares\Third_Party\FreeRTOS\Source\timers.o
                0x0800b33c                xTimerCreate
 .text.xTimerCreateStatic
                0x0800b37e       0x76 Middlewares\Third_Party\FreeRTOS\Source\timers.o
                0x0800b37e                xTimerCreateStatic
 .text.prvInitialiseNewTimer
                0x0800b3f4       0x62 Middlewares\Third_Party\FreeRTOS\Source\timers.o
 *fill*         0x0800b456        0x2 
 .text.xTimerGenericCommand
                0x0800b458       0x98 Middlewares\Third_Party\FreeRTOS\Source\timers.o
                0x0800b458                xTimerGenericCommand
 .text.prvProcessExpiredTimer
                0x0800b4f0       0x80 Middlewares\Third_Party\FreeRTOS\Source\timers.o
 .text.prvTimerTask
                0x0800b570       0x24 Middlewares\Third_Party\FreeRTOS\Source\timers.o
 .text.prvProcessTimerOrBlockTask
                0x0800b594       0x9c Middlewares\Third_Party\FreeRTOS\Source\timers.o
 .text.prvGetNextExpireTime
                0x0800b630       0x48 Middlewares\Third_Party\FreeRTOS\Source\timers.o
 .text.prvSampleTimeNow
                0x0800b678       0x40 Middlewares\Third_Party\FreeRTOS\Source\timers.o
 .text.prvInsertTimerInActiveList
                0x0800b6b8       0x84 Middlewares\Third_Party\FreeRTOS\Source\timers.o
 .text.prvProcessReceivedCommands
                0x0800b73c      0x12c Middlewares\Third_Party\FreeRTOS\Source\timers.o
 .text.prvSwitchTimerLists
                0x0800b868       0xc0 Middlewares\Third_Party\FreeRTOS\Source\timers.o
 .text.prvCheckForValidListAndQueue
                0x0800b928       0x80 Middlewares\Third_Party\FreeRTOS\Source\timers.o
 .text.MX_USB_DEVICE_Init
                0x0800b9a8       0xc0 USB_DEVICE\App\usb_device.o
                0x0800b9a8                MX_USB_DEVICE_Init
 .text.CUSTOM_HID_Init_FS
                0x0800ba68        0xe USB_DEVICE\App\usbd_custom_hid_if.o
 .text.CUSTOM_HID_DeInit_FS
                0x0800ba76        0xe USB_DEVICE\App\usbd_custom_hid_if.o
 .text.CUSTOM_HID_OutEvent_FS
                0x0800ba84       0x1c USB_DEVICE\App\usbd_custom_hid_if.o
 .text.USBD_FS_DeviceDescriptor
                0x0800baa0       0x24 USB_DEVICE\App\usbd_desc.o
                0x0800baa0                USBD_FS_DeviceDescriptor
 .text.USBD_FS_LangIDStrDescriptor
                0x0800bac4       0x24 USB_DEVICE\App\usbd_desc.o
                0x0800bac4                USBD_FS_LangIDStrDescriptor
 .text.USBD_FS_ProductStrDescriptor
                0x0800bae8       0x3c USB_DEVICE\App\usbd_desc.o
                0x0800bae8                USBD_FS_ProductStrDescriptor
 .text.USBD_FS_ManufacturerStrDescriptor
                0x0800bb24       0x28 USB_DEVICE\App\usbd_desc.o
                0x0800bb24                USBD_FS_ManufacturerStrDescriptor
 .text.USBD_FS_SerialStrDescriptor
                0x0800bb4c       0x24 USB_DEVICE\App\usbd_desc.o
                0x0800bb4c                USBD_FS_SerialStrDescriptor
 .text.USBD_FS_ConfigStrDescriptor
                0x0800bb70       0x3c USB_DEVICE\App\usbd_desc.o
                0x0800bb70                USBD_FS_ConfigStrDescriptor
 .text.USBD_FS_InterfaceStrDescriptor
                0x0800bbac       0x3c USB_DEVICE\App\usbd_desc.o
                0x0800bbac                USBD_FS_InterfaceStrDescriptor
 .text.Get_SerialNum
                0x0800bbe8       0x58 USB_DEVICE\App\usbd_desc.o
 .text.IntToUnicode
                0x0800bc40       0x7a USB_DEVICE\App\usbd_desc.o
 *fill*         0x0800bcba        0x2 
 .text.HAL_PCD_MspInit
                0x0800bcbc       0x4c USB_DEVICE\Target\usbd_conf.o
                0x0800bcbc                HAL_PCD_MspInit
 .text.HAL_PCD_SetupStageCallback
                0x0800bd08       0x24 USB_DEVICE\Target\usbd_conf.o
                0x0800bd08                HAL_PCD_SetupStageCallback
 .text.HAL_PCD_DataOutStageCallback
                0x0800bd2c       0x36 USB_DEVICE\Target\usbd_conf.o
                0x0800bd2c                HAL_PCD_DataOutStageCallback
 .text.HAL_PCD_DataInStageCallback
                0x0800bd62       0x34 USB_DEVICE\Target\usbd_conf.o
                0x0800bd62                HAL_PCD_DataInStageCallback
 .text.HAL_PCD_SOFCallback
                0x0800bd96       0x1c USB_DEVICE\Target\usbd_conf.o
                0x0800bd96                HAL_PCD_SOFCallback
 .text.HAL_PCD_ResetCallback
                0x0800bdb2       0x3c USB_DEVICE\Target\usbd_conf.o
                0x0800bdb2                HAL_PCD_ResetCallback
 *fill*         0x0800bdee        0x2 
 .text.HAL_PCD_SuspendCallback
                0x0800bdf0       0x34 USB_DEVICE\Target\usbd_conf.o
                0x0800bdf0                HAL_PCD_SuspendCallback
 .text.HAL_PCD_ResumeCallback
                0x0800be24       0x1c USB_DEVICE\Target\usbd_conf.o
                0x0800be24                HAL_PCD_ResumeCallback
 .text.USBD_LL_Init
                0x0800be40       0xa0 USB_DEVICE\Target\usbd_conf.o
                0x0800be40                USBD_LL_Init
 .text.USBD_LL_Start
                0x0800bee0       0x36 USB_DEVICE\Target\usbd_conf.o
                0x0800bee0                USBD_LL_Start
 .text.USBD_LL_OpenEP
                0x0800bf16       0x4c USB_DEVICE\Target\usbd_conf.o
                0x0800bf16                USBD_LL_OpenEP
 .text.USBD_LL_CloseEP
                0x0800bf62       0x3e USB_DEVICE\Target\usbd_conf.o
                0x0800bf62                USBD_LL_CloseEP
 .text.USBD_LL_FlushEP
                0x0800bfa0       0x3e USB_DEVICE\Target\usbd_conf.o
                0x0800bfa0                USBD_LL_FlushEP
 .text.USBD_LL_StallEP
                0x0800bfde       0x3e USB_DEVICE\Target\usbd_conf.o
                0x0800bfde                USBD_LL_StallEP
 .text.USBD_LL_ClearStallEP
                0x0800c01c       0x3e USB_DEVICE\Target\usbd_conf.o
                0x0800c01c                USBD_LL_ClearStallEP
 .text.USBD_LL_IsStallEP
                0x0800c05a       0x58 USB_DEVICE\Target\usbd_conf.o
                0x0800c05a                USBD_LL_IsStallEP
 .text.USBD_LL_SetUSBAddress
                0x0800c0b2       0x3e USB_DEVICE\Target\usbd_conf.o
                0x0800c0b2                USBD_LL_SetUSBAddress
 .text.USBD_LL_Transmit
                0x0800c0f0       0x46 USB_DEVICE\Target\usbd_conf.o
                0x0800c0f0                USBD_LL_Transmit
 .text.USBD_LL_PrepareReceive
                0x0800c136       0x46 USB_DEVICE\Target\usbd_conf.o
                0x0800c136                USBD_LL_PrepareReceive
 .text.USBD_LL_GetRxDataSize
                0x0800c17c       0x26 USB_DEVICE\Target\usbd_conf.o
                0x0800c17c                USBD_LL_GetRxDataSize
 *fill*         0x0800c1a2        0x2 
 .text.USBD_static_malloc
                0x0800c1a4       0x18 USB_DEVICE\Target\usbd_conf.o
                0x0800c1a4                USBD_static_malloc
 .text.USBD_static_free
                0x0800c1bc       0x12 USB_DEVICE\Target\usbd_conf.o
                0x0800c1bc                USBD_static_free
 .text.HAL_PCDEx_SetConnectionState
                0x0800c1ce       0x16 USB_DEVICE\Target\usbd_conf.o
                0x0800c1ce                HAL_PCDEx_SetConnectionState
 .text.USBD_Get_USB_Status
                0x0800c1e4       0x58 USB_DEVICE\Target\usbd_conf.o
 .text.Reset_Handler
                0x0800c23c       0x48 startup\startup_stm32f103xb.o
                0x0800c23c                Reset_Handler
 .text.Default_Handler
                0x0800c284        0x2 startup\startup_stm32f103xb.o
                0x0800c284                RTC_Alarm_IRQHandler
                0x0800c284                EXTI2_IRQHandler
                0x0800c284                TIM1_CC_IRQHandler
                0x0800c284                PVD_IRQHandler
                0x0800c284                EXTI3_IRQHandler
                0x0800c284                EXTI0_IRQHandler
                0x0800c284                I2C2_EV_IRQHandler
                0x0800c284                ADC1_2_IRQHandler
                0x0800c284                SPI1_IRQHandler
                0x0800c284                TAMPER_IRQHandler
                0x0800c284                DMA1_Channel4_IRQHandler
                0x0800c284                USART3_IRQHandler
                0x0800c284                RTC_IRQHandler
                0x0800c284                DMA1_Channel7_IRQHandler
                0x0800c284                CAN1_RX1_IRQHandler
                0x0800c284                I2C1_EV_IRQHandler
                0x0800c284                DMA1_Channel6_IRQHandler
                0x0800c284                TIM3_IRQHandler
                0x0800c284                RCC_IRQHandler
                0x0800c284                TIM1_TRG_COM_IRQHandler
                0x0800c284                DMA1_Channel1_IRQHandler
                0x0800c284                Default_Handler
                0x0800c284                EXTI15_10_IRQHandler
                0x0800c284                EXTI9_5_IRQHandler
                0x0800c284                SPI2_IRQHandler
                0x0800c284                DMA1_Channel5_IRQHandler
                0x0800c284                EXTI4_IRQHandler
                0x0800c284                USB_HP_CAN1_TX_IRQHandler
                0x0800c284                DMA1_Channel3_IRQHandler
                0x0800c284                TIM1_UP_IRQHandler
                0x0800c284                WWDG_IRQHandler
                0x0800c284                TIM2_IRQHandler
                0x0800c284                TIM1_BRK_IRQHandler
                0x0800c284                EXTI1_IRQHandler
                0x0800c284                USART2_IRQHandler
                0x0800c284                I2C2_ER_IRQHandler
                0x0800c284                DMA1_Channel2_IRQHandler
                0x0800c284                CAN1_SCE_IRQHandler
                0x0800c284                FLASH_IRQHandler
                0x0800c284                USART1_IRQHandler
                0x0800c284                I2C1_ER_IRQHandler
                0x0800c284                USBWakeUp_IRQHandler
 *fill*         0x0800c286        0x2 
 .text.__errno  0x0800c288        0xc c:/program files (x86)/atollic/truestudio for stm32 9.3.0/armtools/bin/../lib/gcc/arm-atollic-eabi/6.3.1/../../../../arm-atollic-eabi/lib/armv7-m\libc_nano.a(lib_a-errno.o)
                0x0800c288                __errno
 .text.__libc_init_array
                0x0800c294       0x48 c:/program files (x86)/atollic/truestudio for stm32 9.3.0/armtools/bin/../lib/gcc/arm-atollic-eabi/6.3.1/../../../../arm-atollic-eabi/lib/armv7-m\libc_nano.a(lib_a-init.o)
                0x0800c294                __libc_init_array
 .text.memcpy   0x0800c2dc       0x16 c:/program files (x86)/atollic/truestudio for stm32 9.3.0/armtools/bin/../lib/gcc/arm-atollic-eabi/6.3.1/../../../../arm-atollic-eabi/lib/armv7-m\libc_nano.a(lib_a-memcpy-stub.o)
                0x0800c2dc                memcpy
 .text.memset   0x0800c2f2       0x10 c:/program files (x86)/atollic/truestudio for stm32 9.3.0/armtools/bin/../lib/gcc/arm-atollic-eabi/6.3.1/../../../../arm-atollic-eabi/lib/armv7-m\libc_nano.a(lib_a-memset.o)
                0x0800c2f2                memset
 *fill*         0x0800c302        0x2 
 .text.sprintf  0x0800c304       0x48 c:/program files (x86)/atollic/truestudio for stm32 9.3.0/armtools/bin/../lib/gcc/arm-atollic-eabi/6.3.1/../../../../arm-atollic-eabi/lib/armv7-m\libc_nano.a(lib_a-sprintf.o)
                0x0800c304                siprintf
                0x0800c304                sprintf
 .text.__ssputs_r
                0x0800c34c       0xb6 c:/program files (x86)/atollic/truestudio for stm32 9.3.0/armtools/bin/../lib/gcc/arm-atollic-eabi/6.3.1/../../../../arm-atollic-eabi/lib/armv7-m\libc_nano.a(lib_a-nano-svfprintf.o)
                0x0800c34c                __ssputs_r
 *fill*         0x0800c402        0x2 
 .text._svfprintf_r
                0x0800c404      0x1e8 c:/program files (x86)/atollic/truestudio for stm32 9.3.0/armtools/bin/../lib/gcc/arm-atollic-eabi/6.3.1/../../../../arm-atollic-eabi/lib/armv7-m\libc_nano.a(lib_a-nano-svfprintf.o)
                0x0800c404                _svfiprintf_r
                0x0800c404                _svfprintf_r
 .text._printf_common
                0x0800c5ec       0xee c:/program files (x86)/atollic/truestudio for stm32 9.3.0/armtools/bin/../lib/gcc/arm-atollic-eabi/6.3.1/../../../../arm-atollic-eabi/lib/armv7-m\libc_nano.a(lib_a-nano-vfprintf_i.o)
                0x0800c5ec                _printf_common
 *fill*         0x0800c6da        0x2 
 .text._printf_i
                0x0800c6dc      0x240 c:/program files (x86)/atollic/truestudio for stm32 9.3.0/armtools/bin/../lib/gcc/arm-atollic-eabi/6.3.1/../../../../arm-atollic-eabi/lib/armv7-m\libc_nano.a(lib_a-nano-vfprintf_i.o)
                0x0800c6dc                _printf_i
 .text.memchr   0x0800c91c       0x1c c:/program files (x86)/atollic/truestudio for stm32 9.3.0/armtools/bin/../lib/gcc/arm-atollic-eabi/6.3.1/../../../../arm-atollic-eabi/lib/armv7-m\libc_nano.a(lib_a-memchr-stub.o)
                0x0800c91c                memchr
 .text.memmove  0x0800c938       0x34 c:/program files (x86)/atollic/truestudio for stm32 9.3.0/armtools/bin/../lib/gcc/arm-atollic-eabi/6.3.1/../../../../arm-atollic-eabi/lib/armv7-m\libc_nano.a(lib_a-memmove.o)
                0x0800c938                memmove
 .text._free_r  0x0800c96c       0x98 c:/program files (x86)/atollic/truestudio for stm32 9.3.0/armtools/bin/../lib/gcc/arm-atollic-eabi/6.3.1/../../../../arm-atollic-eabi/lib/armv7-m\libc_nano.a(lib_a-nano-freer.o)
                0x0800c96c                _free_r
 .text._malloc_r
                0x0800ca04       0xbc c:/program files (x86)/atollic/truestudio for stm32 9.3.0/armtools/bin/../lib/gcc/arm-atollic-eabi/6.3.1/../../../../arm-atollic-eabi/lib/armv7-m\libc_nano.a(lib_a-nano-mallocr.o)
                0x0800ca04                _malloc_r
 .text._realloc_r
                0x0800cac0       0x4c c:/program files (x86)/atollic/truestudio for stm32 9.3.0/armtools/bin/../lib/gcc/arm-atollic-eabi/6.3.1/../../../../arm-atollic-eabi/lib/armv7-m\libc_nano.a(lib_a-nano-reallocr.o)
                0x0800cac0                _realloc_r
 .text._sbrk_r  0x0800cb0c       0x20 c:/program files (x86)/atollic/truestudio for stm32 9.3.0/armtools/bin/../lib/gcc/arm-atollic-eabi/6.3.1/../../../../arm-atollic-eabi/lib/armv7-m\libc_nano.a(lib_a-sbrkr.o)
                0x0800cb0c                _sbrk_r
 .text.__malloc_lock
                0x0800cb2c        0x2 c:/program files (x86)/atollic/truestudio for stm32 9.3.0/armtools/bin/../lib/gcc/arm-atollic-eabi/6.3.1/../../../../arm-atollic-eabi/lib/armv7-m\libc_nano.a(lib_a-mlock.o)
                0x0800cb2c                __malloc_lock
 .text.__malloc_unlock
                0x0800cb2e        0x2 c:/program files (x86)/atollic/truestudio for stm32 9.3.0/armtools/bin/../lib/gcc/arm-atollic-eabi/6.3.1/../../../../arm-atollic-eabi/lib/armv7-m\libc_nano.a(lib_a-mlock.o)
                0x0800cb2e                __malloc_unlock
 .text._malloc_usable_size_r
                0x0800cb30       0x12 c:/program files (x86)/atollic/truestudio for stm32 9.3.0/armtools/bin/../lib/gcc/arm-atollic-eabi/6.3.1/../../../../arm-atollic-eabi/lib/armv7-m\libc_nano.a(lib_a-nano-msizer.o)
                0x0800cb30                _malloc_usable_size_r
 *(.glue_7)
 .glue_7        0x0800cb42        0x0 linker stubs
 *(.glue_7t)
 .glue_7t       0x0800cb42        0x0 linker stubs
 *(.eh_frame)
 *fill*         0x0800cb42        0x2 
 .eh_frame      0x0800cb44        0x0 c:/program files (x86)/atollic/truestudio for stm32 9.3.0/armtools/bin/../lib/gcc/arm-atollic-eabi/6.3.1/armv7-m/crtbegin.o
 *(.init)
 .init          0x0800cb44        0x4 c:/program files (x86)/atollic/truestudio for stm32 9.3.0/armtools/bin/../lib/gcc/arm-atollic-eabi/6.3.1/armv7-m/crti.o
                0x0800cb44                _init
 .init          0x0800cb48        0x8 c:/program files (x86)/atollic/truestudio for stm32 9.3.0/armtools/bin/../lib/gcc/arm-atollic-eabi/6.3.1/armv7-m/crtn.o
 *(.fini)
 .fini          0x0800cb50        0x4 c:/program files (x86)/atollic/truestudio for stm32 9.3.0/armtools/bin/../lib/gcc/arm-atollic-eabi/6.3.1/armv7-m/crti.o
                0x0800cb50                _fini
 .fini          0x0800cb54        0x8 c:/program files (x86)/atollic/truestudio for stm32 9.3.0/armtools/bin/../lib/gcc/arm-atollic-eabi/6.3.1/armv7-m/crtn.o
                0x0800cb5c                . = ALIGN (0x4)
                0x0800cb5c                _etext = .

.vfp11_veneer   0x0800cb5c        0x0
 .vfp11_veneer  0x0800cb5c        0x0 linker stubs

.v4_bx          0x0800cb5c        0x0
 .v4_bx         0x0800cb5c        0x0 linker stubs

.iplt           0x0800cb5c        0x0
 .iplt          0x0800cb5c        0x0 c:/program files (x86)/atollic/truestudio for stm32 9.3.0/armtools/bin/../lib/gcc/arm-atollic-eabi/6.3.1/armv7-m/crtbegin.o

.rodata         0x0800cb5c      0x1fc
                0x0800cb5c                . = ALIGN (0x4)
 *(.rodata)
 .rodata        0x0800cb5c       0xe0 Core\Src\freertos.o
 .rodata        0x0800cc3c        0x4 Core\Src\usbd_storage_if.o
 .rodata        0x0800cc40       0x12 Drivers\STM32F1xx_HAL_Driver\Src\stm32f1xx_hal_rcc.o
 *fill*         0x0800cc52        0x2 
 .rodata        0x0800cc54        0x1 Middlewares\Third_Party\FreeRTOS\Source\CMSIS_RTOS\cmsis_os.o
 *fill*         0x0800cc55        0x3 
 .rodata        0x0800cc58        0x5 Middlewares\Third_Party\FreeRTOS\Source\tasks.o
 *fill*         0x0800cc5d        0x3 
 .rodata        0x0800cc60        0xd Middlewares\Third_Party\FreeRTOS\Source\timers.o
 *fill*         0x0800cc6d        0x3 
 .rodata        0x0800cc70       0x5d USB_DEVICE\App\usbd_desc.o
 *(.rodata*)
 *fill*         0x0800cccd        0x3 
 .rodata.STORAGE_Inquirydata_FS
                0x0800ccd0       0x24 Core\Src\usbd_storage_if.o
                0x0800ccd0                STORAGE_Inquirydata_FS
 .rodata.AHBPrescTable
                0x0800ccf4       0x10 Drivers\CMSIS\Device\ST\STM32F1xx\Source\Templates\system_stm32f1xx.o
                0x0800ccf4                AHBPrescTable
 .rodata.APBPrescTable
                0x0800cd04        0x8 Drivers\CMSIS\Device\ST\STM32F1xx\Source\Templates\system_stm32f1xx.o
                0x0800cd04                APBPrescTable
 .rodata.MSC_Page00_Inquiry_Data
                0x0800cd0c        0x7 MSC\Src\usbd_msc_data.o
                0x0800cd0c                MSC_Page00_Inquiry_Data
 *fill*         0x0800cd13        0x1 
 .rodata.MSC_Mode_Sense6_data
                0x0800cd14        0x8 MSC\Src\usbd_msc_data.o
                0x0800cd14                MSC_Mode_Sense6_data
 .rodata.MSC_Mode_Sense10_data
                0x0800cd1c        0x8 MSC\Src\usbd_msc_data.o
                0x0800cd1c                MSC_Mode_Sense10_data
 .rodata._svfprintf_r.str1.1
                0x0800cd24       0x11 c:/program files (x86)/atollic/truestudio for stm32 9.3.0/armtools/bin/../lib/gcc/arm-atollic-eabi/6.3.1/../../../../arm-atollic-eabi/lib/armv7-m\libc_nano.a(lib_a-nano-svfprintf.o)
 .rodata._printf_i.str1.1
                0x0800cd35       0x22 c:/program files (x86)/atollic/truestudio for stm32 9.3.0/armtools/bin/../lib/gcc/arm-atollic-eabi/6.3.1/../../../../arm-atollic-eabi/lib/armv7-m\libc_nano.a(lib_a-nano-vfprintf_i.o)
                0x0800cd58                . = ALIGN (0x4)
 *fill*         0x0800cd57        0x1 

.rel.dyn        0x0800cd58        0x0
 .rel.iplt      0x0800cd58        0x0 c:/program files (x86)/atollic/truestudio for stm32 9.3.0/armtools/bin/../lib/gcc/arm-atollic-eabi/6.3.1/armv7-m/crtbegin.o

.ARM.extab
 *(.ARM.extab* .gnu.linkonce.armextab.*)

.ARM            0x0800cd58        0x0
                0x0800cd58                __exidx_start = .
 *(.ARM.exidx*)
                0x0800cd58                __exidx_end = .

.preinit_array  0x0800cd58        0x0
                0x0800cd58                PROVIDE (__preinit_array_start, .)
 *(.preinit_array*)
                0x0800cd58                PROVIDE (__preinit_array_end, .)

.init_array     0x0800cd58        0x4
                0x0800cd58                PROVIDE (__init_array_start, .)
 *(SORT(.init_array.*))
 *(.init_array*)
 .init_array    0x0800cd58        0x4 c:/program files (x86)/atollic/truestudio for stm32 9.3.0/armtools/bin/../lib/gcc/arm-atollic-eabi/6.3.1/armv7-m/crtbegin.o
                0x0800cd5c                PROVIDE (__init_array_end, .)

.fini_array     0x0800cd5c        0x4
                [!provide]                PROVIDE (__fini_array_start, .)
 *(SORT(.fini_array.*))
 *(.fini_array*)
 .fini_array    0x0800cd5c        0x4 c:/program files (x86)/atollic/truestudio for stm32 9.3.0/armtools/bin/../lib/gcc/arm-atollic-eabi/6.3.1/armv7-m/crtbegin.o
                [!provide]                PROVIDE (__fini_array_end, .)
                0x0800cd60                _sidata = LOADADDR (.data)

.data           0x20000000      0x2ec load address 0x0800cd60
                0x20000000                . = ALIGN (0x4)
                0x20000000                _sdata = .
 *(.data)
 *(.data*)
 .data.test_str
                0x20000000        0xc Core\Src\freertos.o
                0x20000000                test_str
 .data.USBD_Storage_Interface_fops_FS
                0x2000000c       0x20 Core\Src\usbd_storage_if.o
                0x2000000c                USBD_Storage_Interface_fops_FS
 .data.SystemCoreClock
                0x2000002c        0x4 Drivers\CMSIS\Device\ST\STM32F1xx\Source\Templates\system_stm32f1xx.o
                0x2000002c                SystemCoreClock
 .data.uwTickPrio
                0x20000030        0x4 Drivers\STM32F1xx_HAL_Driver\Src\stm32f1xx_hal.o
                0x20000030                uwTickPrio
 .data.uwTickFreq
                0x20000034        0x1 Drivers\STM32F1xx_HAL_Driver\Src\stm32f1xx_hal.o
                0x20000034                uwTickFreq
 .data.Stat     0x20000035        0x1 FATFS\Target\user_diskio.o
 *fill*         0x20000036        0x2 
 .data.USER_Driver
                0x20000038       0x14 FATFS\Target\user_diskio.o
                0x20000038                USER_Driver
 .data.USBD_MSC
                0x2000004c       0x38 MSC\Src\usbd_msc.o
                0x2000004c                USBD_MSC
 .data.USBD_MSC_CfgHSDesc
                0x20000084       0x20 MSC\Src\usbd_msc.o
                0x20000084                USBD_MSC_CfgHSDesc
 .data.USBD_MSC_CfgFSDesc
                0x200000a4       0x20 MSC\Src\usbd_msc.o
                0x200000a4                USBD_MSC_CfgFSDesc
 .data.USBD_MSC_OtherSpeedCfgDesc
                0x200000c4       0x20 MSC\Src\usbd_msc.o
                0x200000c4                USBD_MSC_OtherSpeedCfgDesc
 .data.USBD_MSC_DeviceQualifierDesc
                0x200000e4        0xa MSC\Src\usbd_msc.o
                0x200000e4                USBD_MSC_DeviceQualifierDesc
 *fill*         0x200000ee        0x2 
 .data.USBD_CUSTOM_HID
                0x200000f0       0x38 Middlewares\ST\STM32_USB_Device_Library\Class\CustomHID\Src\usbd_customhid.o
                0x200000f0                USBD_CUSTOM_HID
 .data.USBD_CUSTOM_HID_CfgFSDesc
                0x20000128       0x29 Middlewares\ST\STM32_USB_Device_Library\Class\CustomHID\Src\usbd_customhid.o
 *fill*         0x20000151        0x3 
 .data.USBD_CUSTOM_HID_CfgHSDesc
                0x20000154       0x29 Middlewares\ST\STM32_USB_Device_Library\Class\CustomHID\Src\usbd_customhid.o
 *fill*         0x2000017d        0x3 
 .data.USBD_CUSTOM_HID_OtherSpeedCfgDesc
                0x20000180       0x29 Middlewares\ST\STM32_USB_Device_Library\Class\CustomHID\Src\usbd_customhid.o
 *fill*         0x200001a9        0x3 
 .data.USBD_CUSTOM_HID_Desc
                0x200001ac        0x9 Middlewares\ST\STM32_USB_Device_Library\Class\CustomHID\Src\usbd_customhid.o
 *fill*         0x200001b5        0x3 
 .data.USBD_CUSTOM_HID_DeviceQualifierDesc
                0x200001b8        0xa Middlewares\ST\STM32_USB_Device_Library\Class\CustomHID\Src\usbd_customhid.o
 *fill*         0x200001c2        0x2 
 .data.uxCriticalNesting
                0x200001c4        0x4 Middlewares\Third_Party\FreeRTOS\Source\portable\GCC\ARM_CM3\port.o
 .data.CUSTOM_HID_ReportDesc_FS
                0x200001c8       0x5f USB_DEVICE\App\usbd_custom_hid_if.o
 *fill*         0x20000227        0x1 
 .data.USBD_CustomHID_fops_FS
                0x20000228       0x10 USB_DEVICE\App\usbd_custom_hid_if.o
                0x20000228                USBD_CustomHID_fops_FS
 .data.FS_Desc  0x20000238       0x1c USB_DEVICE\App\usbd_desc.o
                0x20000238                FS_Desc
 .data.USBD_FS_DeviceDesc
                0x20000254       0x12 USB_DEVICE\App\usbd_desc.o
                0x20000254                USBD_FS_DeviceDesc
 *fill*         0x20000266        0x2 
 .data.USBD_LangIDDesc
                0x20000268        0x4 USB_DEVICE\App\usbd_desc.o
                0x20000268                USBD_LangIDDesc
 .data.USBD_StringSerial
                0x2000026c       0x1a USB_DEVICE\App\usbd_desc.o
                0x2000026c                USBD_StringSerial
 *fill*         0x20000286        0x2 
 .data._impure_ptr
                0x20000288        0x4 c:/program files (x86)/atollic/truestudio for stm32 9.3.0/armtools/bin/../lib/gcc/arm-atollic-eabi/6.3.1/../../../../arm-atollic-eabi/lib/armv7-m\libc_nano.a(lib_a-impure.o)
                0x20000288                _impure_ptr
 .data.impure_data
                0x2000028c       0x60 c:/program files (x86)/atollic/truestudio for stm32 9.3.0/armtools/bin/../lib/gcc/arm-atollic-eabi/6.3.1/../../../../arm-atollic-eabi/lib/armv7-m\libc_nano.a(lib_a-impure.o)
                0x200002ec                . = ALIGN (0x4)
                0x200002ec                _edata = .

.igot.plt       0x200002ec        0x0 load address 0x0800d04c
 .igot.plt      0x200002ec        0x0 c:/program files (x86)/atollic/truestudio for stm32 9.3.0/armtools/bin/../lib/gcc/arm-atollic-eabi/6.3.1/armv7-m/crtbegin.o
                0x200002ec                . = ALIGN (0x4)

.bss            0x200002ec     0x3664 load address 0x0800d04c
                0x200002ec                _sbss = .
                0x200002ec                __bss_start__ = _sbss
 *(.bss)
 .bss           0x200002ec       0x1c c:/program files (x86)/atollic/truestudio for stm32 9.3.0/armtools/bin/../lib/gcc/arm-atollic-eabi/6.3.1/armv7-m/crtbegin.o
 *(.bss*)
 .bss.hid_usb_init
                0x20000308        0x1 Core\Src\freertos.o
                0x20000308                hid_usb_init
 *fill*         0x20000309        0x3 
 .bss.xIdleTaskTCBBuffer
                0x2000030c       0x54 Core\Src\freertos.o
 .bss.xIdleStack
                0x20000360      0x200 Core\Src\freertos.o
 .bss.xTimerTaskTCBBuffer
                0x20000560       0x54 Core\Src\freertos.o
 .bss.xTimerStack
                0x200005b4      0x400 Core\Src\freertos.o
 .bss.i.9122    0x200009b4        0x2 Core\Src\freertos.o
 *fill*         0x200009b6        0x2 
 .bss.heap_end.5887
                0x200009b8        0x4 Core\Src\syscalls.o
 .bss.st_info   0x200009bc        0x8 Core\Src\usbd_storage_if.o
                0x200009bc                st_info
 .bss.cfgidx.8138
                0x200009c4        0x1 Middlewares\ST\STM32_USB_Device_Library\Core\Src\usbd_ctlreq.o
 *fill*         0x200009c5        0x3 
 .bss.disk      0x200009c8        0xc Middlewares\Third_Party\FatFs\src\ff_gen_drv.o
                0x200009c8                disk
 .bss.ucMaxSysCallPriority
                0x200009d4        0x1 Middlewares\Third_Party\FreeRTOS\Source\portable\GCC\ARM_CM3\port.o
 *fill*         0x200009d5        0x3 
 .bss.ulMaxPRIGROUPValue
                0x200009d8        0x4 Middlewares\Third_Party\FreeRTOS\Source\portable\GCC\ARM_CM3\port.o
 .bss.ucHeap    0x200009dc      0xfa0 Middlewares\Third_Party\FreeRTOS\Source\portable\MemMang\heap_4.o
 .bss.xStart    0x2000197c        0x8 Middlewares\Third_Party\FreeRTOS\Source\portable\MemMang\heap_4.o
 .bss.pxEnd     0x20001984        0x4 Middlewares\Third_Party\FreeRTOS\Source\portable\MemMang\heap_4.o
 .bss.xFreeBytesRemaining
                0x20001988        0x4 Middlewares\Third_Party\FreeRTOS\Source\portable\MemMang\heap_4.o
 .bss.xMinimumEverFreeBytesRemaining
                0x2000198c        0x4 Middlewares\Third_Party\FreeRTOS\Source\portable\MemMang\heap_4.o
 .bss.xBlockAllocatedBit
                0x20001990        0x4 Middlewares\Third_Party\FreeRTOS\Source\portable\MemMang\heap_4.o
 .bss.pxCurrentTCB
                0x20001994        0x4 Middlewares\Third_Party\FreeRTOS\Source\tasks.o
                0x20001994                pxCurrentTCB
 .bss.pxReadyTasksLists
                0x20001998       0x8c Middlewares\Third_Party\FreeRTOS\Source\tasks.o
 .bss.xDelayedTaskList1
                0x20001a24       0x14 Middlewares\Third_Party\FreeRTOS\Source\tasks.o
 .bss.xDelayedTaskList2
                0x20001a38       0x14 Middlewares\Third_Party\FreeRTOS\Source\tasks.o
 .bss.pxDelayedTaskList
                0x20001a4c        0x4 Middlewares\Third_Party\FreeRTOS\Source\tasks.o
 .bss.pxOverflowDelayedTaskList
                0x20001a50        0x4 Middlewares\Third_Party\FreeRTOS\Source\tasks.o
 .bss.xPendingReadyList
                0x20001a54       0x14 Middlewares\Third_Party\FreeRTOS\Source\tasks.o
 .bss.xTasksWaitingTermination
                0x20001a68       0x14 Middlewares\Third_Party\FreeRTOS\Source\tasks.o
 .bss.uxDeletedTasksWaitingCleanUp
                0x20001a7c        0x4 Middlewares\Third_Party\FreeRTOS\Source\tasks.o
 .bss.xSuspendedTaskList
                0x20001a80       0x14 Middlewares\Third_Party\FreeRTOS\Source\tasks.o
 .bss.uxCurrentNumberOfTasks
                0x20001a94        0x4 Middlewares\Third_Party\FreeRTOS\Source\tasks.o
 .bss.xTickCount
                0x20001a98        0x4 Middlewares\Third_Party\FreeRTOS\Source\tasks.o
 .bss.uxTopReadyPriority
                0x20001a9c        0x4 Middlewares\Third_Party\FreeRTOS\Source\tasks.o
 .bss.xSchedulerRunning
                0x20001aa0        0x4 Middlewares\Third_Party\FreeRTOS\Source\tasks.o
 .bss.uxPendedTicks
                0x20001aa4        0x4 Middlewares\Third_Party\FreeRTOS\Source\tasks.o
 .bss.xYieldPending
                0x20001aa8        0x4 Middlewares\Third_Party\FreeRTOS\Source\tasks.o
 .bss.xNumOfOverflows
                0x20001aac        0x4 Middlewares\Third_Party\FreeRTOS\Source\tasks.o
 .bss.uxTaskNumber
                0x20001ab0        0x4 Middlewares\Third_Party\FreeRTOS\Source\tasks.o
 .bss.xNextTaskUnblockTime
                0x20001ab4        0x4 Middlewares\Third_Party\FreeRTOS\Source\tasks.o
 .bss.xIdleTaskHandle
                0x20001ab8        0x4 Middlewares\Third_Party\FreeRTOS\Source\tasks.o
 .bss.uxSchedulerSuspended
                0x20001abc        0x4 Middlewares\Third_Party\FreeRTOS\Source\tasks.o
 .bss.xActiveTimerList1
                0x20001ac0       0x14 Middlewares\Third_Party\FreeRTOS\Source\timers.o
 .bss.xActiveTimerList2
                0x20001ad4       0x14 Middlewares\Third_Party\FreeRTOS\Source\timers.o
 .bss.pxCurrentTimerList
                0x20001ae8        0x4 Middlewares\Third_Party\FreeRTOS\Source\timers.o
 .bss.pxOverflowTimerList
                0x20001aec        0x4 Middlewares\Third_Party\FreeRTOS\Source\timers.o
 .bss.xTimerQueue
                0x20001af0        0x4 Middlewares\Third_Party\FreeRTOS\Source\timers.o
 .bss.xTimerTaskHandle
                0x20001af4        0x4 Middlewares\Third_Party\FreeRTOS\Source\timers.o
 .bss.xLastTime.5453
                0x20001af8        0x4 Middlewares\Third_Party\FreeRTOS\Source\timers.o
 .bss.ucStaticTimerQueueStorage.5502
                0x20001afc       0x78 Middlewares\Third_Party\FreeRTOS\Source\timers.o
 .bss.xStaticTimerQueue.5501
                0x20001b74       0x48 Middlewares\Third_Party\FreeRTOS\Source\timers.o
 .bss.mem.8191  0x20001bbc       0x1c USB_DEVICE\Target\usbd_conf.o
 .bss.__malloc_free_list
                0x20001bd8        0x4 c:/program files (x86)/atollic/truestudio for stm32 9.3.0/armtools/bin/../lib/gcc/arm-atollic-eabi/6.3.1/../../../../arm-atollic-eabi/lib/armv7-m\libc_nano.a(lib_a-nano-mallocr.o)
                0x20001bd8                __malloc_free_list
 .bss.__malloc_sbrk_start
                0x20001bdc        0x4 c:/program files (x86)/atollic/truestudio for stm32 9.3.0/armtools/bin/../lib/gcc/arm-atollic-eabi/6.3.1/../../../../arm-atollic-eabi/lib/armv7-m\libc_nano.a(lib_a-nano-mallocr.o)
                0x20001bdc                __malloc_sbrk_start
 *(COMMON)
 COMMON         0x20001be0        0x8 Core\Src\crc.o
                0x20001be0                hcrc
 COMMON         0x20001be8       0x54 Core\Src\freertos.o
                0x20001be8                defaultTaskHandle
                0x20001bec                periodic_click_event_tmrHandle
                0x20001bf0                hid_entry_tmr_handle_arr
                0x20001c18                Hid_QueueHandle
                0x20001c1c                Hid_TaskHandle
                0x20001c20                delay_click_event_tmrHandle
                0x20001c24                Buttons_Off_Tmr_Handle
                0x20001c28                Ram_MSD_TaskHandle
                0x20001c2c                Ram_MSD_MutexHandle
                0x20001c30                Mouse_TaskHandle
                0x20001c34                Usb_TaskHandle
                0x20001c38                Usb_QueueHandle
 COMMON         0x20001c3c       0x22 Core\Src\hid_state.o
                0x20001c3c                hid_state
 *fill*         0x20001c5e        0x2 
 COMMON         0x20001c60       0x48 Core\Src\stm32f1xx_hal_timebase_tim.o
                0x20001c60                htim4
 COMMON         0x20001ca8       0x48 Core\Src\tim.o
                0x20001ca8                htim1
 COMMON         0x20001cf0     0x1000 Core\Src\usbd_storage_if.o
                0x20001cf0                ram_msd
 COMMON         0x20002cf0        0x4 Drivers\STM32F1xx_HAL_Driver\Src\stm32f1xx_hal.o
                0x20002cf0                uwTick
 COMMON         0x20002cf4      0x468 FATFS\App\fatfs.o
                0x20002cf4                USERPath
                0x20002cf8                retUSER
                0x20002cfc                USERFile
                0x20002f28                USERFatFS
 COMMON         0x2000315c       0x40 Middlewares\Third_Party\FreeRTOS\Source\queue.o
                0x2000315c                xQueueRegistry
 COMMON         0x2000319c      0x2c4 USB_DEVICE\App\usb_device.o
                0x2000319c                hUsbDeviceFS
 COMMON         0x20003460      0x200 USB_DEVICE\App\usbd_desc.o
                0x20003460                USBD_StrDesc
 COMMON         0x20003660      0x2ec USB_DEVICE\Target\usbd_conf.o
                0x20003660                hpcd_USB_FS
 COMMON         0x2000394c        0x4 c:/program files (x86)/atollic/truestudio for stm32 9.3.0/armtools/bin/../lib/gcc/arm-atollic-eabi/6.3.1/../../../../arm-atollic-eabi/lib/armv7-m\libc_nano.a(lib_a-reent.o)
                0x2000394c                errno
                0x20003950                . = ALIGN (0x4)
                0x20003950                _ebss = .
                0x20003950                __bss_end__ = _ebss

._user_heap_stack
                0x20003950      0x600 load address 0x0800d04c
                0x20003950                . = ALIGN (0x4)
                0x20003950                PROVIDE (end, .)
                [!provide]                PROVIDE (_end, .)
                0x20003b50                . = (. + _Min_Heap_Size)
 *fill*         0x20003950      0x200 
                0x20003f50                . = (. + _Min_Stack_Size)
 *fill*         0x20003b50      0x400 
                0x20003f50                . = ALIGN (0x4)

/DISCARD/
 libc.a(*)
 libm.a(*)
 libgcc.a(*)

.ARM.attributes
                0x00000000       0x29
 *(.ARM.attributes)
 .ARM.attributes
                0x00000000       0x1d c:/program files (x86)/atollic/truestudio for stm32 9.3.0/armtools/bin/../lib/gcc/arm-atollic-eabi/6.3.1/armv7-m/crti.o
 .ARM.attributes
                0x0000001d       0x2d c:/program files (x86)/atollic/truestudio for stm32 9.3.0/armtools/bin/../lib/gcc/arm-atollic-eabi/6.3.1/armv7-m/crtbegin.o
 .ARM.attributes
                0x0000004a       0x33 Core\Src\crc.o
 .ARM.attributes
                0x0000007d       0x33 Core\Src\freertos.o
 .ARM.attributes
                0x000000b0       0x33 Core\Src\gpio.o
 .ARM.attributes
                0x000000e3       0x33 Core\Src\hid_state.o
 .ARM.attributes
                0x00000116       0x33 Core\Src\main.o
 .ARM.attributes
                0x00000149       0x33 Core\Src\stm32f1xx_hal_msp.o
 .ARM.attributes
                0x0000017c       0x33 Core\Src\stm32f1xx_hal_timebase_tim.o
 .ARM.attributes
                0x000001af       0x33 Core\Src\stm32f1xx_it.o
 .ARM.attributes
                0x000001e2       0x33 Core\Src\syscalls.o
 .ARM.attributes
                0x00000215       0x33 Core\Src\tim.o
 .ARM.attributes
                0x00000248       0x33 Core\Src\usbd_storage_if.o
 .ARM.attributes
                0x0000027b       0x33 Drivers\CMSIS\Device\ST\STM32F1xx\Source\Templates\system_stm32f1xx.o
 .ARM.attributes
                0x000002ae       0x33 Drivers\STM32F1xx_HAL_Driver\Src\stm32f1xx_hal.o
 .ARM.attributes
                0x000002e1       0x33 Drivers\STM32F1xx_HAL_Driver\Src\stm32f1xx_hal_cortex.o
 .ARM.attributes
                0x00000314       0x33 Drivers\STM32F1xx_HAL_Driver\Src\stm32f1xx_hal_crc.o
 .ARM.attributes
                0x00000347       0x33 Drivers\STM32F1xx_HAL_Driver\Src\stm32f1xx_hal_gpio.o
 .ARM.attributes
                0x0000037a       0x33 Drivers\STM32F1xx_HAL_Driver\Src\stm32f1xx_hal_pcd.o
 .ARM.attributes
                0x000003ad       0x33 Drivers\STM32F1xx_HAL_Driver\Src\stm32f1xx_hal_pcd_ex.o
 .ARM.attributes
                0x000003e0       0x33 Drivers\STM32F1xx_HAL_Driver\Src\stm32f1xx_hal_rcc.o
 .ARM.attributes
                0x00000413       0x33 Drivers\STM32F1xx_HAL_Driver\Src\stm32f1xx_hal_rcc_ex.o
 .ARM.attributes
                0x00000446       0x33 Drivers\STM32F1xx_HAL_Driver\Src\stm32f1xx_hal_tim.o
 .ARM.attributes
                0x00000479       0x33 Drivers\STM32F1xx_HAL_Driver\Src\stm32f1xx_hal_tim_ex.o
 .ARM.attributes
                0x000004ac       0x33 Drivers\STM32F1xx_HAL_Driver\Src\stm32f1xx_ll_usb.o
 .ARM.attributes
                0x000004df       0x33 FATFS\App\fatfs.o
 .ARM.attributes
                0x00000512       0x33 FATFS\Target\user_diskio.o
 .ARM.attributes
                0x00000545       0x33 MSC\Src\usbd_msc.o
 .ARM.attributes
                0x00000578       0x33 MSC\Src\usbd_msc_bot.o
 .ARM.attributes
                0x000005ab       0x33 MSC\Src\usbd_msc_data.o
 .ARM.attributes
                0x000005de       0x33 MSC\Src\usbd_msc_scsi.o
 .ARM.attributes
                0x00000611       0x33 Middlewares\ST\STM32_USB_Device_Library\Class\CustomHID\Src\usbd_customhid.o
 .ARM.attributes
                0x00000644       0x33 Middlewares\ST\STM32_USB_Device_Library\Core\Src\usbd_core.o
 .ARM.attributes
                0x00000677       0x33 Middlewares\ST\STM32_USB_Device_Library\Core\Src\usbd_ctlreq.o
 .ARM.attributes
                0x000006aa       0x33 Middlewares\ST\STM32_USB_Device_Library\Core\Src\usbd_ioreq.o
 .ARM.attributes
                0x000006dd       0x33 Middlewares\Third_Party\FatFs\src\ff_gen_drv.o
 .ARM.attributes
                0x00000710       0x33 Middlewares\Third_Party\FreeRTOS\Source\CMSIS_RTOS\cmsis_os.o
 .ARM.attributes
                0x00000743       0x33 Middlewares\Third_Party\FreeRTOS\Source\list.o
 .ARM.attributes
                0x00000776       0x33 Middlewares\Third_Party\FreeRTOS\Source\portable\GCC\ARM_CM3\port.o
 .ARM.attributes
                0x000007a9       0x33 Middlewares\Third_Party\FreeRTOS\Source\portable\MemMang\heap_4.o
 .ARM.attributes
                0x000007dc       0x33 Middlewares\Third_Party\FreeRTOS\Source\queue.o
 .ARM.attributes
                0x0000080f       0x33 Middlewares\Third_Party\FreeRTOS\Source\tasks.o
 .ARM.attributes
                0x00000842       0x33 Middlewares\Third_Party\FreeRTOS\Source\timers.o
 .ARM.attributes
                0x00000875       0x33 USB_DEVICE\App\usb_device.o
 .ARM.attributes
                0x000008a8       0x33 USB_DEVICE\App\usbd_custom_hid_if.o
 .ARM.attributes
                0x000008db       0x33 USB_DEVICE\App\usbd_desc.o
 .ARM.attributes
                0x0000090e       0x33 USB_DEVICE\Target\usbd_conf.o
 .ARM.attributes
                0x00000941       0x21 startup\startup_stm32f103xb.o
 .ARM.attributes
                0x00000962       0x2d c:/program files (x86)/atollic/truestudio for stm32 9.3.0/armtools/bin/../lib/gcc/arm-atollic-eabi/6.3.1/../../../../arm-atollic-eabi/lib/armv7-m\libc_nano.a(lib_a-errno.o)
 .ARM.attributes
                0x0000098f       0x2d c:/program files (x86)/atollic/truestudio for stm32 9.3.0/armtools/bin/../lib/gcc/arm-atollic-eabi/6.3.1/../../../../arm-atollic-eabi/lib/armv7-m\libc_nano.a(lib_a-impure.o)
 .ARM.attributes
                0x000009bc       0x2d c:/program files (x86)/atollic/truestudio for stm32 9.3.0/armtools/bin/../lib/gcc/arm-atollic-eabi/6.3.1/../../../../arm-atollic-eabi/lib/armv7-m\libc_nano.a(lib_a-init.o)
 .ARM.attributes
                0x000009e9       0x2d c:/program files (x86)/atollic/truestudio for stm32 9.3.0/armtools/bin/../lib/gcc/arm-atollic-eabi/6.3.1/../../../../arm-atollic-eabi/lib/armv7-m\libc_nano.a(lib_a-memcpy-stub.o)
 .ARM.attributes
                0x00000a16       0x2d c:/program files (x86)/atollic/truestudio for stm32 9.3.0/armtools/bin/../lib/gcc/arm-atollic-eabi/6.3.1/../../../../arm-atollic-eabi/lib/armv7-m\libc_nano.a(lib_a-memset.o)
 .ARM.attributes
                0x00000a43       0x2d c:/program files (x86)/atollic/truestudio for stm32 9.3.0/armtools/bin/../lib/gcc/arm-atollic-eabi/6.3.1/../../../../arm-atollic-eabi/lib/armv7-m\libc_nano.a(lib_a-sprintf.o)
 .ARM.attributes
                0x00000a70       0x2d c:/program files (x86)/atollic/truestudio for stm32 9.3.0/armtools/bin/../lib/gcc/arm-atollic-eabi/6.3.1/../../../../arm-atollic-eabi/lib/armv7-m\libc_nano.a(lib_a-nano-svfprintf.o)
 .ARM.attributes
                0x00000a9d       0x2d c:/program files (x86)/atollic/truestudio for stm32 9.3.0/armtools/bin/../lib/gcc/arm-atollic-eabi/6.3.1/../../../../arm-atollic-eabi/lib/armv7-m\libc_nano.a(lib_a-nano-vfprintf_i.o)
 .ARM.attributes
                0x00000aca       0x2d c:/program files (x86)/atollic/truestudio for stm32 9.3.0/armtools/bin/../lib/gcc/arm-atollic-eabi/6.3.1/../../../../arm-atollic-eabi/lib/armv7-m\libc_nano.a(lib_a-memchr-stub.o)
 .ARM.attributes
                0x00000af7       0x2d c:/program files (x86)/atollic/truestudio for stm32 9.3.0/armtools/bin/../lib/gcc/arm-atollic-eabi/6.3.1/../../../../arm-atollic-eabi/lib/armv7-m\libc_nano.a(lib_a-memmove.o)
 .ARM.attributes
                0x00000b24       0x2d c:/program files (x86)/atollic/truestudio for stm32 9.3.0/armtools/bin/../lib/gcc/arm-atollic-eabi/6.3.1/../../../../arm-atollic-eabi/lib/armv7-m\libc_nano.a(lib_a-nano-freer.o)
 .ARM.attributes
                0x00000b51       0x2d c:/program files (x86)/atollic/truestudio for stm32 9.3.0/armtools/bin/../lib/gcc/arm-atollic-eabi/6.3.1/../../../../arm-atollic-eabi/lib/armv7-m\libc_nano.a(lib_a-nano-mallocr.o)
 .ARM.attributes
                0x00000b7e       0x2d c:/program files (x86)/atollic/truestudio for stm32 9.3.0/armtools/bin/../lib/gcc/arm-atollic-eabi/6.3.1/../../../../arm-atollic-eabi/lib/armv7-m\libc_nano.a(lib_a-nano-reallocr.o)
 .ARM.attributes
                0x00000bab       0x2d c:/program files (x86)/atollic/truestudio for stm32 9.3.0/armtools/bin/../lib/gcc/arm-atollic-eabi/6.3.1/../../../../arm-atollic-eabi/lib/armv7-m\libc_nano.a(lib_a-sbrkr.o)
 .ARM.attributes
                0x00000bd8       0x2d c:/program files (x86)/atollic/truestudio for stm32 9.3.0/armtools/bin/../lib/gcc/arm-atollic-eabi/6.3.1/../../../../arm-atollic-eabi/lib/armv7-m\libc_nano.a(lib_a-mlock.o)
 .ARM.attributes
                0x00000c05       0x2d c:/program files (x86)/atollic/truestudio for stm32 9.3.0/armtools/bin/../lib/gcc/arm-atollic-eabi/6.3.1/../../../../arm-atollic-eabi/lib/armv7-m\libc_nano.a(lib_a-nano-msizer.o)
 .ARM.attributes
                0x00000c32       0x2d c:/program files (x86)/atollic/truestudio for stm32 9.3.0/armtools/bin/../lib/gcc/arm-atollic-eabi/6.3.1/../../../../arm-atollic-eabi/lib/armv7-m\libc_nano.a(lib_a-reent.o)
 .ARM.attributes
                0x00000c5f       0x1d c:/program files (x86)/atollic/truestudio for stm32 9.3.0/armtools/bin/../lib/gcc/arm-atollic-eabi/6.3.1/armv7-m/crtn.o
OUTPUT(hidbot.elf elf32-littlearm)

.debug_info     0x00000000    0x29d08
 .debug_info    0x00000000      0x3cb Core\Src\crc.o
 .debug_info    0x000003cb     0x1b86 Core\Src\freertos.o
 .debug_info    0x00001f51      0x345 Core\Src\gpio.o
 .debug_info    0x00002296      0x2a0 Core\Src\hid_state.o
 .debug_info    0x00002536     0x15ae Core\Src\main.o
 .debug_info    0x00003ae4      0x41d Core\Src\stm32f1xx_hal_msp.o
 .debug_info    0x00003f01      0x98d Core\Src\stm32f1xx_hal_timebase_tim.o
 .debug_info    0x0000488e      0xb81 Core\Src\stm32f1xx_it.o